# Logfile created on 2012-04-05 22:17:06 +0200 by logger.rb/25413
I, [2012-04-05T22:17:06.992141 #53023]  INFO -- : delete http://172.20.10.2:9200/_all
D, [2012-04-05T22:17:06.992334 #53023] DEBUG -- request: 
I, [2012-04-05T22:17:07.915721 #53023]  INFO -- Status: 200
D, [2012-04-05T22:17:07.915888 #53023] DEBUG -- response: content-type: "application/json; charset=UTF-8"
content-length: "31"
I, [2012-04-05T22:17:07.969907 #53023]  INFO -- : put http://172.20.10.2:9200/_bulk?index=default
D, [2012-04-05T22:17:07.970063 #53023] DEBUG -- request: 
I, [2012-04-05T22:17:08.352979 #53023]  INFO -- Status: 200
D, [2012-04-05T22:17:08.353165 #53023] DEBUG -- response: content-type: "application/json; charset=UTF-8"
content-length: "40914"
I, [2012-04-05T22:17:08.359103 #53023]  INFO -- : put http://172.20.10.2:9200/for_deletion
D, [2012-04-05T22:17:08.359266 #53023] DEBUG -- request: 
I, [2012-04-05T22:17:08.494467 #53023]  INFO -- Status: 200
D, [2012-04-05T22:17:08.494631 #53023] DEBUG -- response: content-type: "application/json; charset=UTF-8"
content-length: "31"
I, [2012-04-05T22:17:08.496444 #53023]  INFO -- : delete http://172.20.10.2:9200/for_creation
D, [2012-04-05T22:17:08.496552 #53023] DEBUG -- request: 
I, [2012-04-05T22:17:08.503242 #53023]  INFO -- Status: 404
D, [2012-04-05T22:17:08.503421 #53023] DEBUG -- response: content-type: "application/json; charset=UTF-8"
content-length: "70"
I, [2012-04-05T22:17:08.505341 #53023]  INFO -- : delete http://172.20.10.2:9200/for_creation_with_settings_and_mappings
D, [2012-04-05T22:17:08.505465 #53023] DEBUG -- request: 
I, [2012-04-05T22:17:08.508770 #53023]  INFO -- Status: 404
D, [2012-04-05T22:17:08.508971 #53023] DEBUG -- response: content-type: "application/json; charset=UTF-8"
content-length: "97"
I, [2012-04-05T22:17:08.510201 #53023]  INFO -- : delete http://172.20.10.2:9200/abc
D, [2012-04-05T22:17:08.510293 #53023] DEBUG -- request: 
I, [2012-04-05T22:17:08.513705 #53023]  INFO -- Status: 404
D, [2012-04-05T22:17:08.513874 #53023] DEBUG -- response: content-type: "application/json; charset=UTF-8"
content-length: "61"
I, [2012-04-05T22:17:08.515531 #53023]  INFO -- : delete http://172.20.10.2:9200/def
D, [2012-04-05T22:17:08.515639 #53023] DEBUG -- request: 
I, [2012-04-05T22:17:08.521073 #53023]  INFO -- Status: 404
D, [2012-04-05T22:17:08.521234 #53023] DEBUG -- response: content-type: "application/json; charset=UTF-8"
content-length: "61"
I, [2012-04-05T22:17:08.522880 #53023]  INFO -- : post http://172.20.10.2:9200/for_closing/_open
D, [2012-04-05T22:17:08.522980 #53023] DEBUG -- request: 
I, [2012-04-05T22:17:08.527159 #53023]  INFO -- Status: 404
D, [2012-04-05T22:17:08.527315 #53023] DEBUG -- response: content-type: "application/json; charset=UTF-8"
content-length: "69"
I, [2012-04-05T22:17:08.528913 #53023]  INFO -- : delete http://172.20.10.2:9200/for_closing
D, [2012-04-05T22:17:08.529014 #53023] DEBUG -- request: 
I, [2012-04-05T22:17:08.535776 #53023]  INFO -- Status: 404
D, [2012-04-05T22:17:08.535912 #53023] DEBUG -- response: content-type: "application/json; charset=UTF-8"
content-length: "69"
I, [2012-04-05T22:17:08.537556 #53023]  INFO -- : delete http://172.20.10.2:9200/for_reopening
D, [2012-04-05T22:17:08.537658 #53023] DEBUG -- request: 
I, [2012-04-05T22:17:08.539968 #53023]  INFO -- Status: 404
D, [2012-04-05T22:17:08.540089 #53023] DEBUG -- response: content-type: "application/json; charset=UTF-8"
content-length: "71"
I, [2012-04-05T22:17:08.541471 #53023]  INFO -- : delete http://172.20.10.2:9200/mappings
D, [2012-04-05T22:17:08.541559 #53023] DEBUG -- request: 
I, [2012-04-05T22:17:08.544014 #53023]  INFO -- Status: 404
D, [2012-04-05T22:17:08.544155 #53023] DEBUG -- response: content-type: "application/json; charset=UTF-8"
content-length: "66"
I, [2012-04-05T22:17:08.553809 #53023]  INFO -- : get http://172.20.10.2:9200/_cluster/health/default
D, [2012-04-05T22:17:08.553944 #53023] DEBUG -- request: 
I, [2012-04-05T22:17:08.561637 #53023]  INFO -- Status: 200
D, [2012-04-05T22:17:08.561813 #53023] DEBUG -- response: content-type: "application/json; charset=UTF-8"
content-length: "225"
I, [2012-04-05T22:17:08.563762 #53023]  INFO -- : get http://172.20.10.2:9200/_cluster/state?indices%5B0%5D=default
D, [2012-04-05T22:17:08.563877 #53023] DEBUG -- request: 
I, [2012-04-05T22:17:08.570346 #53023]  INFO -- Status: 200
D, [2012-04-05T22:17:08.570520 #53023] DEBUG -- response: content-type: "application/json; charset=UTF-8"
content-length: "5340"
I, [2012-04-05T22:17:08.572551 #53023]  INFO -- : get http://172.20.10.2:9200/_cluster/state?filter_metadata&indices%5B0%5D=default
D, [2012-04-05T22:17:08.572654 #53023] DEBUG -- request: 
I, [2012-04-05T22:17:08.575492 #53023]  INFO -- Status: 200
D, [2012-04-05T22:17:08.575648 #53023] DEBUG -- response: content-type: "application/json; charset=UTF-8"
content-length: "4929"
I, [2012-04-05T22:17:08.578055 #53023]  INFO -- : get http://172.20.10.2:9200/_cluster/nodes/?index=default
D, [2012-04-05T22:17:08.578191 #53023] DEBUG -- request: 
I, [2012-04-05T22:17:08.582860 #53023]  INFO -- Status: 200
D, [2012-04-05T22:17:08.583037 #53023] DEBUG -- response: content-type: "application/json; charset=UTF-8"
content-length: "233"
I, [2012-04-05T22:17:08.585823 #53023]  INFO -- : get http://172.20.10.2:9200/_cluster/nodes/non_existant_node?index=default
D, [2012-04-05T22:17:08.585977 #53023] DEBUG -- request: 
I, [2012-04-05T22:17:09.464946 #53023]  INFO -- Status: 200
D, [2012-04-05T22:17:09.465138 #53023] DEBUG -- response: content-type: "application/json; charset=UTF-8"
content-length: "53"
I, [2012-04-05T22:17:09.467313 #53023]  INFO -- : get http://172.20.10.2:9200/_cluster/nodes/stats?index=default
D, [2012-04-05T22:17:09.467395 #53023] DEBUG -- request: 
I, [2012-04-05T22:17:09.477643 #53023]  INFO -- Status: 200
D, [2012-04-05T22:17:09.477787 #53023] DEBUG -- response: content-type: "application/json; charset=UTF-8"
content-length: "1299"
I, [2012-04-05T22:17:42.001500 #53065]  INFO -- : delete http://172.20.10.2:9200/_all
D, [2012-04-05T22:17:42.001734 #53065] DEBUG -- request: 
I, [2012-04-05T22:17:42.532592 #53065]  INFO -- Status: 200
D, [2012-04-05T22:17:42.532725 #53065] DEBUG -- response: content-type: "application/json; charset=UTF-8"
content-length: "31"
I, [2012-04-05T22:17:42.578651 #53065]  INFO -- : put http://172.20.10.2:9200/_bulk?index=default
D, [2012-04-05T22:17:42.578811 #53065] DEBUG -- request: 
I, [2012-04-05T22:17:42.885903 #53065]  INFO -- Status: 200
D, [2012-04-05T22:17:42.886073 #53065] DEBUG -- response: content-type: "application/json; charset=UTF-8"
content-length: "40914"
I, [2012-04-05T22:17:42.891591 #53065]  INFO -- : put http://172.20.10.2:9200/for_deletion
D, [2012-04-05T22:17:42.891738 #53065] DEBUG -- request: 
I, [2012-04-05T22:17:43.030228 #53065]  INFO -- Status: 200
D, [2012-04-05T22:17:43.030413 #53065] DEBUG -- response: content-type: "application/json; charset=UTF-8"
content-length: "31"
I, [2012-04-05T22:17:43.032185 #53065]  INFO -- : delete http://172.20.10.2:9200/for_creation
D, [2012-04-05T22:17:43.032333 #53065] DEBUG -- request: 
I, [2012-04-05T22:17:43.042010 #53065]  INFO -- Status: 404
D, [2012-04-05T22:17:43.042187 #53065] DEBUG -- response: content-type: "application/json; charset=UTF-8"
content-length: "70"
I, [2012-04-05T22:17:43.044098 #53065]  INFO -- : delete http://172.20.10.2:9200/for_creation_with_settings_and_mappings
D, [2012-04-05T22:17:43.044203 #53065] DEBUG -- request: 
I, [2012-04-05T22:17:43.048371 #53065]  INFO -- Status: 404
D, [2012-04-05T22:17:43.048548 #53065] DEBUG -- response: content-type: "application/json; charset=UTF-8"
content-length: "97"
I, [2012-04-05T22:17:43.050235 #53065]  INFO -- : delete http://172.20.10.2:9200/abc
D, [2012-04-05T22:17:43.050368 #53065] DEBUG -- request: 
I, [2012-04-05T22:17:43.063083 #53065]  INFO -- Status: 404
D, [2012-04-05T22:17:43.063269 #53065] DEBUG -- response: content-type: "application/json; charset=UTF-8"
content-length: "61"
I, [2012-04-05T22:17:43.064896 #53065]  INFO -- : delete http://172.20.10.2:9200/def
D, [2012-04-05T22:17:43.064991 #53065] DEBUG -- request: 
I, [2012-04-05T22:17:43.067826 #53065]  INFO -- Status: 404
D, [2012-04-05T22:17:43.068065 #53065] DEBUG -- response: content-type: "application/json; charset=UTF-8"
content-length: "61"
I, [2012-04-05T22:17:43.069766 #53065]  INFO -- : post http://172.20.10.2:9200/for_closing/_open
D, [2012-04-05T22:17:43.069891 #53065] DEBUG -- request: 
I, [2012-04-05T22:17:43.076512 #53065]  INFO -- Status: 404
D, [2012-04-05T22:17:43.076681 #53065] DEBUG -- response: content-type: "application/json; charset=UTF-8"
content-length: "69"
I, [2012-04-05T22:17:43.079486 #53065]  INFO -- : delete http://172.20.10.2:9200/for_closing
D, [2012-04-05T22:17:43.079629 #53065] DEBUG -- request: 
I, [2012-04-05T22:17:43.082574 #53065]  INFO -- Status: 404
D, [2012-04-05T22:17:43.082703 #53065] DEBUG -- response: content-type: "application/json; charset=UTF-8"
content-length: "69"
I, [2012-04-05T22:17:43.084106 #53065]  INFO -- : delete http://172.20.10.2:9200/for_reopening
D, [2012-04-05T22:17:43.084176 #53065] DEBUG -- request: 
I, [2012-04-05T22:17:43.086901 #53065]  INFO -- Status: 404
D, [2012-04-05T22:17:43.087057 #53065] DEBUG -- response: content-type: "application/json; charset=UTF-8"
content-length: "71"
I, [2012-04-05T22:17:43.088677 #53065]  INFO -- : delete http://172.20.10.2:9200/mappings
D, [2012-04-05T22:17:43.088794 #53065] DEBUG -- request: 
I, [2012-04-05T22:17:43.091109 #53065]  INFO -- Status: 404
D, [2012-04-05T22:17:43.091239 #53065] DEBUG -- response: content-type: "application/json; charset=UTF-8"
content-length: "66"
I, [2012-04-05T22:17:43.100306 #53065]  INFO -- : get http://172.20.10.2:9200/_cluster/health/default
D, [2012-04-05T22:17:43.100403 #53065] DEBUG -- request: 
I, [2012-04-05T22:17:43.106542 #53065]  INFO -- Status: 200
D, [2012-04-05T22:17:43.106671 #53065] DEBUG -- response: content-type: "application/json; charset=UTF-8"
content-length: "225"
I, [2012-04-05T22:17:43.108191 #53065]  INFO -- : get http://172.20.10.2:9200/_cluster/state?indices%5B0%5D=default
D, [2012-04-05T22:17:43.108248 #53065] DEBUG -- request: 
I, [2012-04-05T22:17:43.113087 #53065]  INFO -- Status: 200
D, [2012-04-05T22:17:43.113248 #53065] DEBUG -- response: content-type: "application/json; charset=UTF-8"
content-length: "5345"
I, [2012-04-05T22:17:43.114889 #53065]  INFO -- : get http://172.20.10.2:9200/_cluster/state?filter_metadata&indices%5B0%5D=default
D, [2012-04-05T22:17:43.114946 #53065] DEBUG -- request: 
I, [2012-04-05T22:17:43.117327 #53065]  INFO -- Status: 200
D, [2012-04-05T22:17:43.117440 #53065] DEBUG -- response: content-type: "application/json; charset=UTF-8"
content-length: "4934"
I, [2012-04-05T22:17:43.119188 #53065]  INFO -- : get http://172.20.10.2:9200/_cluster/nodes/?index=default
D, [2012-04-05T22:17:43.119245 #53065] DEBUG -- request: 
I, [2012-04-05T22:17:43.122670 #53065]  INFO -- Status: 200
D, [2012-04-05T22:17:43.122816 #53065] DEBUG -- response: content-type: "application/json; charset=UTF-8"
content-length: "238"
I, [2012-04-05T22:17:43.124661 #53065]  INFO -- : get http://172.20.10.2:9200/_cluster/nodes/non_existant_node?index=default
D, [2012-04-05T22:17:43.124733 #53065] DEBUG -- request: 
I, [2012-04-05T22:17:43.128725 #53065]  INFO -- Status: 200
D, [2012-04-05T22:17:43.128831 #53065] DEBUG -- response: content-type: "application/json; charset=UTF-8"
content-length: "53"
I, [2012-04-05T22:17:43.130275 #53065]  INFO -- : get http://172.20.10.2:9200/_cluster/nodes/stats?index=default
D, [2012-04-05T22:17:43.130327 #53065] DEBUG -- request: 
I, [2012-04-05T22:17:43.138913 #53065]  INFO -- Status: 200
D, [2012-04-05T22:17:43.139076 #53065] DEBUG -- response: content-type: "application/json; charset=UTF-8"
content-length: "1295"
I, [2012-04-05T22:17:43.140946 #53065]  INFO -- : put http://172.20.10.2:9200/default/bar/600
D, [2012-04-05T22:17:43.141005 #53065] DEBUG -- request: 
I, [2012-04-05T22:17:43.147939 #53065]  INFO -- Status: 201
D, [2012-04-05T22:17:43.148060 #53065] DEBUG -- response: content-type: "application/json; charset=UTF-8"
content-length: "69"
I, [2012-04-05T22:17:43.149961 #53065]  INFO -- : put http://172.20.10.2:9200/default/bar/600
D, [2012-04-05T22:17:43.150051 #53065] DEBUG -- request: 
I, [2012-04-05T22:17:43.152220 #53065]  INFO -- Status: 200
D, [2012-04-05T22:17:43.152312 #53065] DEBUG -- response: content-type: "application/json; charset=UTF-8"
content-length: "69"
I, [2012-04-05T22:17:43.153689 #53065]  INFO -- : get http://172.20.10.2:9200/default/bar/600
D, [2012-04-05T22:17:43.153738 #53065] DEBUG -- request: 
I, [2012-04-05T22:17:43.159782 #53065]  INFO -- Status: 200
D, [2012-04-05T22:17:43.160001 #53065] DEBUG -- response: content-type: "application/json; charset=UTF-8"
content-length: "101"
I, [2012-04-05T22:17:43.161715 #53065]  INFO -- : put http://172.20.10.2:9200/default/bar/600
D, [2012-04-05T22:17:43.161771 #53065] DEBUG -- request: 
I, [2012-04-05T22:17:43.164115 #53065]  INFO -- Status: 200
D, [2012-04-05T22:17:43.164231 #53065] DEBUG -- response: content-type: "application/json; charset=UTF-8"
content-length: "69"
I, [2012-04-05T22:17:43.165391 #53065]  INFO -- : delete http://172.20.10.2:9200/default/bar/600
D, [2012-04-05T22:17:43.165442 #53065] DEBUG -- request: 
I, [2012-04-05T22:17:43.168941 #53065]  INFO -- Status: 200
D, [2012-04-05T22:17:43.169061 #53065] DEBUG -- response: content-type: "application/json; charset=UTF-8"
content-length: "82"
I, [2012-04-05T22:17:43.170415 #53065]  INFO -- : put http://172.20.10.2:9200/test
D, [2012-04-05T22:17:43.170472 #53065] DEBUG -- request: 
I, [2012-04-05T22:17:43.299576 #53065]  INFO -- Status: 200
D, [2012-04-05T22:17:43.299737 #53065] DEBUG -- response: content-type: "application/json; charset=UTF-8"
content-length: "31"
I, [2012-04-05T22:17:43.301710 #53065]  INFO -- : put http://172.20.10.2:9200/_percolator/test/kuku
D, [2012-04-05T22:17:43.301822 #53065] DEBUG -- request: 
I, [2012-04-05T22:17:43.446438 #53065]  INFO -- Status: 201
D, [2012-04-05T22:17:43.446612 #53065] DEBUG -- response: content-type: "application/json; charset=UTF-8"
content-length: "75"
I, [2012-04-05T22:17:43.449568 #53065]  INFO -- : post http://172.20.10.2:9200/default/_refresh
D, [2012-04-05T22:17:43.449723 #53065] DEBUG -- request: 
I, [2012-04-05T22:17:43.544920 #53065]  INFO -- Status: 200
D, [2012-04-05T22:17:43.545101 #53065] DEBUG -- response: content-type: "application/json; charset=UTF-8"
content-length: "60"
I, [2012-04-05T22:17:43.547243 #53065]  INFO -- : post http://172.20.10.2:9200/test/type1/_percolate
D, [2012-04-05T22:17:43.547353 #53065] DEBUG -- request: 
I, [2012-04-05T22:17:43.564256 #53065]  INFO -- Status: 200
D, [2012-04-05T22:17:43.564452 #53065] DEBUG -- response: content-type: "application/json; charset=UTF-8"
content-length: "30"
I, [2012-04-05T22:18:05.133665 #53096]  INFO -- : delete http://172.20.10.2:9200/_all
D, [2012-04-05T22:18:05.133898 #53096] DEBUG -- request: 
I, [2012-04-05T22:18:05.786330 #53096]  INFO -- Status: 200
D, [2012-04-05T22:18:05.786497 #53096] DEBUG -- response: content-type: "application/json; charset=UTF-8"
content-length: "31"
I, [2012-04-05T22:18:05.829967 #53096]  INFO -- : put http://172.20.10.2:9200/_bulk?index=default
D, [2012-04-05T22:18:05.830080 #53096] DEBUG -- request: 
I, [2012-04-05T22:18:06.148647 #53096]  INFO -- Status: 200
D, [2012-04-05T22:18:06.148847 #53096] DEBUG -- response: content-type: "application/json; charset=UTF-8"
content-length: "40914"
I, [2012-04-05T22:18:06.155147 #53096]  INFO -- : put http://172.20.10.2:9200/for_deletion
D, [2012-04-05T22:18:06.155253 #53096] DEBUG -- request: 
I, [2012-04-05T22:18:06.297482 #53096]  INFO -- Status: 200
D, [2012-04-05T22:18:06.297668 #53096] DEBUG -- response: content-type: "application/json; charset=UTF-8"
content-length: "31"
I, [2012-04-05T22:18:06.299196 #53096]  INFO -- : delete http://172.20.10.2:9200/for_creation
D, [2012-04-05T22:18:06.299312 #53096] DEBUG -- request: 
I, [2012-04-05T22:18:06.304684 #53096]  INFO -- Status: 404
D, [2012-04-05T22:18:06.304853 #53096] DEBUG -- response: content-type: "application/json; charset=UTF-8"
content-length: "70"
I, [2012-04-05T22:18:06.306763 #53096]  INFO -- : delete http://172.20.10.2:9200/for_creation_with_settings_and_mappings
D, [2012-04-05T22:18:06.306937 #53096] DEBUG -- request: 
I, [2012-04-05T22:18:06.312877 #53096]  INFO -- Status: 404
D, [2012-04-05T22:18:06.313053 #53096] DEBUG -- response: content-type: "application/json; charset=UTF-8"
content-length: "97"
I, [2012-04-05T22:18:06.314641 #53096]  INFO -- : delete http://172.20.10.2:9200/abc
D, [2012-04-05T22:18:06.314756 #53096] DEBUG -- request: 
I, [2012-04-05T22:18:06.318760 #53096]  INFO -- Status: 404
D, [2012-04-05T22:18:06.318893 #53096] DEBUG -- response: content-type: "application/json; charset=UTF-8"
content-length: "61"
I, [2012-04-05T22:18:06.320302 #53096]  INFO -- : delete http://172.20.10.2:9200/def
D, [2012-04-05T22:18:06.320406 #53096] DEBUG -- request: 
I, [2012-04-05T22:18:06.324553 #53096]  INFO -- Status: 404
D, [2012-04-05T22:18:06.324733 #53096] DEBUG -- response: content-type: "application/json; charset=UTF-8"
content-length: "61"
I, [2012-04-05T22:18:06.326552 #53096]  INFO -- : post http://172.20.10.2:9200/for_closing/_open
D, [2012-04-05T22:18:06.326698 #53096] DEBUG -- request: 
I, [2012-04-05T22:18:06.330947 #53096]  INFO -- Status: 404
D, [2012-04-05T22:18:06.331114 #53096] DEBUG -- response: content-type: "application/json; charset=UTF-8"
content-length: "69"
I, [2012-04-05T22:18:06.332873 #53096]  INFO -- : delete http://172.20.10.2:9200/for_closing
D, [2012-04-05T22:18:06.332998 #53096] DEBUG -- request: 
I, [2012-04-05T22:18:06.337506 #53096]  INFO -- Status: 404
D, [2012-04-05T22:18:06.337666 #53096] DEBUG -- response: content-type: "application/json; charset=UTF-8"
content-length: "69"
I, [2012-04-05T22:18:06.340456 #53096]  INFO -- : delete http://172.20.10.2:9200/for_reopening
D, [2012-04-05T22:18:06.340609 #53096] DEBUG -- request: 
I, [2012-04-05T22:18:06.343466 #53096]  INFO -- Status: 404
D, [2012-04-05T22:18:06.343638 #53096] DEBUG -- response: content-type: "application/json; charset=UTF-8"
content-length: "71"
I, [2012-04-05T22:18:06.345349 #53096]  INFO -- : delete http://172.20.10.2:9200/mappings
D, [2012-04-05T22:18:06.345481 #53096] DEBUG -- request: 
I, [2012-04-05T22:18:06.349127 #53096]  INFO -- Status: 404
D, [2012-04-05T22:18:06.349289 #53096] DEBUG -- response: content-type: "application/json; charset=UTF-8"
content-length: "66"
I, [2012-04-05T22:18:06.362013 #53096]  INFO -- : get http://172.20.10.2:9200/_cluster/health/default
D, [2012-04-05T22:18:06.362156 #53096] DEBUG -- request: 
I, [2012-04-05T22:18:06.368035 #53096]  INFO -- Status: 200
D, [2012-04-05T22:18:06.368199 #53096] DEBUG -- response: content-type: "application/json; charset=UTF-8"
content-length: "225"
I, [2012-04-05T22:18:06.370221 #53096]  INFO -- : get http://172.20.10.2:9200/_cluster/state?indices%5B0%5D=default
D, [2012-04-05T22:18:06.370336 #53096] DEBUG -- request: 
I, [2012-04-05T22:18:06.377175 #53096]  INFO -- Status: 200
D, [2012-04-05T22:18:06.377351 #53096] DEBUG -- response: content-type: "application/json; charset=UTF-8"
content-length: "5340"
I, [2012-04-05T22:18:06.379432 #53096]  INFO -- : get http://172.20.10.2:9200/_cluster/state?filter_metadata&indices%5B0%5D=default
D, [2012-04-05T22:18:06.379568 #53096] DEBUG -- request: 
I, [2012-04-05T22:18:06.383160 #53096]  INFO -- Status: 200
D, [2012-04-05T22:18:06.383325 #53096] DEBUG -- response: content-type: "application/json; charset=UTF-8"
content-length: "4929"
I, [2012-04-05T22:18:06.385581 #53096]  INFO -- : get http://172.20.10.2:9200/_cluster/nodes/?index=default
D, [2012-04-05T22:18:06.385703 #53096] DEBUG -- request: 
I, [2012-04-05T22:18:06.389835 #53096]  INFO -- Status: 200
D, [2012-04-05T22:18:06.390013 #53096] DEBUG -- response: content-type: "application/json; charset=UTF-8"
content-length: "233"
I, [2012-04-05T22:18:06.392485 #53096]  INFO -- : get http://172.20.10.2:9200/_cluster/nodes/non_existant_node?index=default
D, [2012-04-05T22:18:06.392630 #53096] DEBUG -- request: 
I, [2012-04-05T22:18:06.400484 #53096]  INFO -- Status: 200
D, [2012-04-05T22:18:06.400673 #53096] DEBUG -- response: content-type: "application/json; charset=UTF-8"
content-length: "53"
I, [2012-04-05T22:18:06.403273 #53096]  INFO -- : get http://172.20.10.2:9200/_cluster/nodes/stats?index=default
D, [2012-04-05T22:18:06.403420 #53096] DEBUG -- request: 
I, [2012-04-05T22:18:06.414683 #53096]  INFO -- Status: 200
D, [2012-04-05T22:18:06.414839 #53096] DEBUG -- response: content-type: "application/json; charset=UTF-8"
content-length: "1290"
I, [2012-04-05T22:18:06.417477 #53096]  INFO -- : put http://172.20.10.2:9200/default/bar/600
D, [2012-04-05T22:18:06.417620 #53096] DEBUG -- request: 
I, [2012-04-05T22:18:06.426063 #53096]  INFO -- Status: 201
D, [2012-04-05T22:18:06.426231 #53096] DEBUG -- response: content-type: "application/json; charset=UTF-8"
content-length: "69"
I, [2012-04-05T22:18:06.428547 #53096]  INFO -- : put http://172.20.10.2:9200/default/bar/600
D, [2012-04-05T22:18:06.428676 #53096] DEBUG -- request: 
I, [2012-04-05T22:18:06.432026 #53096]  INFO -- Status: 200
D, [2012-04-05T22:18:06.432171 #53096] DEBUG -- response: content-type: "application/json; charset=UTF-8"
content-length: "69"
I, [2012-04-05T22:18:06.434161 #53096]  INFO -- : get http://172.20.10.2:9200/default/bar/600
D, [2012-04-05T22:18:06.434280 #53096] DEBUG -- request: 
I, [2012-04-05T22:18:06.447494 #53096]  INFO -- Status: 200
D, [2012-04-05T22:18:06.447678 #53096] DEBUG -- response: content-type: "application/json; charset=UTF-8"
content-length: "101"
I, [2012-04-05T22:18:06.450051 #53096]  INFO -- : put http://172.20.10.2:9200/default/bar/600
D, [2012-04-05T22:18:06.450194 #53096] DEBUG -- request: 
I, [2012-04-05T22:18:06.452965 #53096]  INFO -- Status: 200
D, [2012-04-05T22:18:06.453108 #53096] DEBUG -- response: content-type: "application/json; charset=UTF-8"
content-length: "69"
I, [2012-04-05T22:18:06.454710 #53096]  INFO -- : delete http://172.20.10.2:9200/default/bar/600
D, [2012-04-05T22:18:06.454828 #53096] DEBUG -- request: 
I, [2012-04-05T22:18:06.460128 #53096]  INFO -- Status: 200
D, [2012-04-05T22:18:06.460263 #53096] DEBUG -- response: content-type: "application/json; charset=UTF-8"
content-length: "82"
I, [2012-04-05T22:18:06.462183 #53096]  INFO -- : put http://172.20.10.2:9200/test
D, [2012-04-05T22:18:06.462306 #53096] DEBUG -- request: 
I, [2012-04-05T22:18:06.594956 #53096]  INFO -- Status: 200
D, [2012-04-05T22:18:06.595083 #53096] DEBUG -- response: content-type: "application/json; charset=UTF-8"
content-length: "31"
I, [2012-04-05T22:18:06.596973 #53096]  INFO -- : put http://172.20.10.2:9200/_percolator/test/kuku
D, [2012-04-05T22:18:06.597086 #53096] DEBUG -- request: 
I, [2012-04-05T22:18:06.712838 #53096]  INFO -- Status: 201
D, [2012-04-05T22:18:06.713008 #53096] DEBUG -- response: content-type: "application/json; charset=UTF-8"
content-length: "75"
I, [2012-04-05T22:18:06.715118 #53096]  INFO -- : post http://172.20.10.2:9200/default/_refresh
D, [2012-04-05T22:18:06.715239 #53096] DEBUG -- request: 
I, [2012-04-05T22:18:06.744154 #53096]  INFO -- Status: 200
D, [2012-04-05T22:18:06.744301 #53096] DEBUG -- response: content-type: "application/json; charset=UTF-8"
content-length: "60"
I, [2012-04-05T22:18:06.745936 #53096]  INFO -- : post http://172.20.10.2:9200/test/type1/_percolate
D, [2012-04-05T22:18:06.746030 #53096] DEBUG -- request: 
I, [2012-04-05T22:18:06.762407 #53096]  INFO -- Status: 200
D, [2012-04-05T22:18:06.762570 #53096] DEBUG -- response: content-type: "application/json; charset=UTF-8"
content-length: "30"
I, [2012-04-05T22:18:30.786102 #53141]  INFO -- : delete http://172.20.10.2:9200/_all
D, [2012-04-05T22:18:30.786293 #53141] DEBUG -- request: 
I, [2012-04-05T22:18:31.188767 #53141]  INFO -- Status: 200
D, [2012-04-05T22:18:31.188903 #53141] DEBUG -- response: content-type: "application/json; charset=UTF-8"
content-length: "31"
I, [2012-04-05T22:18:31.230323 #53141]  INFO -- : put http://172.20.10.2:9200/_bulk?index=default
D, [2012-04-05T22:18:31.230437 #53141] DEBUG -- request: 
I, [2012-04-05T22:18:31.673450 #53141]  INFO -- Status: 200
D, [2012-04-05T22:18:31.673616 #53141] DEBUG -- response: content-type: "application/json; charset=UTF-8"
content-length: "41023"
I, [2012-04-05T22:18:31.679498 #53141]  INFO -- : put http://172.20.10.2:9200/for_deletion
D, [2012-04-05T22:18:31.679654 #53141] DEBUG -- request: 
I, [2012-04-05T22:18:31.804154 #53141]  INFO -- Status: 200
D, [2012-04-05T22:18:31.804289 #53141] DEBUG -- response: content-type: "application/json; charset=UTF-8"
content-length: "31"
I, [2012-04-05T22:18:31.805603 #53141]  INFO -- : delete http://172.20.10.2:9200/for_creation
D, [2012-04-05T22:18:31.805696 #53141] DEBUG -- request: 
I, [2012-04-05T22:18:31.810119 #53141]  INFO -- Status: 404
D, [2012-04-05T22:18:31.810256 #53141] DEBUG -- response: content-type: "application/json; charset=UTF-8"
content-length: "70"
I, [2012-04-05T22:18:31.812051 #53141]  INFO -- : delete http://172.20.10.2:9200/for_creation_with_settings_and_mappings
D, [2012-04-05T22:18:31.812184 #53141] DEBUG -- request: 
I, [2012-04-05T22:18:31.814844 #53141]  INFO -- Status: 404
D, [2012-04-05T22:18:31.815008 #53141] DEBUG -- response: content-type: "application/json; charset=UTF-8"
content-length: "97"
I, [2012-04-05T22:18:31.816179 #53141]  INFO -- : delete http://172.20.10.2:9200/abc
D, [2012-04-05T22:18:31.816255 #53141] DEBUG -- request: 
I, [2012-04-05T22:18:31.818795 #53141]  INFO -- Status: 404
D, [2012-04-05T22:18:31.818922 #53141] DEBUG -- response: content-type: "application/json; charset=UTF-8"
content-length: "61"
I, [2012-04-05T22:18:31.820072 #53141]  INFO -- : delete http://172.20.10.2:9200/def
D, [2012-04-05T22:18:31.820135 #53141] DEBUG -- request: 
I, [2012-04-05T22:18:31.822117 #53141]  INFO -- Status: 404
D, [2012-04-05T22:18:31.822243 #53141] DEBUG -- response: content-type: "application/json; charset=UTF-8"
content-length: "61"
I, [2012-04-05T22:18:31.823453 #53141]  INFO -- : post http://172.20.10.2:9200/for_closing/_open
D, [2012-04-05T22:18:31.823545 #53141] DEBUG -- request: 
I, [2012-04-05T22:18:31.828007 #53141]  INFO -- Status: 404
D, [2012-04-05T22:18:31.828175 #53141] DEBUG -- response: content-type: "application/json; charset=UTF-8"
content-length: "69"
I, [2012-04-05T22:18:31.829759 #53141]  INFO -- : delete http://172.20.10.2:9200/for_closing
D, [2012-04-05T22:18:31.829851 #53141] DEBUG -- request: 
I, [2012-04-05T22:18:31.832307 #53141]  INFO -- Status: 404
D, [2012-04-05T22:18:31.832452 #53141] DEBUG -- response: content-type: "application/json; charset=UTF-8"
content-length: "69"
I, [2012-04-05T22:18:31.833989 #53141]  INFO -- : delete http://172.20.10.2:9200/for_reopening
D, [2012-04-05T22:18:31.834090 #53141] DEBUG -- request: 
I, [2012-04-05T22:18:31.836269 #53141]  INFO -- Status: 404
D, [2012-04-05T22:18:31.836391 #53141] DEBUG -- response: content-type: "application/json; charset=UTF-8"
content-length: "71"
I, [2012-04-05T22:18:31.837712 #53141]  INFO -- : delete http://172.20.10.2:9200/mappings
D, [2012-04-05T22:18:31.837796 #53141] DEBUG -- request: 
I, [2012-04-05T22:18:31.839907 #53141]  INFO -- Status: 404
D, [2012-04-05T22:18:31.840069 #53141] DEBUG -- response: content-type: "application/json; charset=UTF-8"
content-length: "66"
I, [2012-04-05T22:18:31.852939 #53141]  INFO -- : get http://172.20.10.2:9200/_cluster/health/default
D, [2012-04-05T22:18:31.853041 #53141] DEBUG -- request: 
I, [2012-04-05T22:18:31.859002 #53141]  INFO -- Status: 200
D, [2012-04-05T22:18:31.859139 #53141] DEBUG -- response: content-type: "application/json; charset=UTF-8"
content-length: "225"
I, [2012-04-05T22:18:31.860648 #53141]  INFO -- : get http://172.20.10.2:9200/_cluster/state?indices%5B0%5D=default
D, [2012-04-05T22:18:31.860718 #53141] DEBUG -- request: 
I, [2012-04-05T22:18:31.866173 #53141]  INFO -- Status: 200
D, [2012-04-05T22:18:31.866343 #53141] DEBUG -- response: content-type: "application/json; charset=UTF-8"
content-length: "5295"
I, [2012-04-05T22:18:31.868675 #53141]  INFO -- : get http://172.20.10.2:9200/_cluster/state?filter_metadata&indices%5B0%5D=default
D, [2012-04-05T22:18:31.868771 #53141] DEBUG -- request: 
I, [2012-04-05T22:18:31.872021 #53141]  INFO -- Status: 200
D, [2012-04-05T22:18:31.872147 #53141] DEBUG -- response: content-type: "application/json; charset=UTF-8"
content-length: "4930"
I, [2012-04-05T22:18:31.874180 #53141]  INFO -- : get http://172.20.10.2:9200/_cluster/nodes/?index=default
D, [2012-04-05T22:18:31.874269 #53141] DEBUG -- request: 
I, [2012-04-05T22:18:31.877868 #53141]  INFO -- Status: 200
D, [2012-04-05T22:18:31.877992 #53141] DEBUG -- response: content-type: "application/json; charset=UTF-8"
content-length: "234"
I, [2012-04-05T22:18:31.879710 #53141]  INFO -- : get http://172.20.10.2:9200/_cluster/nodes/non_existant_node?index=default
D, [2012-04-05T22:18:31.879768 #53141] DEBUG -- request: 
I, [2012-04-05T22:18:32.968125 #53141]  INFO -- Status: 200
D, [2012-04-05T22:18:32.968323 #53141] DEBUG -- response: content-type: "application/json; charset=UTF-8"
content-length: "53"
I, [2012-04-05T22:18:32.970353 #53141]  INFO -- : get http://172.20.10.2:9200/_cluster/nodes/stats?index=default
D, [2012-04-05T22:18:32.970436 #53141] DEBUG -- request: 
I, [2012-04-05T22:18:32.980337 #53141]  INFO -- Status: 200
D, [2012-04-05T22:18:32.980470 #53141] DEBUG -- response: content-type: "application/json; charset=UTF-8"
content-length: "1300"
I, [2012-04-05T22:18:32.982203 #53141]  INFO -- : put http://172.20.10.2:9200/default/bar/600
D, [2012-04-05T22:18:32.982262 #53141] DEBUG -- request: 
I, [2012-04-05T22:18:32.988681 #53141]  INFO -- Status: 200
D, [2012-04-05T22:18:32.988862 #53141] DEBUG -- response: content-type: "application/json; charset=UTF-8"
content-length: "69"
I, [2012-04-05T22:18:32.991158 #53141]  INFO -- : put http://172.20.10.2:9200/default/bar/600
D, [2012-04-05T22:18:32.991260 #53141] DEBUG -- request: 
I, [2012-04-05T22:18:32.993933 #53141]  INFO -- Status: 200
D, [2012-04-05T22:18:32.994077 #53141] DEBUG -- response: content-type: "application/json; charset=UTF-8"
content-length: "69"
I, [2012-04-05T22:18:32.995553 #53141]  INFO -- : get http://172.20.10.2:9200/default/bar/600
D, [2012-04-05T22:18:32.995610 #53141] DEBUG -- request: 
I, [2012-04-05T22:18:33.000868 #53141]  INFO -- Status: 200
D, [2012-04-05T22:18:33.001010 #53141] DEBUG -- response: content-type: "application/json; charset=UTF-8"
content-length: "101"
I, [2012-04-05T22:18:33.003028 #53141]  INFO -- : put http://172.20.10.2:9200/default/bar/600
D, [2012-04-05T22:18:33.003206 #53141] DEBUG -- request: 
I, [2012-04-05T22:18:33.006059 #53141]  INFO -- Status: 200
D, [2012-04-05T22:18:33.006237 #53141] DEBUG -- response: content-type: "application/json; charset=UTF-8"
content-length: "69"
I, [2012-04-05T22:18:33.008364 #53141]  INFO -- : delete http://172.20.10.2:9200/default/bar/600
D, [2012-04-05T22:18:33.008480 #53141] DEBUG -- request: 
I, [2012-04-05T22:18:33.012590 #53141]  INFO -- Status: 200
D, [2012-04-05T22:18:33.012731 #53141] DEBUG -- response: content-type: "application/json; charset=UTF-8"
content-length: "82"
I, [2012-04-05T22:18:33.014148 #53141]  INFO -- : put http://172.20.10.2:9200/test
D, [2012-04-05T22:18:33.014202 #53141] DEBUG -- request: 
I, [2012-04-05T22:18:33.148999 #53141]  INFO -- Status: 200
D, [2012-04-05T22:18:33.149148 #53141] DEBUG -- response: content-type: "application/json; charset=UTF-8"
content-length: "31"
I, [2012-04-05T22:18:33.151008 #53141]  INFO -- : put http://172.20.10.2:9200/_percolator/test/kuku
D, [2012-04-05T22:18:33.151111 #53141] DEBUG -- request: 
I, [2012-04-05T22:18:33.281464 #53141]  INFO -- Status: 201
D, [2012-04-05T22:18:33.281645 #53141] DEBUG -- response: content-type: "application/json; charset=UTF-8"
content-length: "75"
I, [2012-04-05T22:18:33.283810 #53141]  INFO -- : post http://172.20.10.2:9200/default/_refresh
D, [2012-04-05T22:18:33.283950 #53141] DEBUG -- request: 
I, [2012-04-05T22:18:33.296282 #53141]  INFO -- Status: 200
D, [2012-04-05T22:18:33.296428 #53141] DEBUG -- response: content-type: "application/json; charset=UTF-8"
content-length: "60"
I, [2012-04-05T22:18:33.298087 #53141]  INFO -- : post http://172.20.10.2:9200/test/type1/_percolate
D, [2012-04-05T22:18:33.298194 #53141] DEBUG -- request: 
I, [2012-04-05T22:18:33.313151 #53141]  INFO -- Status: 200
D, [2012-04-05T22:18:33.313337 #53141] DEBUG -- response: content-type: "application/json; charset=UTF-8"
content-length: "30"
I, [2012-04-05T22:18:33.316787 #53141]  INFO -- : get http://172.20.10.2:9200/missing/foo/1
D, [2012-04-05T22:18:33.316942 #53141] DEBUG -- request: authorization: "Basic QWxhZGRpbjpvcGVuIHNlc2FtZQ=="
I, [2012-04-05T22:18:33.319337 #53141]  INFO -- Status: 404
D, [2012-04-05T22:18:33.319478 #53141] DEBUG -- response: content-type: "application/json; charset=UTF-8"
content-length: "65"
I, [2012-04-05T22:18:33.321736 #53141]  INFO -- : get http://172.20.10.2:9200/missing//
D, [2012-04-05T22:18:33.321862 #53141] DEBUG -- request: authorization: "Basic QWxhZGRpbjpvcGVuIHNlc2FtZQ=="
I, [2012-04-05T22:18:33.325870 #53141]  INFO -- Status: 400
D, [2012-04-05T22:18:33.326029 #53141] DEBUG -- response: content-type: "text/plain; charset=UTF-8"
content-length: "54"
I, [2012-04-05T22:18:33.328082 #53141]  INFO -- : put http://172.20.10.2:9200/existing
D, [2012-04-05T22:18:33.328226 #53141] DEBUG -- request: authorization: "Basic QWxhZGRpbjpvcGVuIHNlc2FtZQ=="
I, [2012-04-05T22:18:33.468575 #53141]  INFO -- Status: 200
D, [2012-04-05T22:18:33.468741 #53141] DEBUG -- response: content-type: "application/json; charset=UTF-8"
content-length: "31"
I, [2012-04-05T22:18:33.471010 #53141]  INFO -- : post http://172.20.10.2:9200/default/_refresh
D, [2012-04-05T22:18:33.471162 #53141] DEBUG -- request: authorization: "Basic QWxhZGRpbjpvcGVuIHNlc2FtZQ=="
I, [2012-04-05T22:18:33.474150 #53141]  INFO -- Status: 200
D, [2012-04-05T22:18:33.474319 #53141] DEBUG -- response: content-type: "application/json; charset=UTF-8"
content-length: "60"
I, [2012-04-05T22:18:33.476350 #53141]  INFO -- : get http://172.20.10.2:9200/existing/foo/1
D, [2012-04-05T22:18:33.476484 #53141] DEBUG -- request: authorization: "Basic QWxhZGRpbjpvcGVuIHNlc2FtZQ=="
I, [2012-04-05T22:18:33.480193 #53141]  INFO -- Status: 500
D, [2012-04-05T22:18:33.480383 #53141] DEBUG -- response: content-type: "application/json; charset=UTF-8"
content-length: "131"
I, [2012-04-05T22:18:33.483266 #53141]  INFO -- : delete http://172.20.10.2:9200/for_deletion
D, [2012-04-05T22:18:33.483430 #53141] DEBUG -- request: authorization: "Basic QWxhZGRpbjpvcGVuIHNlc2FtZQ=="
I, [2012-04-05T22:18:33.540971 #53141]  INFO -- Status: 200
D, [2012-04-05T22:18:33.541105 #53141] DEBUG -- response: content-type: "application/json; charset=UTF-8"
content-length: "31"
I, [2012-04-05T22:18:33.543558 #53141]  INFO -- : put http://172.20.10.2:9200/for_creation
D, [2012-04-05T22:18:33.543719 #53141] DEBUG -- request: authorization: "Basic QWxhZGRpbjpvcGVuIHNlc2FtZQ=="
I, [2012-04-05T22:18:33.672144 #53141]  INFO -- Status: 200
D, [2012-04-05T22:18:33.672297 #53141] DEBUG -- response: content-type: "application/json; charset=UTF-8"
content-length: "31"
I, [2012-04-05T22:18:33.674276 #53141]  INFO -- : put http://172.20.10.2:9200/for_creation_with_settings_and_mappings
D, [2012-04-05T22:18:33.674425 #53141] DEBUG -- request: authorization: "Basic QWxhZGRpbjpvcGVuIHNlc2FtZQ=="
I, [2012-04-05T22:18:33.753355 #53141]  INFO -- Status: 200
D, [2012-04-05T22:18:33.753521 #53141] DEBUG -- response: content-type: "application/json; charset=UTF-8"
content-length: "31"
I, [2012-04-05T22:18:33.755918 #53141]  INFO -- : get http://172.20.10.2:9200/for_creation_with_settings_and_mappings/_settings
D, [2012-04-05T22:18:33.756068 #53141] DEBUG -- request: authorization: "Basic QWxhZGRpbjpvcGVuIHNlc2FtZQ=="
I, [2012-04-05T22:18:33.760245 #53141]  INFO -- Status: 200
D, [2012-04-05T22:18:33.760418 #53141] DEBUG -- response: content-type: "application/json; charset=UTF-8"
content-length: "151"
I, [2012-04-05T22:18:33.762519 #53141]  INFO -- : put http://172.20.10.2:9200/_template/foo
D, [2012-04-05T22:18:33.762666 #53141] DEBUG -- request: authorization: "Basic QWxhZGRpbjpvcGVuIHNlc2FtZQ=="
I, [2012-04-05T22:18:33.772654 #53141]  INFO -- Status: 200
D, [2012-04-05T22:18:33.772836 #53141] DEBUG -- response: content-type: "application/json; charset=UTF-8"
content-length: "31"
I, [2012-04-05T22:18:33.774933 #53141]  INFO -- : put http://172.20.10.2:9200/_template/foo
D, [2012-04-05T22:18:33.775115 #53141] DEBUG -- request: authorization: "Basic QWxhZGRpbjpvcGVuIHNlc2FtZQ=="
I, [2012-04-05T22:18:33.779776 #53141]  INFO -- Status: 200
D, [2012-04-05T22:18:33.779941 #53141] DEBUG -- response: content-type: "application/json; charset=UTF-8"
content-length: "31"
I, [2012-04-05T22:18:33.781730 #53141]  INFO -- : get http://172.20.10.2:9200/_template/foo
D, [2012-04-05T22:18:33.781852 #53141] DEBUG -- request: authorization: "Basic QWxhZGRpbjpvcGVuIHNlc2FtZQ=="
I, [2012-04-05T22:18:33.785892 #53141]  INFO -- Status: 200
D, [2012-04-05T22:18:33.786029 #53141] DEBUG -- response: content-type: "application/json; charset=UTF-8"
content-length: "195"
I, [2012-04-05T22:18:33.788210 #53141]  INFO -- : put http://172.20.10.2:9200/_template/foo
D, [2012-04-05T22:18:33.788424 #53141] DEBUG -- request: authorization: "Basic QWxhZGRpbjpvcGVuIHNlc2FtZQ=="
I, [2012-04-05T22:18:33.793667 #53141]  INFO -- Status: 200
D, [2012-04-05T22:18:33.793874 #53141] DEBUG -- response: content-type: "application/json; charset=UTF-8"
content-length: "31"
I, [2012-04-05T22:18:33.795697 #53141]  INFO -- : delete http://172.20.10.2:9200/_template/foo
D, [2012-04-05T22:18:33.795858 #53141] DEBUG -- request: authorization: "Basic QWxhZGRpbjpvcGVuIHNlc2FtZQ=="
I, [2012-04-05T22:18:33.803984 #53141]  INFO -- Status: 200
D, [2012-04-05T22:18:33.804144 #53141] DEBUG -- response: content-type: "application/json; charset=UTF-8"
content-length: "31"
I, [2012-04-05T22:18:33.805895 #53141]  INFO -- : put http://172.20.10.2:9200/abc
D, [2012-04-05T22:18:33.805998 #53141] DEBUG -- request: authorization: "Basic QWxhZGRpbjpvcGVuIHNlc2FtZQ=="
I, [2012-04-05T22:18:33.923193 #53141]  INFO -- Status: 200
D, [2012-04-05T22:18:33.923359 #53141] DEBUG -- response: content-type: "application/json; charset=UTF-8"
content-length: "31"
I, [2012-04-05T22:18:33.925229 #53141]  INFO -- : put http://172.20.10.2:9200/def
D, [2012-04-05T22:18:33.925369 #53141] DEBUG -- request: authorization: "Basic QWxhZGRpbjpvcGVuIHNlc2FtZQ=="
I, [2012-04-05T22:18:34.066658 #53141]  INFO -- Status: 200
D, [2012-04-05T22:18:34.066840 #53141] DEBUG -- response: content-type: "application/json; charset=UTF-8"
content-length: "31"
I, [2012-04-05T22:18:34.068591 #53141]  INFO -- : post http://172.20.10.2:9200/_aliases
D, [2012-04-05T22:18:34.068739 #53141] DEBUG -- request: authorization: "Basic QWxhZGRpbjpvcGVuIHNlc2FtZQ=="
I, [2012-04-05T22:18:34.108362 #53141]  INFO -- Status: 200
D, [2012-04-05T22:18:34.108495 #53141] DEBUG -- response: content-type: "application/json; charset=UTF-8"
content-length: "31"
I, [2012-04-05T22:18:34.110211 #53141]  INFO -- : get http://172.20.10.2:9200/alias/_status
D, [2012-04-05T22:18:34.110314 #53141] DEBUG -- request: authorization: "Basic QWxhZGRpbjpvcGVuIHNlc2FtZQ=="
I, [2012-04-05T22:18:34.118322 #53141]  INFO -- Status: 200
D, [2012-04-05T22:18:34.118461 #53141] DEBUG -- response: content-type: "application/json; charset=UTF-8"
content-length: "7245"
I, [2012-04-05T22:18:34.157309 #53141]  INFO -- : post http://172.20.10.2:9200/default/_refresh
D, [2012-04-05T22:18:34.157491 #53141] DEBUG -- request: authorization: "Basic QWxhZGRpbjpvcGVuIHNlc2FtZQ=="
I, [2012-04-05T22:18:34.160078 #53141]  INFO -- Status: 200
D, [2012-04-05T22:18:34.160249 #53141] DEBUG -- response: content-type: "application/json; charset=UTF-8"
content-length: "60"
I, [2012-04-05T22:18:34.162580 #53141]  INFO -- : post http://172.20.10.2:9200/default/_gateway/snapshot
D, [2012-04-05T22:18:34.162756 #53141] DEBUG -- request: authorization: "Basic QWxhZGRpbjpvcGVuIHNlc2FtZQ=="
I, [2012-04-05T22:18:34.169991 #53141]  INFO -- Status: 200
D, [2012-04-05T22:18:34.170166 #53141] DEBUG -- response: content-type: "application/json; charset=UTF-8"
content-length: "59"
I, [2012-04-05T22:18:34.172195 #53141]  INFO -- : post http://172.20.10.2:9200/default/_cache/clear?filter
D, [2012-04-05T22:18:34.172319 #53141] DEBUG -- request: authorization: "Basic QWxhZGRpbjpvcGVuIHNlc2FtZQ=="
I, [2012-04-05T22:18:34.175951 #53141]  INFO -- Status: 200
D, [2012-04-05T22:18:34.176125 #53141] DEBUG -- response: content-type: "application/json; charset=UTF-8"
content-length: "60"
I, [2012-04-05T22:18:34.178582 #53141]  INFO -- : post http://172.20.10.2:9200/default/_flush
D, [2012-04-05T22:18:34.178687 #53141] DEBUG -- request: authorization: "Basic QWxhZGRpbjpvcGVuIHNlc2FtZQ=="
I, [2012-04-05T22:18:34.198925 #53141]  INFO -- Status: 200
D, [2012-04-05T22:18:34.199116 #53141] DEBUG -- response: content-type: "application/json; charset=UTF-8"
content-length: "60"
I, [2012-04-05T22:18:34.201560 #53141]  INFO -- : post http://172.20.10.2:9200/default/_refresh
D, [2012-04-05T22:18:34.201727 #53141] DEBUG -- request: authorization: "Basic QWxhZGRpbjpvcGVuIHNlc2FtZQ=="
I, [2012-04-05T22:18:34.204495 #53141]  INFO -- Status: 200
D, [2012-04-05T22:18:34.204622 #53141] DEBUG -- response: content-type: "application/json; charset=UTF-8"
content-length: "60"
I, [2012-04-05T22:18:34.206160 #53141]  INFO -- : put http://172.20.10.2:9200/for_closing
D, [2012-04-05T22:18:34.206232 #53141] DEBUG -- request: authorization: "Basic QWxhZGRpbjpvcGVuIHNlc2FtZQ=="
I, [2012-04-05T22:18:34.301276 #53141]  INFO -- Status: 200
D, [2012-04-05T22:18:34.301444 #53141] DEBUG -- response: content-type: "application/json; charset=UTF-8"
content-length: "31"
I, [2012-04-05T22:18:34.303565 #53141]  INFO -- : post http://172.20.10.2:9200/for_closing/_close
D, [2012-04-05T22:18:34.303692 #53141] DEBUG -- request: authorization: "Basic QWxhZGRpbjpvcGVuIHNlc2FtZQ=="
I, [2012-04-05T22:18:34.351988 #53141]  INFO -- Status: 200
D, [2012-04-05T22:18:34.352145 #53141] DEBUG -- response: content-type: "application/json; charset=UTF-8"
content-length: "31"
I, [2012-04-05T22:18:34.354087 #53141]  INFO -- : post http://172.20.10.2:9200/default/_refresh
D, [2012-04-05T22:18:34.354191 #53141] DEBUG -- request: authorization: "Basic QWxhZGRpbjpvcGVuIHNlc2FtZQ=="
I, [2012-04-05T22:18:34.356576 #53141]  INFO -- Status: 200
D, [2012-04-05T22:18:34.356714 #53141] DEBUG -- response: content-type: "application/json; charset=UTF-8"
content-length: "60"
I, [2012-04-05T22:18:34.358367 #53141]  INFO -- : get http://172.20.10.2:9200/for_closing/_status
D, [2012-04-05T22:18:34.358457 #53141] DEBUG -- request: authorization: "Basic QWxhZGRpbjpvcGVuIHNlc2FtZQ=="
I, [2012-04-05T22:18:34.360188 #53141]  INFO -- Status: 200
D, [2012-04-05T22:18:34.360287 #53141] DEBUG -- response: content-type: "application/json; charset=UTF-8"
content-length: "72"
I, [2012-04-05T22:18:34.361826 #53141]  INFO -- : put http://172.20.10.2:9200/for_reopening
D, [2012-04-05T22:18:34.361923 #53141] DEBUG -- request: authorization: "Basic QWxhZGRpbjpvcGVuIHNlc2FtZQ=="
I, [2012-04-05T22:18:34.479966 #53141]  INFO -- Status: 200
D, [2012-04-05T22:18:34.480142 #53141] DEBUG -- response: content-type: "application/json; charset=UTF-8"
content-length: "31"
I, [2012-04-05T22:18:34.482304 #53141]  INFO -- : post http://172.20.10.2:9200/for_reopening/_close
D, [2012-04-05T22:18:34.482432 #53141] DEBUG -- request: authorization: "Basic QWxhZGRpbjpvcGVuIHNlc2FtZQ=="
I, [2012-04-05T22:18:34.531517 #53141]  INFO -- Status: 200
D, [2012-04-05T22:18:34.531656 #53141] DEBUG -- response: content-type: "application/json; charset=UTF-8"
content-length: "31"
I, [2012-04-05T22:18:34.533287 #53141]  INFO -- : post http://172.20.10.2:9200/for_reopening/_open
D, [2012-04-05T22:18:34.533383 #53141] DEBUG -- request: authorization: "Basic QWxhZGRpbjpvcGVuIHNlc2FtZQ=="
I, [2012-04-05T22:18:34.636907 #53141]  INFO -- Status: 200
D, [2012-04-05T22:18:34.637076 #53141] DEBUG -- response: content-type: "application/json; charset=UTF-8"
content-length: "31"
I, [2012-04-05T22:18:34.639548 #53141]  INFO -- : get http://172.20.10.2:9200/for_reopening/_status
D, [2012-04-05T22:18:34.639733 #53141] DEBUG -- request: authorization: "Basic QWxhZGRpbjpvcGVuIHNlc2FtZQ=="
I, [2012-04-05T22:18:34.648176 #53141]  INFO -- Status: 200
D, [2012-04-05T22:18:34.648343 #53141] DEBUG -- response: content-type: "application/json; charset=UTF-8"
content-length: "3285"
I, [2012-04-05T22:18:34.650816 #53141]  INFO -- : put http://172.20.10.2:9200/mappings
D, [2012-04-05T22:18:34.651000 #53141] DEBUG -- request: authorization: "Basic QWxhZGRpbjpvcGVuIHNlc2FtZQ=="
I, [2012-04-05T22:18:34.754970 #53141]  INFO -- Status: 200
D, [2012-04-05T22:18:34.755130 #53141] DEBUG -- response: content-type: "application/json; charset=UTF-8"
content-length: "31"
I, [2012-04-05T22:18:34.757630 #53141]  INFO -- : put http://172.20.10.2:9200/mappings/type1/_mapping
D, [2012-04-05T22:18:34.757782 #53141] DEBUG -- request: authorization: "Basic QWxhZGRpbjpvcGVuIHNlc2FtZQ=="
I, [2012-04-05T22:18:34.790952 #53141]  INFO -- Status: 200
D, [2012-04-05T22:18:34.791082 #53141] DEBUG -- response: content-type: "application/json; charset=UTF-8"
content-length: "31"
I, [2012-04-05T22:18:34.792969 #53141]  INFO -- : get http://172.20.10.2:9200/mappings/type1/_mapping
D, [2012-04-05T22:18:34.793069 #53141] DEBUG -- request: authorization: "Basic QWxhZGRpbjpvcGVuIHNlc2FtZQ=="
I, [2012-04-05T22:18:34.796572 #53141]  INFO -- Status: 200
D, [2012-04-05T22:18:34.796730 #53141] DEBUG -- response: content-type: "application/json; charset=UTF-8"
content-length: "104"
I, [2012-04-05T22:18:34.798909 #53141]  INFO -- : post http://172.20.10.2:9200/default/_refresh
D, [2012-04-05T22:18:34.799028 #53141] DEBUG -- request: 
I, [2012-04-05T22:18:34.801152 #53141]  INFO -- Status: 200
D, [2012-04-05T22:18:34.801276 #53141] DEBUG -- response: content-type: "application/json; charset=UTF-8"
content-length: "60"
I, [2012-04-05T22:18:34.803361 #53141]  INFO -- : post http://172.20.10.2:9200/default/_refresh
D, [2012-04-05T22:18:34.803476 #53141] DEBUG -- request: 
I, [2012-04-05T22:18:34.805843 #53141]  INFO -- Status: 200
D, [2012-04-05T22:18:34.805997 #53141] DEBUG -- response: content-type: "application/json; charset=UTF-8"
content-length: "60"
I, [2012-04-05T22:18:34.808399 #53141]  INFO -- : post http://172.20.10.2:9200/default/_search
D, [2012-04-05T22:18:34.808529 #53141] DEBUG -- request: 
I, [2012-04-05T22:18:34.840508 #53141]  INFO -- Status: 200
D, [2012-04-05T22:18:34.840676 #53141] DEBUG -- response: content-type: "application/json; charset=UTF-8"
content-length: "123"
I, [2012-04-05T22:18:34.842969 #53141]  INFO -- : post http://172.20.10.2:9200/default/_refresh
D, [2012-04-05T22:18:34.843082 #53141] DEBUG -- request: 
I, [2012-04-05T22:18:34.845363 #53141]  INFO -- Status: 200
D, [2012-04-05T22:18:34.845508 #53141] DEBUG -- response: content-type: "application/json; charset=UTF-8"
content-length: "60"
I, [2012-04-05T22:18:34.847883 #53141]  INFO -- : post http://172.20.10.2:9200/default/_count
D, [2012-04-05T22:18:34.848001 #53141] DEBUG -- request: 
I, [2012-04-05T22:18:34.854168 #53141]  INFO -- Status: 200
D, [2012-04-05T22:18:34.854347 #53141] DEBUG -- response: content-type: "application/json; charset=UTF-8"
content-length: "59"
I, [2012-04-05T22:18:34.856814 #53141]  INFO -- : post http://172.20.10.2:9200/default/_refresh
D, [2012-04-05T22:18:34.856942 #53141] DEBUG -- request: 
I, [2012-04-05T22:18:34.859371 #53141]  INFO -- Status: 200
D, [2012-04-05T22:18:34.859535 #53141] DEBUG -- response: content-type: "application/json; charset=UTF-8"
content-length: "60"
I, [2012-04-05T22:18:34.861693 #53141]  INFO -- : put http://172.20.10.2:9200/default/bar/200
D, [2012-04-05T22:18:34.861811 #53141] DEBUG -- request: 
I, [2012-04-05T22:18:34.866136 #53141]  INFO -- Status: 201
D, [2012-04-05T22:18:34.866271 #53141] DEBUG -- response: content-type: "application/json; charset=UTF-8"
content-length: "69"
I, [2012-04-05T22:18:34.868147 #53141]  INFO -- : get http://172.20.10.2:9200/default/bar/200/_mlt?types%5B0%5D=bar
D, [2012-04-05T22:18:34.868228 #53141] DEBUG -- request: 
I, [2012-04-05T22:18:34.894555 #53141]  INFO -- Status: 200
D, [2012-04-05T22:18:34.894693 #53141] DEBUG -- response: content-type: "application/json; charset=UTF-8"
content-length: "123"
I, [2012-04-05T22:18:34.896542 #53141]  INFO -- : post http://172.20.10.2:9200/default/_refresh
D, [2012-04-05T22:18:34.896641 #53141] DEBUG -- request: 
I, [2012-04-05T22:18:34.911998 #53141]  INFO -- Status: 200
D, [2012-04-05T22:18:34.912223 #53141] DEBUG -- response: content-type: "application/json; charset=UTF-8"
content-length: "60"
I, [2012-04-05T22:18:34.914825 #53141]  INFO -- : post http://172.20.10.2:9200/default/_search
D, [2012-04-05T22:18:34.914951 #53141] DEBUG -- request: 
I, [2012-04-05T22:18:34.920746 #53141]  INFO -- Status: 200
D, [2012-04-05T22:18:34.920889 #53141] DEBUG -- response: content-type: "application/json; charset=UTF-8"
content-length: "122"
I, [2012-04-05T22:19:21.202648 #53173]  INFO -- : delete http://172.20.10.2:9200/_all
D, [2012-04-05T22:19:21.202896 #53173] DEBUG -- request: 
I, [2012-04-05T22:19:21.971036 #53173]  INFO -- Status: 200
D, [2012-04-05T22:19:21.971198 #53173] DEBUG -- response: content-type: "application/json; charset=UTF-8"
content-length: "31"
I, [2012-04-05T22:19:22.025766 #53173]  INFO -- : put http://172.20.10.2:9200/_bulk?index=default
D, [2012-04-05T22:19:22.025929 #53173] DEBUG -- request: 
I, [2012-04-05T22:19:22.411207 #53173]  INFO -- Status: 200
D, [2012-04-05T22:19:22.411382 #53173] DEBUG -- response: content-type: "application/json; charset=UTF-8"
content-length: "40914"
I, [2012-04-05T22:19:22.417426 #53173]  INFO -- : put http://172.20.10.2:9200/for_deletion
D, [2012-04-05T22:19:22.417590 #53173] DEBUG -- request: 
I, [2012-04-05T22:19:22.557648 #53173]  INFO -- Status: 200
D, [2012-04-05T22:19:22.557823 #53173] DEBUG -- response: content-type: "application/json; charset=UTF-8"
content-length: "31"
I, [2012-04-05T22:19:22.559537 #53173]  INFO -- : delete http://172.20.10.2:9200/for_creation
D, [2012-04-05T22:19:22.559666 #53173] DEBUG -- request: 
I, [2012-04-05T22:19:22.567866 #53173]  INFO -- Status: 404
D, [2012-04-05T22:19:22.567999 #53173] DEBUG -- response: content-type: "application/json; charset=UTF-8"
content-length: "70"
I, [2012-04-05T22:19:22.569429 #53173]  INFO -- : delete http://172.20.10.2:9200/for_creation_with_settings_and_mappings
D, [2012-04-05T22:19:22.569516 #53173] DEBUG -- request: 
I, [2012-04-05T22:19:22.580803 #53173]  INFO -- Status: 404
D, [2012-04-05T22:19:22.580990 #53173] DEBUG -- response: content-type: "application/json; charset=UTF-8"
content-length: "97"
I, [2012-04-05T22:19:22.582627 #53173]  INFO -- : delete http://172.20.10.2:9200/abc
D, [2012-04-05T22:19:22.582753 #53173] DEBUG -- request: 
I, [2012-04-05T22:19:22.589046 #53173]  INFO -- Status: 404
D, [2012-04-05T22:19:22.589216 #53173] DEBUG -- response: content-type: "application/json; charset=UTF-8"
content-length: "61"
I, [2012-04-05T22:19:22.590862 #53173]  INFO -- : delete http://172.20.10.2:9200/def
D, [2012-04-05T22:19:22.591002 #53173] DEBUG -- request: 
I, [2012-04-05T22:19:22.600777 #53173]  INFO -- Status: 404
D, [2012-04-05T22:19:22.600956 #53173] DEBUG -- response: content-type: "application/json; charset=UTF-8"
content-length: "61"
I, [2012-04-05T22:19:22.602664 #53173]  INFO -- : post http://172.20.10.2:9200/for_closing/_open
D, [2012-04-05T22:19:22.602808 #53173] DEBUG -- request: 
I, [2012-04-05T22:19:22.607092 #53173]  INFO -- Status: 404
D, [2012-04-05T22:19:22.607231 #53173] DEBUG -- response: content-type: "application/json; charset=UTF-8"
content-length: "69"
I, [2012-04-05T22:19:22.608341 #53173]  INFO -- : delete http://172.20.10.2:9200/for_closing
D, [2012-04-05T22:19:22.608396 #53173] DEBUG -- request: 
I, [2012-04-05T22:19:22.611058 #53173]  INFO -- Status: 404
D, [2012-04-05T22:19:22.611221 #53173] DEBUG -- response: content-type: "application/json; charset=UTF-8"
content-length: "69"
I, [2012-04-05T22:19:22.612796 #53173]  INFO -- : delete http://172.20.10.2:9200/for_reopening
D, [2012-04-05T22:19:22.612913 #53173] DEBUG -- request: 
I, [2012-04-05T22:19:22.615185 #53173]  INFO -- Status: 404
D, [2012-04-05T22:19:22.615333 #53173] DEBUG -- response: content-type: "application/json; charset=UTF-8"
content-length: "71"
I, [2012-04-05T22:19:22.616838 #53173]  INFO -- : delete http://172.20.10.2:9200/mappings
D, [2012-04-05T22:19:22.616940 #53173] DEBUG -- request: 
I, [2012-04-05T22:19:22.619112 #53173]  INFO -- Status: 404
D, [2012-04-05T22:19:22.619279 #53173] DEBUG -- response: content-type: "application/json; charset=UTF-8"
content-length: "66"
I, [2012-04-05T22:19:22.633525 #53173]  INFO -- : get http://172.20.10.2:9200/_cluster/health/default
D, [2012-04-05T22:19:22.633656 #53173] DEBUG -- request: 
I, [2012-04-05T22:19:22.640473 #53173]  INFO -- Status: 200
D, [2012-04-05T22:19:22.640603 #53173] DEBUG -- response: content-type: "application/json; charset=UTF-8"
content-length: "225"
I, [2012-04-05T22:19:22.642249 #53173]  INFO -- : get http://172.20.10.2:9200/_cluster/state?indices%5B0%5D=default
D, [2012-04-05T22:19:22.642316 #53173] DEBUG -- request: 
I, [2012-04-05T22:19:22.647020 #53173]  INFO -- Status: 200
D, [2012-04-05T22:19:22.647160 #53173] DEBUG -- response: content-type: "application/json; charset=UTF-8"
content-length: "5339"
I, [2012-04-05T22:19:22.648793 #53173]  INFO -- : get http://172.20.10.2:9200/_cluster/state?filter_metadata&indices%5B0%5D=default
D, [2012-04-05T22:19:22.648848 #53173] DEBUG -- request: 
I, [2012-04-05T22:19:22.651271 #53173]  INFO -- Status: 200
D, [2012-04-05T22:19:22.651372 #53173] DEBUG -- response: content-type: "application/json; charset=UTF-8"
content-length: "4928"
I, [2012-04-05T22:19:22.653077 #53173]  INFO -- : get http://172.20.10.2:9200/_cluster/nodes/?index=default
D, [2012-04-05T22:19:22.653137 #53173] DEBUG -- request: 
I, [2012-04-05T22:19:22.656138 #53173]  INFO -- Status: 200
D, [2012-04-05T22:19:22.656228 #53173] DEBUG -- response: content-type: "application/json; charset=UTF-8"
content-length: "232"
I, [2012-04-05T22:19:22.657861 #53173]  INFO -- : get http://172.20.10.2:9200/_cluster/nodes/non_existant_node?index=default
D, [2012-04-05T22:19:22.657918 #53173] DEBUG -- request: 
I, [2012-04-05T22:19:22.661882 #53173]  INFO -- Status: 200
D, [2012-04-05T22:19:22.661984 #53173] DEBUG -- response: content-type: "application/json; charset=UTF-8"
content-length: "53"
I, [2012-04-05T22:19:22.663282 #53173]  INFO -- : get http://172.20.10.2:9200/_cluster/nodes/stats?index=default
D, [2012-04-05T22:19:22.663336 #53173] DEBUG -- request: 
I, [2012-04-05T22:19:22.671591 #53173]  INFO -- Status: 200
D, [2012-04-05T22:19:22.671724 #53173] DEBUG -- response: content-type: "application/json; charset=UTF-8"
content-length: "1289"
I, [2012-04-05T22:19:22.673317 #53173]  INFO -- : put http://172.20.10.2:9200/default/bar/600
D, [2012-04-05T22:19:22.673374 #53173] DEBUG -- request: 
I, [2012-04-05T22:19:22.680979 #53173]  INFO -- Status: 201
D, [2012-04-05T22:19:22.681105 #53173] DEBUG -- response: content-type: "application/json; charset=UTF-8"
content-length: "69"
I, [2012-04-05T22:19:22.683199 #53173]  INFO -- : put http://172.20.10.2:9200/default/bar/600
D, [2012-04-05T22:19:22.683292 #53173] DEBUG -- request: 
I, [2012-04-05T22:19:22.685657 #53173]  INFO -- Status: 200
D, [2012-04-05T22:19:22.685751 #53173] DEBUG -- response: content-type: "application/json; charset=UTF-8"
content-length: "69"
I, [2012-04-05T22:19:22.687214 #53173]  INFO -- : get http://172.20.10.2:9200/default/bar/600
D, [2012-04-05T22:19:22.687280 #53173] DEBUG -- request: 
I, [2012-04-05T22:19:22.692839 #53173]  INFO -- Status: 200
D, [2012-04-05T22:19:22.692971 #53173] DEBUG -- response: content-type: "application/json; charset=UTF-8"
content-length: "101"
I, [2012-04-05T22:19:22.694636 #53173]  INFO -- : put http://172.20.10.2:9200/default/bar/600
D, [2012-04-05T22:19:22.694693 #53173] DEBUG -- request: 
I, [2012-04-05T22:19:22.696980 #53173]  INFO -- Status: 200
D, [2012-04-05T22:19:22.697119 #53173] DEBUG -- response: content-type: "application/json; charset=UTF-8"
content-length: "69"
I, [2012-04-05T22:19:22.698429 #53173]  INFO -- : delete http://172.20.10.2:9200/default/bar/600
D, [2012-04-05T22:19:22.698478 #53173] DEBUG -- request: 
I, [2012-04-05T22:19:22.702018 #53173]  INFO -- Status: 200
D, [2012-04-05T22:19:22.702120 #53173] DEBUG -- response: content-type: "application/json; charset=UTF-8"
content-length: "82"
I, [2012-04-05T22:19:22.703412 #53173]  INFO -- : put http://172.20.10.2:9200/test
D, [2012-04-05T22:19:22.703468 #53173] DEBUG -- request: 
I, [2012-04-05T22:19:22.801341 #53173]  INFO -- Status: 200
D, [2012-04-05T22:19:22.801474 #53173] DEBUG -- response: content-type: "application/json; charset=UTF-8"
content-length: "31"
I, [2012-04-05T22:19:22.803015 #53173]  INFO -- : put http://172.20.10.2:9200/_percolator/test/kuku
D, [2012-04-05T22:19:22.803103 #53173] DEBUG -- request: 
I, [2012-04-05T22:19:22.895733 #53173]  INFO -- Status: 201
D, [2012-04-05T22:19:22.895862 #53173] DEBUG -- response: content-type: "application/json; charset=UTF-8"
content-length: "75"
I, [2012-04-05T22:19:22.897431 #53173]  INFO -- : post http://172.20.10.2:9200/default/_refresh
D, [2012-04-05T22:19:22.897498 #53173] DEBUG -- request: 
I, [2012-04-05T22:19:22.922803 #53173]  INFO -- Status: 200
D, [2012-04-05T22:19:22.922930 #53173] DEBUG -- response: content-type: "application/json; charset=UTF-8"
content-length: "60"
I, [2012-04-05T22:19:22.924367 #53173]  INFO -- : post http://172.20.10.2:9200/test/type1/_percolate
D, [2012-04-05T22:19:22.924422 #53173] DEBUG -- request: 
I, [2012-04-05T22:19:22.935793 #53173]  INFO -- Status: 200
D, [2012-04-05T22:19:22.935925 #53173] DEBUG -- response: content-type: "application/json; charset=UTF-8"
content-length: "30"
I, [2012-04-05T22:19:22.938337 #53173]  INFO -- : get http://172.20.10.2:9200/missing/foo/1
D, [2012-04-05T22:19:22.938399 #53173] DEBUG -- request: authorization: "Basic QWxhZGRpbjpvcGVuIHNlc2FtZQ=="
I, [2012-04-05T22:19:22.939991 #53173]  INFO -- Status: 404
D, [2012-04-05T22:19:22.940076 #53173] DEBUG -- response: content-type: "application/json; charset=UTF-8"
content-length: "65"
I, [2012-04-05T22:19:22.941712 #53173]  INFO -- : get http://172.20.10.2:9200/missing//
D, [2012-04-05T22:19:22.941786 #53173] DEBUG -- request: authorization: "Basic QWxhZGRpbjpvcGVuIHNlc2FtZQ=="
I, [2012-04-05T22:19:22.944286 #53173]  INFO -- Status: 400
D, [2012-04-05T22:19:22.944376 #53173] DEBUG -- response: content-type: "text/plain; charset=UTF-8"
content-length: "54"
I, [2012-04-05T22:19:22.945694 #53173]  INFO -- : put http://172.20.10.2:9200/existing
D, [2012-04-05T22:19:22.945756 #53173] DEBUG -- request: authorization: "Basic QWxhZGRpbjpvcGVuIHNlc2FtZQ=="
I, [2012-04-05T22:19:23.052137 #53173]  INFO -- Status: 200
D, [2012-04-05T22:19:23.052287 #53173] DEBUG -- response: content-type: "application/json; charset=UTF-8"
content-length: "31"
I, [2012-04-05T22:19:23.054299 #53173]  INFO -- : post http://172.20.10.2:9200/default/_refresh
D, [2012-04-05T22:19:23.054437 #53173] DEBUG -- request: authorization: "Basic QWxhZGRpbjpvcGVuIHNlc2FtZQ=="
I, [2012-04-05T22:19:23.057918 #53173]  INFO -- Status: 200
D, [2012-04-05T22:19:23.058151 #53173] DEBUG -- response: content-type: "application/json; charset=UTF-8"
content-length: "60"
I, [2012-04-05T22:19:23.060368 #53173]  INFO -- : get http://172.20.10.2:9200/existing/foo/81923123
D, [2012-04-05T22:19:23.060513 #53173] DEBUG -- request: authorization: "Basic QWxhZGRpbjpvcGVuIHNlc2FtZQ=="
I, [2012-04-05T22:19:23.063327 #53173]  INFO -- Status: 404
D, [2012-04-05T22:19:23.063483 #53173] DEBUG -- response: content-type: "application/json; charset=UTF-8"
content-length: "67"
I, [2012-04-05T22:19:23.066118 #53173]  INFO -- : delete http://172.20.10.2:9200/for_deletion
D, [2012-04-05T22:19:23.066270 #53173] DEBUG -- request: authorization: "Basic QWxhZGRpbjpvcGVuIHNlc2FtZQ=="
I, [2012-04-05T22:19:23.135325 #53173]  INFO -- Status: 200
D, [2012-04-05T22:19:23.135454 #53173] DEBUG -- response: content-type: "application/json; charset=UTF-8"
content-length: "31"
I, [2012-04-05T22:19:23.137358 #53173]  INFO -- : put http://172.20.10.2:9200/for_creation
D, [2012-04-05T22:19:23.137484 #53173] DEBUG -- request: authorization: "Basic QWxhZGRpbjpvcGVuIHNlc2FtZQ=="
I, [2012-04-05T22:19:23.251435 #53173]  INFO -- Status: 200
D, [2012-04-05T22:19:23.251608 #53173] DEBUG -- response: content-type: "application/json; charset=UTF-8"
content-length: "31"
I, [2012-04-05T22:19:23.254090 #53173]  INFO -- : put http://172.20.10.2:9200/for_creation_with_settings_and_mappings
D, [2012-04-05T22:19:23.254257 #53173] DEBUG -- request: authorization: "Basic QWxhZGRpbjpvcGVuIHNlc2FtZQ=="
I, [2012-04-05T22:19:23.340714 #53173]  INFO -- Status: 200
D, [2012-04-05T22:19:23.340865 #53173] DEBUG -- response: content-type: "application/json; charset=UTF-8"
content-length: "31"
I, [2012-04-05T22:19:23.343924 #53173]  INFO -- : get http://172.20.10.2:9200/for_creation_with_settings_and_mappings/_settings
D, [2012-04-05T22:19:23.344058 #53173] DEBUG -- request: authorization: "Basic QWxhZGRpbjpvcGVuIHNlc2FtZQ=="
I, [2012-04-05T22:19:23.348137 #53173]  INFO -- Status: 200
D, [2012-04-05T22:19:23.348286 #53173] DEBUG -- response: content-type: "application/json; charset=UTF-8"
content-length: "151"
I, [2012-04-05T22:19:23.350000 #53173]  INFO -- : put http://172.20.10.2:9200/_template/foo
D, [2012-04-05T22:19:23.350066 #53173] DEBUG -- request: authorization: "Basic QWxhZGRpbjpvcGVuIHNlc2FtZQ=="
I, [2012-04-05T22:19:23.358283 #53173]  INFO -- Status: 200
D, [2012-04-05T22:19:23.358434 #53173] DEBUG -- response: content-type: "application/json; charset=UTF-8"
content-length: "31"
I, [2012-04-05T22:19:23.360027 #53173]  INFO -- : put http://172.20.10.2:9200/_template/foo
D, [2012-04-05T22:19:23.360095 #53173] DEBUG -- request: authorization: "Basic QWxhZGRpbjpvcGVuIHNlc2FtZQ=="
I, [2012-04-05T22:19:23.363906 #53173]  INFO -- Status: 200
D, [2012-04-05T22:19:23.364038 #53173] DEBUG -- response: content-type: "application/json; charset=UTF-8"
content-length: "31"
I, [2012-04-05T22:19:23.365651 #53173]  INFO -- : get http://172.20.10.2:9200/_template/foo
D, [2012-04-05T22:19:23.365732 #53173] DEBUG -- request: authorization: "Basic QWxhZGRpbjpvcGVuIHNlc2FtZQ=="
I, [2012-04-05T22:19:23.368854 #53173]  INFO -- Status: 200
D, [2012-04-05T22:19:23.368961 #53173] DEBUG -- response: content-type: "application/json; charset=UTF-8"
content-length: "195"
I, [2012-04-05T22:19:23.370402 #53173]  INFO -- : put http://172.20.10.2:9200/_template/foo
D, [2012-04-05T22:19:23.370465 #53173] DEBUG -- request: authorization: "Basic QWxhZGRpbjpvcGVuIHNlc2FtZQ=="
I, [2012-04-05T22:19:23.374011 #53173]  INFO -- Status: 200
D, [2012-04-05T22:19:23.374110 #53173] DEBUG -- response: content-type: "application/json; charset=UTF-8"
content-length: "31"
I, [2012-04-05T22:19:23.375638 #53173]  INFO -- : delete http://172.20.10.2:9200/_template/foo
D, [2012-04-05T22:19:23.375820 #53173] DEBUG -- request: authorization: "Basic QWxhZGRpbjpvcGVuIHNlc2FtZQ=="
I, [2012-04-05T22:19:23.384405 #53173]  INFO -- Status: 200
D, [2012-04-05T22:19:23.384570 #53173] DEBUG -- response: content-type: "application/json; charset=UTF-8"
content-length: "31"
I, [2012-04-05T22:19:23.386044 #53173]  INFO -- : put http://172.20.10.2:9200/abc
D, [2012-04-05T22:19:23.386103 #53173] DEBUG -- request: authorization: "Basic QWxhZGRpbjpvcGVuIHNlc2FtZQ=="
I, [2012-04-05T22:19:23.480569 #53173]  INFO -- Status: 200
D, [2012-04-05T22:19:23.480746 #53173] DEBUG -- response: content-type: "application/json; charset=UTF-8"
content-length: "31"
I, [2012-04-05T22:19:23.482533 #53173]  INFO -- : put http://172.20.10.2:9200/def
D, [2012-04-05T22:19:23.482666 #53173] DEBUG -- request: authorization: "Basic QWxhZGRpbjpvcGVuIHNlc2FtZQ=="
I, [2012-04-05T22:19:23.602233 #53173]  INFO -- Status: 200
D, [2012-04-05T22:19:23.602395 #53173] DEBUG -- response: content-type: "application/json; charset=UTF-8"
content-length: "31"
I, [2012-04-05T22:19:23.604005 #53173]  INFO -- : post http://172.20.10.2:9200/_aliases
D, [2012-04-05T22:19:23.604143 #53173] DEBUG -- request: authorization: "Basic QWxhZGRpbjpvcGVuIHNlc2FtZQ=="
I, [2012-04-05T22:19:23.658533 #53173]  INFO -- Status: 200
D, [2012-04-05T22:19:23.658675 #53173] DEBUG -- response: content-type: "application/json; charset=UTF-8"
content-length: "31"
I, [2012-04-05T22:19:23.660840 #53173]  INFO -- : get http://172.20.10.2:9200/alias/_status
D, [2012-04-05T22:19:23.660976 #53173] DEBUG -- request: authorization: "Basic QWxhZGRpbjpvcGVuIHNlc2FtZQ=="
I, [2012-04-05T22:19:23.669623 #53173]  INFO -- Status: 200
D, [2012-04-05T22:19:23.669755 #53173] DEBUG -- response: content-type: "application/json; charset=UTF-8"
content-length: "7245"
I, [2012-04-05T22:19:23.709746 #53173]  INFO -- : post http://172.20.10.2:9200/default/_refresh
D, [2012-04-05T22:19:23.709928 #53173] DEBUG -- request: authorization: "Basic QWxhZGRpbjpvcGVuIHNlc2FtZQ=="
I, [2012-04-05T22:19:23.713275 #53173]  INFO -- Status: 200
D, [2012-04-05T22:19:23.713438 #53173] DEBUG -- response: content-type: "application/json; charset=UTF-8"
content-length: "60"
I, [2012-04-05T22:19:23.715862 #53173]  INFO -- : post http://172.20.10.2:9200/default/_gateway/snapshot
D, [2012-04-05T22:19:23.716000 #53173] DEBUG -- request: authorization: "Basic QWxhZGRpbjpvcGVuIHNlc2FtZQ=="
I, [2012-04-05T22:19:23.723885 #53173]  INFO -- Status: 200
D, [2012-04-05T22:19:23.724084 #53173] DEBUG -- response: content-type: "application/json; charset=UTF-8"
content-length: "59"
I, [2012-04-05T22:19:23.727350 #53173]  INFO -- : post http://172.20.10.2:9200/default/_cache/clear?filter
D, [2012-04-05T22:19:23.727527 #53173] DEBUG -- request: authorization: "Basic QWxhZGRpbjpvcGVuIHNlc2FtZQ=="
I, [2012-04-05T22:19:23.731908 #53173]  INFO -- Status: 200
D, [2012-04-05T22:19:23.732083 #53173] DEBUG -- response: content-type: "application/json; charset=UTF-8"
content-length: "60"
I, [2012-04-05T22:19:23.734451 #53173]  INFO -- : post http://172.20.10.2:9200/default/_flush
D, [2012-04-05T22:19:23.734619 #53173] DEBUG -- request: authorization: "Basic QWxhZGRpbjpvcGVuIHNlc2FtZQ=="
I, [2012-04-05T22:19:23.746361 #53173]  INFO -- Status: 200
D, [2012-04-05T22:19:23.746524 #53173] DEBUG -- response: content-type: "application/json; charset=UTF-8"
content-length: "60"
I, [2012-04-05T22:19:23.750383 #53173]  INFO -- : post http://172.20.10.2:9200/default/_refresh
D, [2012-04-05T22:19:23.750554 #53173] DEBUG -- request: authorization: "Basic QWxhZGRpbjpvcGVuIHNlc2FtZQ=="
I, [2012-04-05T22:19:23.754254 #53173]  INFO -- Status: 200
D, [2012-04-05T22:19:23.754443 #53173] DEBUG -- response: content-type: "application/json; charset=UTF-8"
content-length: "60"
I, [2012-04-05T22:19:23.756206 #53173]  INFO -- : put http://172.20.10.2:9200/for_closing
D, [2012-04-05T22:19:23.756334 #53173] DEBUG -- request: authorization: "Basic QWxhZGRpbjpvcGVuIHNlc2FtZQ=="
I, [2012-04-05T22:19:23.861969 #53173]  INFO -- Status: 200
D, [2012-04-05T22:19:23.862132 #53173] DEBUG -- response: content-type: "application/json; charset=UTF-8"
content-length: "31"
I, [2012-04-05T22:19:23.864290 #53173]  INFO -- : post http://172.20.10.2:9200/for_closing/_close
D, [2012-04-05T22:19:23.864413 #53173] DEBUG -- request: authorization: "Basic QWxhZGRpbjpvcGVuIHNlc2FtZQ=="
I, [2012-04-05T22:19:23.916162 #53173]  INFO -- Status: 200
D, [2012-04-05T22:19:23.916301 #53173] DEBUG -- response: content-type: "application/json; charset=UTF-8"
content-length: "31"
I, [2012-04-05T22:19:23.917867 #53173]  INFO -- : post http://172.20.10.2:9200/default/_refresh
D, [2012-04-05T22:19:23.917972 #53173] DEBUG -- request: authorization: "Basic QWxhZGRpbjpvcGVuIHNlc2FtZQ=="
I, [2012-04-05T22:19:23.920064 #53173]  INFO -- Status: 200
D, [2012-04-05T22:19:23.920179 #53173] DEBUG -- response: content-type: "application/json; charset=UTF-8"
content-length: "60"
I, [2012-04-05T22:19:23.921909 #53173]  INFO -- : get http://172.20.10.2:9200/for_closing/_status
D, [2012-04-05T22:19:23.922003 #53173] DEBUG -- request: authorization: "Basic QWxhZGRpbjpvcGVuIHNlc2FtZQ=="
I, [2012-04-05T22:19:23.924182 #53173]  INFO -- Status: 200
D, [2012-04-05T22:19:23.924328 #53173] DEBUG -- response: content-type: "application/json; charset=UTF-8"
content-length: "72"
I, [2012-04-05T22:19:23.926361 #53173]  INFO -- : put http://172.20.10.2:9200/for_reopening
D, [2012-04-05T22:19:23.926515 #53173] DEBUG -- request: authorization: "Basic QWxhZGRpbjpvcGVuIHNlc2FtZQ=="
I, [2012-04-05T22:19:24.039229 #53173]  INFO -- Status: 200
D, [2012-04-05T22:19:24.039390 #53173] DEBUG -- response: content-type: "application/json; charset=UTF-8"
content-length: "31"
I, [2012-04-05T22:19:24.041690 #53173]  INFO -- : post http://172.20.10.2:9200/for_reopening/_close
D, [2012-04-05T22:19:24.041891 #53173] DEBUG -- request: authorization: "Basic QWxhZGRpbjpvcGVuIHNlc2FtZQ=="
I, [2012-04-05T22:19:24.087229 #53173]  INFO -- Status: 200
D, [2012-04-05T22:19:24.087362 #53173] DEBUG -- response: content-type: "application/json; charset=UTF-8"
content-length: "31"
I, [2012-04-05T22:19:24.088914 #53173]  INFO -- : post http://172.20.10.2:9200/for_reopening/_open
D, [2012-04-05T22:19:24.089006 #53173] DEBUG -- request: authorization: "Basic QWxhZGRpbjpvcGVuIHNlc2FtZQ=="
I, [2012-04-05T22:19:24.164733 #53173]  INFO -- Status: 200
D, [2012-04-05T22:19:24.164864 #53173] DEBUG -- response: content-type: "application/json; charset=UTF-8"
content-length: "31"
I, [2012-04-05T22:19:24.166561 #53173]  INFO -- : get http://172.20.10.2:9200/for_reopening/_status
D, [2012-04-05T22:19:24.166644 #53173] DEBUG -- request: authorization: "Basic QWxhZGRpbjpvcGVuIHNlc2FtZQ=="
I, [2012-04-05T22:19:24.173662 #53173]  INFO -- Status: 200
D, [2012-04-05T22:19:24.173825 #53173] DEBUG -- response: content-type: "application/json; charset=UTF-8"
content-length: "3290"
I, [2012-04-05T22:19:24.176138 #53173]  INFO -- : put http://172.20.10.2:9200/mappings
D, [2012-04-05T22:19:24.176281 #53173] DEBUG -- request: authorization: "Basic QWxhZGRpbjpvcGVuIHNlc2FtZQ=="
I, [2012-04-05T22:19:24.268834 #53173]  INFO -- Status: 200
D, [2012-04-05T22:19:24.269008 #53173] DEBUG -- response: content-type: "application/json; charset=UTF-8"
content-length: "31"
I, [2012-04-05T22:19:24.271620 #53173]  INFO -- : put http://172.20.10.2:9200/mappings/type1/_mapping
D, [2012-04-05T22:19:24.271771 #53173] DEBUG -- request: authorization: "Basic QWxhZGRpbjpvcGVuIHNlc2FtZQ=="
I, [2012-04-05T22:19:24.299466 #53173]  INFO -- Status: 200
D, [2012-04-05T22:19:24.299599 #53173] DEBUG -- response: content-type: "application/json; charset=UTF-8"
content-length: "31"
I, [2012-04-05T22:19:24.302193 #53173]  INFO -- : get http://172.20.10.2:9200/mappings/type1/_mapping
D, [2012-04-05T22:19:24.302356 #53173] DEBUG -- request: authorization: "Basic QWxhZGRpbjpvcGVuIHNlc2FtZQ=="
I, [2012-04-05T22:19:24.306276 #53173]  INFO -- Status: 200
D, [2012-04-05T22:19:24.306425 #53173] DEBUG -- response: content-type: "application/json; charset=UTF-8"
content-length: "104"
I, [2012-04-05T22:19:24.308137 #53173]  INFO -- : post http://172.20.10.2:9200/default/_refresh
D, [2012-04-05T22:19:24.308227 #53173] DEBUG -- request: 
I, [2012-04-05T22:19:24.310329 #53173]  INFO -- Status: 200
D, [2012-04-05T22:19:24.310462 #53173] DEBUG -- response: content-type: "application/json; charset=UTF-8"
content-length: "60"
I, [2012-04-05T22:19:24.312175 #53173]  INFO -- : post http://172.20.10.2:9200/default/_refresh
D, [2012-04-05T22:19:24.312270 #53173] DEBUG -- request: 
I, [2012-04-05T22:19:24.314246 #53173]  INFO -- Status: 200
D, [2012-04-05T22:19:24.314390 #53173] DEBUG -- response: content-type: "application/json; charset=UTF-8"
content-length: "60"
I, [2012-04-05T22:19:24.316770 #53173]  INFO -- : post http://172.20.10.2:9200/default/_search
D, [2012-04-05T22:19:24.316891 #53173] DEBUG -- request: 
I, [2012-04-05T22:19:24.348364 #53173]  INFO -- Status: 200
D, [2012-04-05T22:19:24.348550 #53173] DEBUG -- response: content-type: "application/json; charset=UTF-8"
content-length: "123"
I, [2012-04-05T22:19:24.351181 #53173]  INFO -- : post http://172.20.10.2:9200/default/_refresh
D, [2012-04-05T22:19:24.351332 #53173] DEBUG -- request: 
I, [2012-04-05T22:19:24.353951 #53173]  INFO -- Status: 200
D, [2012-04-05T22:19:24.354111 #53173] DEBUG -- response: content-type: "application/json; charset=UTF-8"
content-length: "60"
I, [2012-04-05T22:19:24.356520 #53173]  INFO -- : post http://172.20.10.2:9200/default/_count
D, [2012-04-05T22:19:24.356674 #53173] DEBUG -- request: 
I, [2012-04-05T22:19:24.361652 #53173]  INFO -- Status: 200
D, [2012-04-05T22:19:24.361789 #53173] DEBUG -- response: content-type: "application/json; charset=UTF-8"
content-length: "59"
I, [2012-04-05T22:19:24.364069 #53173]  INFO -- : post http://172.20.10.2:9200/default/_refresh
D, [2012-04-05T22:19:24.364204 #53173] DEBUG -- request: 
I, [2012-04-05T22:19:24.366351 #53173]  INFO -- Status: 200
D, [2012-04-05T22:19:24.366472 #53173] DEBUG -- response: content-type: "application/json; charset=UTF-8"
content-length: "60"
I, [2012-04-05T22:19:24.368038 #53173]  INFO -- : put http://172.20.10.2:9200/default/bar/200
D, [2012-04-05T22:19:24.368140 #53173] DEBUG -- request: 
I, [2012-04-05T22:19:24.371524 #53173]  INFO -- Status: 201
D, [2012-04-05T22:19:24.371669 #53173] DEBUG -- response: content-type: "application/json; charset=UTF-8"
content-length: "69"
I, [2012-04-05T22:19:24.373674 #53173]  INFO -- : get http://172.20.10.2:9200/default/bar/200/_mlt?types%5B0%5D=bar
D, [2012-04-05T22:19:24.373779 #53173] DEBUG -- request: 
I, [2012-04-05T22:19:24.396474 #53173]  INFO -- Status: 200
D, [2012-04-05T22:19:24.396633 #53173] DEBUG -- response: content-type: "application/json; charset=UTF-8"
content-length: "123"
I, [2012-04-05T22:19:24.398920 #53173]  INFO -- : post http://172.20.10.2:9200/default/_refresh
D, [2012-04-05T22:19:24.399047 #53173] DEBUG -- request: 
I, [2012-04-05T22:19:24.406550 #53173]  INFO -- Status: 200
D, [2012-04-05T22:19:24.406749 #53173] DEBUG -- response: content-type: "application/json; charset=UTF-8"
content-length: "60"
I, [2012-04-05T22:19:24.408489 #53173]  INFO -- : post http://172.20.10.2:9200/default/_search
D, [2012-04-05T22:19:24.408559 #53173] DEBUG -- request: 
I, [2012-04-05T22:19:24.412943 #53173]  INFO -- Status: 200
D, [2012-04-05T22:19:24.413098 #53173] DEBUG -- response: content-type: "application/json; charset=UTF-8"
content-length: "122"
I, [2012-04-05T22:23:07.307762 #53246]  INFO -- : delete http://172.20.10.2:9200/_all
D, [2012-04-05T22:23:07.308007 #53246] DEBUG -- request: 
I, [2012-04-05T22:23:08.515489 #53246]  INFO -- Status: 200
D, [2012-04-05T22:23:08.515723 #53246] DEBUG -- response: content-type: "application/json; charset=UTF-8"
content-length: "31"
I, [2012-04-05T22:23:08.602834 #53246]  INFO -- : put http://172.20.10.2:9200/_bulk?index=default
D, [2012-04-05T22:23:08.602988 #53246] DEBUG -- request: 
I, [2012-04-05T22:23:09.166381 #53246]  INFO -- Status: 200
D, [2012-04-05T22:23:09.166589 #53246] DEBUG -- response: content-type: "application/json; charset=UTF-8"
content-length: "41023"
I, [2012-04-05T22:23:09.173012 #53246]  INFO -- : put http://172.20.10.2:9200/for_deletion
D, [2012-04-05T22:23:09.173166 #53246] DEBUG -- request: 
I, [2012-04-05T22:23:09.344836 #53246]  INFO -- Status: 200
D, [2012-04-05T22:23:09.344973 #53246] DEBUG -- response: content-type: "application/json; charset=UTF-8"
content-length: "31"
I, [2012-04-05T22:23:09.346314 #53246]  INFO -- : delete http://172.20.10.2:9200/for_creation
D, [2012-04-05T22:23:09.346416 #53246] DEBUG -- request: 
I, [2012-04-05T22:23:09.357017 #53246]  INFO -- Status: 404
D, [2012-04-05T22:23:09.357197 #53246] DEBUG -- response: content-type: "application/json; charset=UTF-8"
content-length: "70"
I, [2012-04-05T22:23:09.359155 #53246]  INFO -- : delete http://172.20.10.2:9200/for_creation_with_settings_and_mappings
D, [2012-04-05T22:23:09.359293 #53246] DEBUG -- request: 
I, [2012-04-05T22:23:09.362007 #53246]  INFO -- Status: 404
D, [2012-04-05T22:23:09.362158 #53246] DEBUG -- response: content-type: "application/json; charset=UTF-8"
content-length: "97"
I, [2012-04-05T22:23:09.363760 #53246]  INFO -- : delete http://172.20.10.2:9200/abc
D, [2012-04-05T22:23:09.363862 #53246] DEBUG -- request: 
I, [2012-04-05T22:23:09.366529 #53246]  INFO -- Status: 404
D, [2012-04-05T22:23:09.366693 #53246] DEBUG -- response: content-type: "application/json; charset=UTF-8"
content-length: "61"
I, [2012-04-05T22:23:09.368201 #53246]  INFO -- : delete http://172.20.10.2:9200/def
D, [2012-04-05T22:23:09.368296 #53246] DEBUG -- request: 
I, [2012-04-05T22:23:09.372361 #53246]  INFO -- Status: 404
D, [2012-04-05T22:23:09.372527 #53246] DEBUG -- response: content-type: "application/json; charset=UTF-8"
content-length: "61"
I, [2012-04-05T22:23:09.374104 #53246]  INFO -- : post http://172.20.10.2:9200/for_closing/_open
D, [2012-04-05T22:23:09.374245 #53246] DEBUG -- request: 
I, [2012-04-05T22:23:09.378381 #53246]  INFO -- Status: 404
D, [2012-04-05T22:23:09.378552 #53246] DEBUG -- response: content-type: "application/json; charset=UTF-8"
content-length: "69"
I, [2012-04-05T22:23:09.380286 #53246]  INFO -- : delete http://172.20.10.2:9200/for_closing
D, [2012-04-05T22:23:09.380412 #53246] DEBUG -- request: 
I, [2012-04-05T22:23:09.383203 #53246]  INFO -- Status: 404
D, [2012-04-05T22:23:09.383377 #53246] DEBUG -- response: content-type: "application/json; charset=UTF-8"
content-length: "69"
I, [2012-04-05T22:23:09.385056 #53246]  INFO -- : delete http://172.20.10.2:9200/for_reopening
D, [2012-04-05T22:23:09.385153 #53246] DEBUG -- request: 
I, [2012-04-05T22:23:09.387640 #53246]  INFO -- Status: 404
D, [2012-04-05T22:23:09.387811 #53246] DEBUG -- response: content-type: "application/json; charset=UTF-8"
content-length: "71"
I, [2012-04-05T22:23:09.389401 #53246]  INFO -- : delete http://172.20.10.2:9200/mappings
D, [2012-04-05T22:23:09.389537 #53246] DEBUG -- request: 
I, [2012-04-05T22:23:09.391948 #53246]  INFO -- Status: 404
D, [2012-04-05T22:23:09.392111 #53246] DEBUG -- response: content-type: "application/json; charset=UTF-8"
content-length: "66"
I, [2012-04-05T22:23:09.406114 #53246]  INFO -- : get http://172.20.10.2:9200/_cluster/health/default
D, [2012-04-05T22:23:09.406240 #53246] DEBUG -- request: 
I, [2012-04-05T22:23:09.411780 #53246]  INFO -- Status: 200
D, [2012-04-05T22:23:09.411952 #53246] DEBUG -- response: content-type: "application/json; charset=UTF-8"
content-length: "225"
I, [2012-04-05T22:23:09.413993 #53246]  INFO -- : get http://172.20.10.2:9200/_cluster/state?indices%5B0%5D=default
D, [2012-04-05T22:23:09.414077 #53246] DEBUG -- request: 
I, [2012-04-05T22:23:09.419302 #53246]  INFO -- Status: 200
D, [2012-04-05T22:23:09.419468 #53246] DEBUG -- response: content-type: "application/json; charset=UTF-8"
content-length: "5361"
I, [2012-04-05T22:23:09.421922 #53246]  INFO -- : get http://172.20.10.2:9200/_cluster/state?filter_metadata&indices%5B0%5D=default
D, [2012-04-05T22:23:09.422010 #53246] DEBUG -- request: 
I, [2012-04-05T22:23:09.424961 #53246]  INFO -- Status: 200
D, [2012-04-05T22:23:09.425103 #53246] DEBUG -- response: content-type: "application/json; charset=UTF-8"
content-length: "4925"
I, [2012-04-05T22:23:09.427748 #53246]  INFO -- : get http://172.20.10.2:9200/_cluster/nodes/?index=default
D, [2012-04-05T22:23:09.427839 #53246] DEBUG -- request: 
I, [2012-04-05T22:23:09.431663 #53246]  INFO -- Status: 200
D, [2012-04-05T22:23:09.431826 #53246] DEBUG -- response: content-type: "application/json; charset=UTF-8"
content-length: "229"
I, [2012-04-05T22:23:09.434359 #53246]  INFO -- : get http://172.20.10.2:9200/_cluster/nodes/non_existant_node?index=default
D, [2012-04-05T22:23:09.434445 #53246] DEBUG -- request: 
I, [2012-04-05T22:23:09.440471 #53246]  INFO -- Status: 200
D, [2012-04-05T22:23:09.440653 #53246] DEBUG -- response: content-type: "application/json; charset=UTF-8"
content-length: "53"
I, [2012-04-05T22:23:09.442737 #53246]  INFO -- : get http://172.20.10.2:9200/_cluster/nodes/stats?index=default
D, [2012-04-05T22:23:09.442869 #53246] DEBUG -- request: 
I, [2012-04-05T22:23:09.453906 #53246]  INFO -- Status: 200
D, [2012-04-05T22:23:09.454076 #53246] DEBUG -- response: content-type: "application/json; charset=UTF-8"
content-length: "1292"
I, [2012-04-05T22:23:09.456352 #53246]  INFO -- : put http://172.20.10.2:9200/default/bar/600
D, [2012-04-05T22:23:09.456439 #53246] DEBUG -- request: 
I, [2012-04-05T22:23:09.463080 #53246]  INFO -- Status: 201
D, [2012-04-05T22:23:09.463258 #53246] DEBUG -- response: content-type: "application/json; charset=UTF-8"
content-length: "69"
I, [2012-04-05T22:23:09.465977 #53246]  INFO -- : put http://172.20.10.2:9200/default/bar/600
D, [2012-04-05T22:23:09.466075 #53246] DEBUG -- request: 
I, [2012-04-05T22:23:09.468938 #53246]  INFO -- Status: 200
D, [2012-04-05T22:23:09.469080 #53246] DEBUG -- response: content-type: "application/json; charset=UTF-8"
content-length: "69"
I, [2012-04-05T22:23:09.471015 #53246]  INFO -- : get http://172.20.10.2:9200/default/bar/600
D, [2012-04-05T22:23:09.471088 #53246] DEBUG -- request: 
I, [2012-04-05T22:23:09.476637 #53246]  INFO -- Status: 200
D, [2012-04-05T22:23:09.476810 #53246] DEBUG -- response: content-type: "application/json; charset=UTF-8"
content-length: "101"
I, [2012-04-05T22:23:09.479262 #53246]  INFO -- : put http://172.20.10.2:9200/default/bar/600
D, [2012-04-05T22:23:09.479429 #53246] DEBUG -- request: 
I, [2012-04-05T22:23:09.482608 #53246]  INFO -- Status: 200
D, [2012-04-05T22:23:09.482767 #53246] DEBUG -- response: content-type: "application/json; charset=UTF-8"
content-length: "69"
I, [2012-04-05T22:23:09.484246 #53246]  INFO -- : delete http://172.20.10.2:9200/default/bar/600
D, [2012-04-05T22:23:09.484322 #53246] DEBUG -- request: 
I, [2012-04-05T22:23:09.488433 #53246]  INFO -- Status: 200
D, [2012-04-05T22:23:09.488566 #53246] DEBUG -- response: content-type: "application/json; charset=UTF-8"
content-length: "82"
I, [2012-04-05T22:23:09.490084 #53246]  INFO -- : put http://172.20.10.2:9200/test
D, [2012-04-05T22:23:09.490143 #53246] DEBUG -- request: 
I, [2012-04-05T22:23:09.604095 #53246]  INFO -- Status: 200
D, [2012-04-05T22:23:09.604258 #53246] DEBUG -- response: content-type: "application/json; charset=UTF-8"
content-length: "31"
I, [2012-04-05T22:23:09.606252 #53246]  INFO -- : put http://172.20.10.2:9200/_percolator/test/kuku
D, [2012-04-05T22:23:09.606358 #53246] DEBUG -- request: 
I, [2012-04-05T22:23:09.716416 #53246]  INFO -- Status: 201
D, [2012-04-05T22:23:09.716612 #53246] DEBUG -- response: content-type: "application/json; charset=UTF-8"
content-length: "75"
I, [2012-04-05T22:23:09.719189 #53246]  INFO -- : post http://172.20.10.2:9200/default/_refresh
D, [2012-04-05T22:23:09.719309 #53246] DEBUG -- request: 
I, [2012-04-05T22:23:09.748973 #53246]  INFO -- Status: 200
D, [2012-04-05T22:23:09.749146 #53246] DEBUG -- response: content-type: "application/json; charset=UTF-8"
content-length: "60"
I, [2012-04-05T22:23:09.751217 #53246]  INFO -- : post http://172.20.10.2:9200/test/type1/_percolate
D, [2012-04-05T22:23:09.751298 #53246] DEBUG -- request: 
I, [2012-04-05T22:23:09.763430 #53246]  INFO -- Status: 200
D, [2012-04-05T22:23:09.763562 #53246] DEBUG -- response: content-type: "application/json; charset=UTF-8"
content-length: "30"
I, [2012-04-05T22:23:09.766308 #53246]  INFO -- : get http://172.20.10.2:9200/missing/foo/1
D, [2012-04-05T22:23:09.766389 #53246] DEBUG -- request: authorization: "Basic QWxhZGRpbjpvcGVuIHNlc2FtZQ=="
I, [2012-04-05T22:23:09.768196 #53246]  INFO -- Status: 404
D, [2012-04-05T22:23:09.768312 #53246] DEBUG -- response: content-type: "application/json; charset=UTF-8"
content-length: "65"
I, [2012-04-05T22:23:09.770750 #53246]  INFO -- : get http://172.20.10.2:9200/missing//
D, [2012-04-05T22:23:09.770851 #53246] DEBUG -- request: authorization: "Basic QWxhZGRpbjpvcGVuIHNlc2FtZQ=="
I, [2012-04-05T22:23:09.773889 #53246]  INFO -- Status: 400
D, [2012-04-05T22:23:09.774028 #53246] DEBUG -- response: content-type: "text/plain; charset=UTF-8"
content-length: "54"
I, [2012-04-05T22:23:09.776132 #53246]  INFO -- : put http://172.20.10.2:9200/existing
D, [2012-04-05T22:23:09.776215 #53246] DEBUG -- request: authorization: "Basic QWxhZGRpbjpvcGVuIHNlc2FtZQ=="
I, [2012-04-05T22:23:09.914630 #53246]  INFO -- Status: 200
D, [2012-04-05T22:23:09.914813 #53246] DEBUG -- response: content-type: "application/json; charset=UTF-8"
content-length: "31"
I, [2012-04-05T22:23:09.925818 #53246]  INFO -- : post http://172.20.10.2:9200/default/_refresh
D, [2012-04-05T22:23:09.925976 #53246] DEBUG -- request: authorization: "Basic QWxhZGRpbjpvcGVuIHNlc2FtZQ=="
I, [2012-04-05T22:23:09.931409 #53246]  INFO -- Status: 200
D, [2012-04-05T22:23:09.931585 #53246] DEBUG -- response: content-type: "application/json; charset=UTF-8"
content-length: "60"
I, [2012-04-05T22:23:09.933907 #53246]  INFO -- : get http://172.20.10.2:9200/existing/foo/81923123
D, [2012-04-05T22:23:09.934045 #53246] DEBUG -- request: authorization: "Basic QWxhZGRpbjpvcGVuIHNlc2FtZQ=="
I, [2012-04-05T22:23:09.948611 #53246]  INFO -- Status: 500
D, [2012-04-05T22:23:09.948801 #53246] DEBUG -- response: content-type: "application/json; charset=UTF-8"
content-length: "138"
I, [2012-04-05T22:23:09.955792 #53246]  INFO -- : delete http://172.20.10.2:9200/for_deletion
D, [2012-04-05T22:23:09.955969 #53246] DEBUG -- request: authorization: "Basic QWxhZGRpbjpvcGVuIHNlc2FtZQ=="
I, [2012-04-05T22:23:10.019580 #53246]  INFO -- Status: 200
D, [2012-04-05T22:23:10.019752 #53246] DEBUG -- response: content-type: "application/json; charset=UTF-8"
content-length: "31"
I, [2012-04-05T22:23:10.022130 #53246]  INFO -- : put http://172.20.10.2:9200/for_creation
D, [2012-04-05T22:23:10.022283 #53246] DEBUG -- request: authorization: "Basic QWxhZGRpbjpvcGVuIHNlc2FtZQ=="
I, [2012-04-05T22:23:10.172781 #53246]  INFO -- Status: 200
D, [2012-04-05T22:23:10.172956 #53246] DEBUG -- response: content-type: "application/json; charset=UTF-8"
content-length: "31"
I, [2012-04-05T22:23:10.179653 #53246]  INFO -- : put http://172.20.10.2:9200/for_creation_with_settings_and_mappings
D, [2012-04-05T22:23:10.179838 #53246] DEBUG -- request: authorization: "Basic QWxhZGRpbjpvcGVuIHNlc2FtZQ=="
I, [2012-04-05T22:23:10.286150 #53246]  INFO -- Status: 200
D, [2012-04-05T22:23:10.286280 #53246] DEBUG -- response: content-type: "application/json; charset=UTF-8"
content-length: "31"
I, [2012-04-05T22:23:10.288648 #53246]  INFO -- : get http://172.20.10.2:9200/for_creation_with_settings_and_mappings/_settings
D, [2012-04-05T22:23:10.288782 #53246] DEBUG -- request: authorization: "Basic QWxhZGRpbjpvcGVuIHNlc2FtZQ=="
I, [2012-04-05T22:23:10.295962 #53246]  INFO -- Status: 200
D, [2012-04-05T22:23:10.296132 #53246] DEBUG -- response: content-type: "application/json; charset=UTF-8"
content-length: "151"
I, [2012-04-05T22:23:10.298912 #53246]  INFO -- : put http://172.20.10.2:9200/_template/foo
D, [2012-04-05T22:23:10.299079 #53246] DEBUG -- request: authorization: "Basic QWxhZGRpbjpvcGVuIHNlc2FtZQ=="
I, [2012-04-05T22:23:10.309998 #53246]  INFO -- Status: 200
D, [2012-04-05T22:23:10.310169 #53246] DEBUG -- response: content-type: "application/json; charset=UTF-8"
content-length: "31"
I, [2012-04-05T22:23:10.312247 #53246]  INFO -- : put http://172.20.10.2:9200/_template/foo
D, [2012-04-05T22:23:10.312367 #53246] DEBUG -- request: authorization: "Basic QWxhZGRpbjpvcGVuIHNlc2FtZQ=="
I, [2012-04-05T22:23:10.317786 #53246]  INFO -- Status: 200
D, [2012-04-05T22:23:10.317938 #53246] DEBUG -- response: content-type: "application/json; charset=UTF-8"
content-length: "31"
I, [2012-04-05T22:23:10.319716 #53246]  INFO -- : get http://172.20.10.2:9200/_template/foo
D, [2012-04-05T22:23:10.319817 #53246] DEBUG -- request: authorization: "Basic QWxhZGRpbjpvcGVuIHNlc2FtZQ=="
I, [2012-04-05T22:23:10.336050 #53246]  INFO -- Status: 200
D, [2012-04-05T22:23:10.336241 #53246] DEBUG -- response: content-type: "application/json; charset=UTF-8"
content-length: "195"
I, [2012-04-05T22:23:10.339260 #53246]  INFO -- : put http://172.20.10.2:9200/_template/foo
D, [2012-04-05T22:23:10.339432 #53246] DEBUG -- request: authorization: "Basic QWxhZGRpbjpvcGVuIHNlc2FtZQ=="
I, [2012-04-05T22:23:10.348895 #53246]  INFO -- Status: 200
D, [2012-04-05T22:23:10.349063 #53246] DEBUG -- response: content-type: "application/json; charset=UTF-8"
content-length: "31"
I, [2012-04-05T22:23:10.351126 #53246]  INFO -- : delete http://172.20.10.2:9200/_template/foo
D, [2012-04-05T22:23:10.351330 #53246] DEBUG -- request: authorization: "Basic QWxhZGRpbjpvcGVuIHNlc2FtZQ=="
I, [2012-04-05T22:23:10.359278 #53246]  INFO -- Status: 200
D, [2012-04-05T22:23:10.359453 #53246] DEBUG -- response: content-type: "application/json; charset=UTF-8"
content-length: "31"
I, [2012-04-05T22:23:10.361137 #53246]  INFO -- : put http://172.20.10.2:9200/abc
D, [2012-04-05T22:23:10.361265 #53246] DEBUG -- request: authorization: "Basic QWxhZGRpbjpvcGVuIHNlc2FtZQ=="
I, [2012-04-05T22:23:10.468406 #53246]  INFO -- Status: 200
D, [2012-04-05T22:23:10.468563 #53246] DEBUG -- response: content-type: "application/json; charset=UTF-8"
content-length: "31"
I, [2012-04-05T22:23:10.470418 #53246]  INFO -- : put http://172.20.10.2:9200/def
D, [2012-04-05T22:23:10.470554 #53246] DEBUG -- request: authorization: "Basic QWxhZGRpbjpvcGVuIHNlc2FtZQ=="
I, [2012-04-05T22:23:10.603116 #53246]  INFO -- Status: 200
D, [2012-04-05T22:23:10.603275 #53246] DEBUG -- response: content-type: "application/json; charset=UTF-8"
content-length: "31"
I, [2012-04-05T22:23:10.604927 #53246]  INFO -- : post http://172.20.10.2:9200/_aliases
D, [2012-04-05T22:23:10.605071 #53246] DEBUG -- request: authorization: "Basic QWxhZGRpbjpvcGVuIHNlc2FtZQ=="
I, [2012-04-05T22:23:10.636422 #53246]  INFO -- Status: 200
D, [2012-04-05T22:23:10.636575 #53246] DEBUG -- response: content-type: "application/json; charset=UTF-8"
content-length: "31"
I, [2012-04-05T22:23:10.638754 #53246]  INFO -- : get http://172.20.10.2:9200/alias/_status
D, [2012-04-05T22:23:10.638883 #53246] DEBUG -- request: authorization: "Basic QWxhZGRpbjpvcGVuIHNlc2FtZQ=="
I, [2012-04-05T22:23:10.649375 #53246]  INFO -- Status: 200
D, [2012-04-05T22:23:10.649544 #53246] DEBUG -- response: content-type: "application/json; charset=UTF-8"
content-length: "7245"
I, [2012-04-05T22:23:10.686723 #53246]  INFO -- : post http://172.20.10.2:9200/default/_refresh
D, [2012-04-05T22:23:10.686878 #53246] DEBUG -- request: authorization: "Basic QWxhZGRpbjpvcGVuIHNlc2FtZQ=="
I, [2012-04-05T22:23:10.689017 #53246]  INFO -- Status: 200
D, [2012-04-05T22:23:10.689113 #53246] DEBUG -- response: content-type: "application/json; charset=UTF-8"
content-length: "60"
I, [2012-04-05T22:23:10.690903 #53246]  INFO -- : post http://172.20.10.2:9200/default/_gateway/snapshot
D, [2012-04-05T22:23:10.691004 #53246] DEBUG -- request: authorization: "Basic QWxhZGRpbjpvcGVuIHNlc2FtZQ=="
I, [2012-04-05T22:23:10.703042 #53246]  INFO -- Status: 200
D, [2012-04-05T22:23:10.703168 #53246] DEBUG -- response: content-type: "application/json; charset=UTF-8"
content-length: "59"
I, [2012-04-05T22:23:10.704943 #53246]  INFO -- : post http://172.20.10.2:9200/default/_cache/clear?filter
D, [2012-04-05T22:23:10.705006 #53246] DEBUG -- request: authorization: "Basic QWxhZGRpbjpvcGVuIHNlc2FtZQ=="
I, [2012-04-05T22:23:10.708032 #53246]  INFO -- Status: 200
D, [2012-04-05T22:23:10.708134 #53246] DEBUG -- response: content-type: "application/json; charset=UTF-8"
content-length: "60"
I, [2012-04-05T22:23:10.709742 #53246]  INFO -- : post http://172.20.10.2:9200/default/_flush
D, [2012-04-05T22:23:10.709801 #53246] DEBUG -- request: authorization: "Basic QWxhZGRpbjpvcGVuIHNlc2FtZQ=="
I, [2012-04-05T22:23:10.719513 #53246]  INFO -- Status: 200
D, [2012-04-05T22:23:10.719635 #53246] DEBUG -- response: content-type: "application/json; charset=UTF-8"
content-length: "60"
I, [2012-04-05T22:23:10.721281 #53246]  INFO -- : post http://172.20.10.2:9200/default/_refresh
D, [2012-04-05T22:23:10.721337 #53246] DEBUG -- request: authorization: "Basic QWxhZGRpbjpvcGVuIHNlc2FtZQ=="
I, [2012-04-05T22:23:10.723284 #53246]  INFO -- Status: 200
D, [2012-04-05T22:23:10.723429 #53246] DEBUG -- response: content-type: "application/json; charset=UTF-8"
content-length: "60"
I, [2012-04-05T22:23:10.725115 #53246]  INFO -- : put http://172.20.10.2:9200/for_closing
D, [2012-04-05T22:23:10.725234 #53246] DEBUG -- request: authorization: "Basic QWxhZGRpbjpvcGVuIHNlc2FtZQ=="
I, [2012-04-05T22:23:10.802208 #53246]  INFO -- Status: 200
D, [2012-04-05T22:23:10.802411 #53246] DEBUG -- response: content-type: "application/json; charset=UTF-8"
content-length: "31"
I, [2012-04-05T22:23:10.804905 #53246]  INFO -- : post http://172.20.10.2:9200/for_closing/_close
D, [2012-04-05T22:23:10.805058 #53246] DEBUG -- request: authorization: "Basic QWxhZGRpbjpvcGVuIHNlc2FtZQ=="
I, [2012-04-05T22:23:10.851266 #53246]  INFO -- Status: 200
D, [2012-04-05T22:23:10.851396 #53246] DEBUG -- response: content-type: "application/json; charset=UTF-8"
content-length: "31"
I, [2012-04-05T22:23:10.852977 #53246]  INFO -- : post http://172.20.10.2:9200/default/_refresh
D, [2012-04-05T22:23:10.853047 #53246] DEBUG -- request: authorization: "Basic QWxhZGRpbjpvcGVuIHNlc2FtZQ=="
I, [2012-04-05T22:23:10.854889 #53246]  INFO -- Status: 200
D, [2012-04-05T22:23:10.855010 #53246] DEBUG -- response: content-type: "application/json; charset=UTF-8"
content-length: "60"
I, [2012-04-05T22:23:10.857072 #53246]  INFO -- : get http://172.20.10.2:9200/for_closing/_status
D, [2012-04-05T22:23:10.857165 #53246] DEBUG -- request: authorization: "Basic QWxhZGRpbjpvcGVuIHNlc2FtZQ=="
I, [2012-04-05T22:23:10.859005 #53246]  INFO -- Status: 200
D, [2012-04-05T22:23:10.859140 #53246] DEBUG -- response: content-type: "application/json; charset=UTF-8"
content-length: "72"
I, [2012-04-05T22:23:10.861106 #53246]  INFO -- : put http://172.20.10.2:9200/for_reopening
D, [2012-04-05T22:23:10.861216 #53246] DEBUG -- request: authorization: "Basic QWxhZGRpbjpvcGVuIHNlc2FtZQ=="
I, [2012-04-05T22:23:10.940463 #53246]  INFO -- Status: 200
D, [2012-04-05T22:23:10.940626 #53246] DEBUG -- response: content-type: "application/json; charset=UTF-8"
content-length: "31"
I, [2012-04-05T22:23:10.942635 #53246]  INFO -- : post http://172.20.10.2:9200/for_reopening/_close
D, [2012-04-05T22:23:10.942728 #53246] DEBUG -- request: authorization: "Basic QWxhZGRpbjpvcGVuIHNlc2FtZQ=="
I, [2012-04-05T22:23:10.979003 #53246]  INFO -- Status: 200
D, [2012-04-05T22:23:10.979131 #53246] DEBUG -- response: content-type: "application/json; charset=UTF-8"
content-length: "31"
I, [2012-04-05T22:23:10.980676 #53246]  INFO -- : post http://172.20.10.2:9200/for_reopening/_open
D, [2012-04-05T22:23:10.980734 #53246] DEBUG -- request: authorization: "Basic QWxhZGRpbjpvcGVuIHNlc2FtZQ=="
I, [2012-04-05T22:23:11.048316 #53246]  INFO -- Status: 200
D, [2012-04-05T22:23:11.048455 #53246] DEBUG -- response: content-type: "application/json; charset=UTF-8"
content-length: "31"
I, [2012-04-05T22:23:11.050683 #53246]  INFO -- : get http://172.20.10.2:9200/for_reopening/_status
D, [2012-04-05T22:23:11.050794 #53246] DEBUG -- request: authorization: "Basic QWxhZGRpbjpvcGVuIHNlc2FtZQ=="
I, [2012-04-05T22:23:11.058135 #53246]  INFO -- Status: 200
D, [2012-04-05T22:23:11.058304 #53246] DEBUG -- response: content-type: "application/json; charset=UTF-8"
content-length: "3285"
I, [2012-04-05T22:23:11.060624 #53246]  INFO -- : put http://172.20.10.2:9200/mappings
D, [2012-04-05T22:23:11.060762 #53246] DEBUG -- request: authorization: "Basic QWxhZGRpbjpvcGVuIHNlc2FtZQ=="
I, [2012-04-05T22:23:11.139749 #53246]  INFO -- Status: 200
D, [2012-04-05T22:23:11.139945 #53246] DEBUG -- response: content-type: "application/json; charset=UTF-8"
content-length: "31"
I, [2012-04-05T22:23:11.142350 #53246]  INFO -- : put http://172.20.10.2:9200/mappings/type1/_mapping
D, [2012-04-05T22:23:11.142482 #53246] DEBUG -- request: authorization: "Basic QWxhZGRpbjpvcGVuIHNlc2FtZQ=="
I, [2012-04-05T22:23:11.174548 #53246]  INFO -- Status: 200
D, [2012-04-05T22:23:11.174701 #53246] DEBUG -- response: content-type: "application/json; charset=UTF-8"
content-length: "31"
I, [2012-04-05T22:23:11.177462 #53246]  INFO -- : get http://172.20.10.2:9200/mappings/type1/_mapping
D, [2012-04-05T22:23:11.177588 #53246] DEBUG -- request: authorization: "Basic QWxhZGRpbjpvcGVuIHNlc2FtZQ=="
I, [2012-04-05T22:23:11.181927 #53246]  INFO -- Status: 200
D, [2012-04-05T22:23:11.182097 #53246] DEBUG -- response: content-type: "application/json; charset=UTF-8"
content-length: "104"
I, [2012-04-05T22:23:11.184381 #53246]  INFO -- : post http://172.20.10.2:9200/default/_refresh
D, [2012-04-05T22:23:11.184518 #53246] DEBUG -- request: 
I, [2012-04-05T22:23:11.187264 #53246]  INFO -- Status: 200
D, [2012-04-05T22:23:11.187425 #53246] DEBUG -- response: content-type: "application/json; charset=UTF-8"
content-length: "60"
I, [2012-04-05T22:23:11.189176 #53246]  INFO -- : post http://172.20.10.2:9200/default/_refresh
D, [2012-04-05T22:23:11.189253 #53246] DEBUG -- request: 
I, [2012-04-05T22:23:11.191206 #53246]  INFO -- Status: 200
D, [2012-04-05T22:23:11.191321 #53246] DEBUG -- response: content-type: "application/json; charset=UTF-8"
content-length: "60"
I, [2012-04-05T22:23:11.193510 #53246]  INFO -- : post http://172.20.10.2:9200/default/_search
D, [2012-04-05T22:23:11.193620 #53246] DEBUG -- request: 
I, [2012-04-05T22:23:11.231962 #53246]  INFO -- Status: 200
D, [2012-04-05T22:23:11.232133 #53246] DEBUG -- response: content-type: "application/json; charset=UTF-8"
content-length: "123"
I, [2012-04-05T22:23:11.234454 #53246]  INFO -- : post http://172.20.10.2:9200/default/_refresh
D, [2012-04-05T22:23:11.234591 #53246] DEBUG -- request: 
I, [2012-04-05T22:23:11.236911 #53246]  INFO -- Status: 200
D, [2012-04-05T22:23:11.237044 #53246] DEBUG -- response: content-type: "application/json; charset=UTF-8"
content-length: "60"
I, [2012-04-05T22:23:11.238822 #53246]  INFO -- : post http://172.20.10.2:9200/default/_count
D, [2012-04-05T22:23:11.238923 #53246] DEBUG -- request: 
I, [2012-04-05T22:23:11.243520 #53246]  INFO -- Status: 200
D, [2012-04-05T22:23:11.243653 #53246] DEBUG -- response: content-type: "application/json; charset=UTF-8"
content-length: "59"
I, [2012-04-05T22:23:11.245428 #53246]  INFO -- : post http://172.20.10.2:9200/default/_refresh
D, [2012-04-05T22:23:11.245522 #53246] DEBUG -- request: 
I, [2012-04-05T22:23:11.247410 #53246]  INFO -- Status: 200
D, [2012-04-05T22:23:11.247536 #53246] DEBUG -- response: content-type: "application/json; charset=UTF-8"
content-length: "60"
I, [2012-04-05T22:23:11.249322 #53246]  INFO -- : put http://172.20.10.2:9200/default/bar/200
D, [2012-04-05T22:23:11.249403 #53246] DEBUG -- request: 
I, [2012-04-05T22:23:11.254492 #53246]  INFO -- Status: 200
D, [2012-04-05T22:23:11.254651 #53246] DEBUG -- response: content-type: "application/json; charset=UTF-8"
content-length: "69"
I, [2012-04-05T22:23:11.257271 #53246]  INFO -- : get http://172.20.10.2:9200/default/bar/200/_mlt?types%5B0%5D=bar
D, [2012-04-05T22:23:11.257405 #53246] DEBUG -- request: 
I, [2012-04-05T22:23:11.289966 #53246]  INFO -- Status: 200
D, [2012-04-05T22:23:11.290102 #53246] DEBUG -- response: content-type: "application/json; charset=UTF-8"
content-length: "123"
I, [2012-04-05T22:23:11.291803 #53246]  INFO -- : post http://172.20.10.2:9200/default/_refresh
D, [2012-04-05T22:23:11.291861 #53246] DEBUG -- request: 
I, [2012-04-05T22:23:11.297982 #53246]  INFO -- Status: 200
D, [2012-04-05T22:23:11.298102 #53246] DEBUG -- response: content-type: "application/json; charset=UTF-8"
content-length: "60"
I, [2012-04-05T22:23:11.299755 #53246]  INFO -- : post http://172.20.10.2:9200/default/_search
D, [2012-04-05T22:23:11.299808 #53246] DEBUG -- request: 
I, [2012-04-05T22:23:11.302688 #53246]  INFO -- Status: 200
D, [2012-04-05T22:23:11.302822 #53246] DEBUG -- response: content-type: "application/json; charset=UTF-8"
content-length: "122"
I, [2012-04-05T22:23:23.524358 #53261]  INFO -- : delete http://172.20.10.2:9200/_all
D, [2012-04-05T22:23:23.524596 #53261] DEBUG -- request: 
I, [2012-04-05T22:23:24.242689 #53261]  INFO -- Status: 200
D, [2012-04-05T22:23:24.242859 #53261] DEBUG -- response: content-type: "application/json; charset=UTF-8"
content-length: "31"
I, [2012-04-05T22:23:24.299456 #53261]  INFO -- : put http://172.20.10.2:9200/_bulk?index=default
D, [2012-04-05T22:23:24.299606 #53261] DEBUG -- request: 
I, [2012-04-05T22:23:24.697952 #53261]  INFO -- Status: 200
D, [2012-04-05T22:23:24.698121 #53261] DEBUG -- response: content-type: "application/json; charset=UTF-8"
content-length: "41522"
I, [2012-04-05T22:23:24.701997 #53261]  INFO -- : put http://172.20.10.2:9200/for_deletion
D, [2012-04-05T22:23:24.702153 #53261] DEBUG -- request: 
I, [2012-04-05T22:23:24.836060 #53261]  INFO -- Status: 200
D, [2012-04-05T22:23:24.836184 #53261] DEBUG -- response: content-type: "application/json; charset=UTF-8"
content-length: "31"
I, [2012-04-05T22:23:24.837641 #53261]  INFO -- : delete http://172.20.10.2:9200/for_creation
D, [2012-04-05T22:23:24.837751 #53261] DEBUG -- request: 
I, [2012-04-05T22:23:24.844463 #53261]  INFO -- Status: 404
D, [2012-04-05T22:23:24.844641 #53261] DEBUG -- response: content-type: "application/json; charset=UTF-8"
content-length: "70"
I, [2012-04-05T22:23:24.846677 #53261]  INFO -- : delete http://172.20.10.2:9200/for_creation_with_settings_and_mappings
D, [2012-04-05T22:23:24.846793 #53261] DEBUG -- request: 
I, [2012-04-05T22:23:24.860001 #53261]  INFO -- Status: 404
D, [2012-04-05T22:23:24.860175 #53261] DEBUG -- response: content-type: "application/json; charset=UTF-8"
content-length: "97"
I, [2012-04-05T22:23:24.861774 #53261]  INFO -- : delete http://172.20.10.2:9200/abc
D, [2012-04-05T22:23:24.861898 #53261] DEBUG -- request: 
I, [2012-04-05T22:23:24.865087 #53261]  INFO -- Status: 404
D, [2012-04-05T22:23:24.865258 #53261] DEBUG -- response: content-type: "application/json; charset=UTF-8"
content-length: "61"
I, [2012-04-05T22:23:24.866982 #53261]  INFO -- : delete http://172.20.10.2:9200/def
D, [2012-04-05T22:23:24.867121 #53261] DEBUG -- request: 
I, [2012-04-05T22:23:24.870591 #53261]  INFO -- Status: 404
D, [2012-04-05T22:23:24.870765 #53261] DEBUG -- response: content-type: "application/json; charset=UTF-8"
content-length: "61"
I, [2012-04-05T22:23:24.872504 #53261]  INFO -- : post http://172.20.10.2:9200/for_closing/_open
D, [2012-04-05T22:23:24.872624 #53261] DEBUG -- request: 
I, [2012-04-05T22:23:24.877822 #53261]  INFO -- Status: 404
D, [2012-04-05T22:23:24.877925 #53261] DEBUG -- response: content-type: "application/json; charset=UTF-8"
content-length: "69"
I, [2012-04-05T22:23:24.879664 #53261]  INFO -- : delete http://172.20.10.2:9200/for_closing
D, [2012-04-05T22:23:24.879778 #53261] DEBUG -- request: 
I, [2012-04-05T22:23:24.882562 #53261]  INFO -- Status: 404
D, [2012-04-05T22:23:24.882724 #53261] DEBUG -- response: content-type: "application/json; charset=UTF-8"
content-length: "69"
I, [2012-04-05T22:23:24.884356 #53261]  INFO -- : delete http://172.20.10.2:9200/for_reopening
D, [2012-04-05T22:23:24.884480 #53261] DEBUG -- request: 
I, [2012-04-05T22:23:24.886600 #53261]  INFO -- Status: 404
D, [2012-04-05T22:23:24.886752 #53261] DEBUG -- response: content-type: "application/json; charset=UTF-8"
content-length: "71"
I, [2012-04-05T22:23:24.888296 #53261]  INFO -- : delete http://172.20.10.2:9200/mappings
D, [2012-04-05T22:23:24.888408 #53261] DEBUG -- request: 
I, [2012-04-05T22:23:24.890776 #53261]  INFO -- Status: 404
D, [2012-04-05T22:23:24.890935 #53261] DEBUG -- response: content-type: "application/json; charset=UTF-8"
content-length: "66"
I, [2012-04-05T22:23:24.902541 #53261]  INFO -- : get http://172.20.10.2:9200/_cluster/health/default
D, [2012-04-05T22:23:24.902659 #53261] DEBUG -- request: 
I, [2012-04-05T22:23:24.908630 #53261]  INFO -- Status: 200
D, [2012-04-05T22:23:24.908766 #53261] DEBUG -- response: content-type: "application/json; charset=UTF-8"
content-length: "225"
I, [2012-04-05T22:23:24.910342 #53261]  INFO -- : get http://172.20.10.2:9200/_cluster/state?indices%5B0%5D=default
D, [2012-04-05T22:23:24.910406 #53261] DEBUG -- request: 
I, [2012-04-05T22:23:24.915183 #53261]  INFO -- Status: 200
D, [2012-04-05T22:23:24.915324 #53261] DEBUG -- response: content-type: "application/json; charset=UTF-8"
content-length: "5361"
I, [2012-04-05T22:23:24.917016 #53261]  INFO -- : get http://172.20.10.2:9200/_cluster/state?filter_metadata&indices%5B0%5D=default
D, [2012-04-05T22:23:24.917082 #53261] DEBUG -- request: 
I, [2012-04-05T22:23:24.920002 #53261]  INFO -- Status: 200
D, [2012-04-05T22:23:24.920109 #53261] DEBUG -- response: content-type: "application/json; charset=UTF-8"
content-length: "4925"
I, [2012-04-05T22:23:24.921845 #53261]  INFO -- : get http://172.20.10.2:9200/_cluster/nodes/?index=default
D, [2012-04-05T22:23:24.921897 #53261] DEBUG -- request: 
I, [2012-04-05T22:23:24.924848 #53261]  INFO -- Status: 200
D, [2012-04-05T22:23:24.924958 #53261] DEBUG -- response: content-type: "application/json; charset=UTF-8"
content-length: "229"
I, [2012-04-05T22:23:24.926733 #53261]  INFO -- : get http://172.20.10.2:9200/_cluster/nodes/non_existant_node?index=default
D, [2012-04-05T22:23:24.926795 #53261] DEBUG -- request: 
I, [2012-04-05T22:23:24.931271 #53261]  INFO -- Status: 200
D, [2012-04-05T22:23:24.931389 #53261] DEBUG -- response: content-type: "application/json; charset=UTF-8"
content-length: "53"
I, [2012-04-05T22:23:24.932902 #53261]  INFO -- : get http://172.20.10.2:9200/_cluster/nodes/stats?index=default
D, [2012-04-05T22:23:24.932957 #53261] DEBUG -- request: 
I, [2012-04-05T22:23:24.943361 #53261]  INFO -- Status: 200
D, [2012-04-05T22:23:24.943501 #53261] DEBUG -- response: content-type: "application/json; charset=UTF-8"
content-length: "1292"
I, [2012-04-05T22:23:24.945182 #53261]  INFO -- : put http://172.20.10.2:9200/default/bar/600
D, [2012-04-05T22:23:24.945242 #53261] DEBUG -- request: 
I, [2012-04-05T22:23:24.950909 #53261]  INFO -- Status: 201
D, [2012-04-05T22:23:24.951032 #53261] DEBUG -- response: content-type: "application/json; charset=UTF-8"
content-length: "69"
I, [2012-04-05T22:23:24.952904 #53261]  INFO -- : put http://172.20.10.2:9200/default/bar/600
D, [2012-04-05T22:23:24.952966 #53261] DEBUG -- request: 
I, [2012-04-05T22:23:24.955297 #53261]  INFO -- Status: 200
D, [2012-04-05T22:23:24.955408 #53261] DEBUG -- response: content-type: "application/json; charset=UTF-8"
content-length: "69"
I, [2012-04-05T22:23:24.956768 #53261]  INFO -- : get http://172.20.10.2:9200/default/bar/600
D, [2012-04-05T22:23:24.956818 #53261] DEBUG -- request: 
I, [2012-04-05T22:23:24.962562 #53261]  INFO -- Status: 200
D, [2012-04-05T22:23:24.962751 #53261] DEBUG -- response: content-type: "application/json; charset=UTF-8"
content-length: "101"
I, [2012-04-05T22:23:24.964722 #53261]  INFO -- : put http://172.20.10.2:9200/default/bar/600
D, [2012-04-05T22:23:24.964794 #53261] DEBUG -- request: 
I, [2012-04-05T22:23:24.966981 #53261]  INFO -- Status: 200
D, [2012-04-05T22:23:24.967102 #53261] DEBUG -- response: content-type: "application/json; charset=UTF-8"
content-length: "69"
I, [2012-04-05T22:23:24.968445 #53261]  INFO -- : delete http://172.20.10.2:9200/default/bar/600
D, [2012-04-05T22:23:24.968498 #53261] DEBUG -- request: 
I, [2012-04-05T22:23:24.972190 #53261]  INFO -- Status: 200
D, [2012-04-05T22:23:24.972380 #53261] DEBUG -- response: content-type: "application/json; charset=UTF-8"
content-length: "82"
I, [2012-04-05T22:23:24.973825 #53261]  INFO -- : put http://172.20.10.2:9200/test
D, [2012-04-05T22:23:24.973882 #53261] DEBUG -- request: 
I, [2012-04-05T22:23:25.082315 #53261]  INFO -- Status: 200
D, [2012-04-05T22:23:25.082474 #53261] DEBUG -- response: content-type: "application/json; charset=UTF-8"
content-length: "31"
I, [2012-04-05T22:23:25.084427 #53261]  INFO -- : put http://172.20.10.2:9200/_percolator/test/kuku
D, [2012-04-05T22:23:25.084547 #53261] DEBUG -- request: 
I, [2012-04-05T22:23:25.180178 #53261]  INFO -- Status: 201
D, [2012-04-05T22:23:25.180317 #53261] DEBUG -- response: content-type: "application/json; charset=UTF-8"
content-length: "75"
I, [2012-04-05T22:23:25.181898 #53261]  INFO -- : post http://172.20.10.2:9200/default/_refresh
D, [2012-04-05T22:23:25.181965 #53261] DEBUG -- request: 
I, [2012-04-05T22:23:25.199261 #53261]  INFO -- Status: 200
D, [2012-04-05T22:23:25.199389 #53261] DEBUG -- response: content-type: "application/json; charset=UTF-8"
content-length: "60"
I, [2012-04-05T22:23:25.200832 #53261]  INFO -- : post http://172.20.10.2:9200/test/type1/_percolate
D, [2012-04-05T22:23:25.200887 #53261] DEBUG -- request: 
I, [2012-04-05T22:23:25.212419 #53261]  INFO -- Status: 200
D, [2012-04-05T22:23:25.212547 #53261] DEBUG -- response: content-type: "application/json; charset=UTF-8"
content-length: "30"
I, [2012-04-05T22:23:25.215093 #53261]  INFO -- : get http://172.20.10.2:9200/missing/foo/1
D, [2012-04-05T22:23:25.215155 #53261] DEBUG -- request: authorization: "Basic QWxhZGRpbjpvcGVuIHNlc2FtZQ=="
I, [2012-04-05T22:23:25.216779 #53261]  INFO -- Status: 404
D, [2012-04-05T22:23:25.216865 #53261] DEBUG -- response: content-type: "application/json; charset=UTF-8"
content-length: "65"
I, [2012-04-05T22:23:25.218624 #53261]  INFO -- : get http://172.20.10.2:9200/missing//
D, [2012-04-05T22:23:25.218696 #53261] DEBUG -- request: authorization: "Basic QWxhZGRpbjpvcGVuIHNlc2FtZQ=="
I, [2012-04-05T22:23:25.221346 #53261]  INFO -- Status: 400
D, [2012-04-05T22:23:25.221444 #53261] DEBUG -- response: content-type: "text/plain; charset=UTF-8"
content-length: "54"
I, [2012-04-05T22:23:25.222897 #53261]  INFO -- : put http://172.20.10.2:9200/existing
D, [2012-04-05T22:23:25.222963 #53261] DEBUG -- request: authorization: "Basic QWxhZGRpbjpvcGVuIHNlc2FtZQ=="
I, [2012-04-05T22:23:25.326885 #53261]  INFO -- Status: 200
D, [2012-04-05T22:23:25.327044 #53261] DEBUG -- response: content-type: "application/json; charset=UTF-8"
content-length: "31"
I, [2012-04-05T22:23:25.329130 #53261]  INFO -- : post http://172.20.10.2:9200/default/_refresh
D, [2012-04-05T22:23:25.329270 #53261] DEBUG -- request: authorization: "Basic QWxhZGRpbjpvcGVuIHNlc2FtZQ=="
I, [2012-04-05T22:23:25.331518 #53261]  INFO -- Status: 200
D, [2012-04-05T22:23:25.331667 #53261] DEBUG -- response: content-type: "application/json; charset=UTF-8"
content-length: "60"
I, [2012-04-05T22:23:25.333724 #53261]  INFO -- : get http://172.20.10.2:9200/existing/foo/81923123
D, [2012-04-05T22:23:25.333855 #53261] DEBUG -- request: authorization: "Basic QWxhZGRpbjpvcGVuIHNlc2FtZQ=="
I, [2012-04-05T22:23:25.336624 #53261]  INFO -- Status: 404
D, [2012-04-05T22:23:25.336787 #53261] DEBUG -- response: content-type: "application/json; charset=UTF-8"
content-length: "67"
I, [2012-04-05T22:23:25.339677 #53261]  INFO -- : delete http://172.20.10.2:9200/for_deletion
D, [2012-04-05T22:23:25.339834 #53261] DEBUG -- request: authorization: "Basic QWxhZGRpbjpvcGVuIHNlc2FtZQ=="
I, [2012-04-05T22:23:25.400373 #53261]  INFO -- Status: 200
D, [2012-04-05T22:23:25.400540 #53261] DEBUG -- response: content-type: "application/json; charset=UTF-8"
content-length: "31"
I, [2012-04-05T22:23:25.402735 #53261]  INFO -- : put http://172.20.10.2:9200/for_creation
D, [2012-04-05T22:23:25.402869 #53261] DEBUG -- request: authorization: "Basic QWxhZGRpbjpvcGVuIHNlc2FtZQ=="
I, [2012-04-05T22:23:25.520744 #53261]  INFO -- Status: 200
D, [2012-04-05T22:23:25.520877 #53261] DEBUG -- response: content-type: "application/json; charset=UTF-8"
content-length: "31"
I, [2012-04-05T22:23:25.523195 #53261]  INFO -- : put http://172.20.10.2:9200/for_creation_with_settings_and_mappings
D, [2012-04-05T22:23:25.523361 #53261] DEBUG -- request: authorization: "Basic QWxhZGRpbjpvcGVuIHNlc2FtZQ=="
I, [2012-04-05T22:23:25.599097 #53261]  INFO -- Status: 200
D, [2012-04-05T22:23:25.599249 #53261] DEBUG -- response: content-type: "application/json; charset=UTF-8"
content-length: "31"
I, [2012-04-05T22:23:25.601681 #53261]  INFO -- : get http://172.20.10.2:9200/for_creation_with_settings_and_mappings/_settings
D, [2012-04-05T22:23:25.601828 #53261] DEBUG -- request: authorization: "Basic QWxhZGRpbjpvcGVuIHNlc2FtZQ=="
I, [2012-04-05T22:23:25.605955 #53261]  INFO -- Status: 200
D, [2012-04-05T22:23:25.606086 #53261] DEBUG -- response: content-type: "application/json; charset=UTF-8"
content-length: "151"
I, [2012-04-05T22:23:25.608043 #53261]  INFO -- : put http://172.20.10.2:9200/_template/foo
D, [2012-04-05T22:23:25.608169 #53261] DEBUG -- request: authorization: "Basic QWxhZGRpbjpvcGVuIHNlc2FtZQ=="
I, [2012-04-05T22:23:25.616086 #53261]  INFO -- Status: 200
D, [2012-04-05T22:23:25.616213 #53261] DEBUG -- response: content-type: "application/json; charset=UTF-8"
content-length: "31"
I, [2012-04-05T22:23:25.617780 #53261]  INFO -- : put http://172.20.10.2:9200/_template/foo
D, [2012-04-05T22:23:25.617841 #53261] DEBUG -- request: authorization: "Basic QWxhZGRpbjpvcGVuIHNlc2FtZQ=="
I, [2012-04-05T22:23:25.621507 #53261]  INFO -- Status: 200
D, [2012-04-05T22:23:25.621660 #53261] DEBUG -- response: content-type: "application/json; charset=UTF-8"
content-length: "31"
I, [2012-04-05T22:23:25.623294 #53261]  INFO -- : get http://172.20.10.2:9200/_template/foo
D, [2012-04-05T22:23:25.623369 #53261] DEBUG -- request: authorization: "Basic QWxhZGRpbjpvcGVuIHNlc2FtZQ=="
I, [2012-04-05T22:23:25.627006 #53261]  INFO -- Status: 200
D, [2012-04-05T22:23:25.627138 #53261] DEBUG -- response: content-type: "application/json; charset=UTF-8"
content-length: "195"
I, [2012-04-05T22:23:25.628770 #53261]  INFO -- : put http://172.20.10.2:9200/_template/foo
D, [2012-04-05T22:23:25.628836 #53261] DEBUG -- request: authorization: "Basic QWxhZGRpbjpvcGVuIHNlc2FtZQ=="
I, [2012-04-05T22:23:25.632181 #53261]  INFO -- Status: 200
D, [2012-04-05T22:23:25.632303 #53261] DEBUG -- response: content-type: "application/json; charset=UTF-8"
content-length: "31"
I, [2012-04-05T22:23:25.633961 #53261]  INFO -- : delete http://172.20.10.2:9200/_template/foo
D, [2012-04-05T22:23:25.634084 #53261] DEBUG -- request: authorization: "Basic QWxhZGRpbjpvcGVuIHNlc2FtZQ=="
I, [2012-04-05T22:23:25.642999 #53261]  INFO -- Status: 200
D, [2012-04-05T22:23:25.643179 #53261] DEBUG -- response: content-type: "application/json; charset=UTF-8"
content-length: "31"
I, [2012-04-05T22:23:25.645496 #53261]  INFO -- : put http://172.20.10.2:9200/abc
D, [2012-04-05T22:23:25.645587 #53261] DEBUG -- request: authorization: "Basic QWxhZGRpbjpvcGVuIHNlc2FtZQ=="
I, [2012-04-05T22:23:25.752453 #53261]  INFO -- Status: 200
D, [2012-04-05T22:23:25.752611 #53261] DEBUG -- response: content-type: "application/json; charset=UTF-8"
content-length: "31"
I, [2012-04-05T22:23:25.754331 #53261]  INFO -- : put http://172.20.10.2:9200/def
D, [2012-04-05T22:23:25.754475 #53261] DEBUG -- request: authorization: "Basic QWxhZGRpbjpvcGVuIHNlc2FtZQ=="
I, [2012-04-05T22:23:25.878515 #53261]  INFO -- Status: 200
D, [2012-04-05T22:23:25.878677 #53261] DEBUG -- response: content-type: "application/json; charset=UTF-8"
content-length: "31"
I, [2012-04-05T22:23:25.880425 #53261]  INFO -- : post http://172.20.10.2:9200/_aliases
D, [2012-04-05T22:23:25.880563 #53261] DEBUG -- request: authorization: "Basic QWxhZGRpbjpvcGVuIHNlc2FtZQ=="
I, [2012-04-05T22:23:25.915941 #53261]  INFO -- Status: 200
D, [2012-04-05T22:23:25.916099 #53261] DEBUG -- response: content-type: "application/json; charset=UTF-8"
content-length: "31"
I, [2012-04-05T22:23:25.917881 #53261]  INFO -- : get http://172.20.10.2:9200/alias/_status
D, [2012-04-05T22:23:25.917977 #53261] DEBUG -- request: authorization: "Basic QWxhZGRpbjpvcGVuIHNlc2FtZQ=="
I, [2012-04-05T22:23:25.927519 #53261]  INFO -- Status: 200
D, [2012-04-05T22:23:25.927670 #53261] DEBUG -- response: content-type: "application/json; charset=UTF-8"
content-length: "7245"
I, [2012-04-05T22:23:25.974379 #53261]  INFO -- : post http://172.20.10.2:9200/default/_refresh
D, [2012-04-05T22:23:25.974540 #53261] DEBUG -- request: authorization: "Basic QWxhZGRpbjpvcGVuIHNlc2FtZQ=="
I, [2012-04-05T22:23:25.977604 #53261]  INFO -- Status: 200
D, [2012-04-05T22:23:25.977809 #53261] DEBUG -- response: content-type: "application/json; charset=UTF-8"
content-length: "60"
I, [2012-04-05T22:23:25.980130 #53261]  INFO -- : post http://172.20.10.2:9200/default/_gateway/snapshot
D, [2012-04-05T22:23:25.980287 #53261] DEBUG -- request: authorization: "Basic QWxhZGRpbjpvcGVuIHNlc2FtZQ=="
I, [2012-04-05T22:23:25.994159 #53261]  INFO -- Status: 200
D, [2012-04-05T22:23:25.994295 #53261] DEBUG -- response: content-type: "application/json; charset=UTF-8"
content-length: "59"
I, [2012-04-05T22:23:25.996695 #53261]  INFO -- : post http://172.20.10.2:9200/default/_cache/clear?filter
D, [2012-04-05T22:23:25.996834 #53261] DEBUG -- request: authorization: "Basic QWxhZGRpbjpvcGVuIHNlc2FtZQ=="
I, [2012-04-05T22:23:26.001315 #53261]  INFO -- Status: 200
D, [2012-04-05T22:23:26.001489 #53261] DEBUG -- response: content-type: "application/json; charset=UTF-8"
content-length: "60"
I, [2012-04-05T22:23:26.003865 #53261]  INFO -- : post http://172.20.10.2:9200/default/_flush
D, [2012-04-05T22:23:26.004006 #53261] DEBUG -- request: authorization: "Basic QWxhZGRpbjpvcGVuIHNlc2FtZQ=="
I, [2012-04-05T22:23:26.018848 #53261]  INFO -- Status: 200
D, [2012-04-05T22:23:26.019036 #53261] DEBUG -- response: content-type: "application/json; charset=UTF-8"
content-length: "60"
I, [2012-04-05T22:23:26.021184 #53261]  INFO -- : post http://172.20.10.2:9200/default/_refresh
D, [2012-04-05T22:23:26.021302 #53261] DEBUG -- request: authorization: "Basic QWxhZGRpbjpvcGVuIHNlc2FtZQ=="
I, [2012-04-05T22:23:26.023426 #53261]  INFO -- Status: 200
D, [2012-04-05T22:23:26.023538 #53261] DEBUG -- response: content-type: "application/json; charset=UTF-8"
content-length: "60"
I, [2012-04-05T22:23:26.025296 #53261]  INFO -- : put http://172.20.10.2:9200/for_closing
D, [2012-04-05T22:23:26.025420 #53261] DEBUG -- request: authorization: "Basic QWxhZGRpbjpvcGVuIHNlc2FtZQ=="
I, [2012-04-05T22:23:26.124434 #53261]  INFO -- Status: 200
D, [2012-04-05T22:23:26.124599 #53261] DEBUG -- response: content-type: "application/json; charset=UTF-8"
content-length: "31"
I, [2012-04-05T22:23:26.127160 #53261]  INFO -- : post http://172.20.10.2:9200/for_closing/_close
D, [2012-04-05T22:23:26.127310 #53261] DEBUG -- request: authorization: "Basic QWxhZGRpbjpvcGVuIHNlc2FtZQ=="
I, [2012-04-05T22:23:26.173942 #53261]  INFO -- Status: 200
D, [2012-04-05T22:23:26.174078 #53261] DEBUG -- response: content-type: "application/json; charset=UTF-8"
content-length: "31"
I, [2012-04-05T22:23:26.175994 #53261]  INFO -- : post http://172.20.10.2:9200/default/_refresh
D, [2012-04-05T22:23:26.176112 #53261] DEBUG -- request: authorization: "Basic QWxhZGRpbjpvcGVuIHNlc2FtZQ=="
I, [2012-04-05T22:23:26.178501 #53261]  INFO -- Status: 200
D, [2012-04-05T22:23:26.178619 #53261] DEBUG -- response: content-type: "application/json; charset=UTF-8"
content-length: "60"
I, [2012-04-05T22:23:26.180240 #53261]  INFO -- : get http://172.20.10.2:9200/for_closing/_status
D, [2012-04-05T22:23:26.180320 #53261] DEBUG -- request: authorization: "Basic QWxhZGRpbjpvcGVuIHNlc2FtZQ=="
I, [2012-04-05T22:23:26.182125 #53261]  INFO -- Status: 200
D, [2012-04-05T22:23:26.182228 #53261] DEBUG -- response: content-type: "application/json; charset=UTF-8"
content-length: "72"
I, [2012-04-05T22:23:26.183818 #53261]  INFO -- : put http://172.20.10.2:9200/for_reopening
D, [2012-04-05T22:23:26.183925 #53261] DEBUG -- request: authorization: "Basic QWxhZGRpbjpvcGVuIHNlc2FtZQ=="
I, [2012-04-05T22:23:26.279730 #53261]  INFO -- Status: 200
D, [2012-04-05T22:23:26.279893 #53261] DEBUG -- response: content-type: "application/json; charset=UTF-8"
content-length: "31"
I, [2012-04-05T22:23:26.282076 #53261]  INFO -- : post http://172.20.10.2:9200/for_reopening/_close
D, [2012-04-05T22:23:26.282222 #53261] DEBUG -- request: authorization: "Basic QWxhZGRpbjpvcGVuIHNlc2FtZQ=="
I, [2012-04-05T22:23:26.318240 #53261]  INFO -- Status: 200
D, [2012-04-05T22:23:26.318361 #53261] DEBUG -- response: content-type: "application/json; charset=UTF-8"
content-length: "31"
I, [2012-04-05T22:23:26.319936 #53261]  INFO -- : post http://172.20.10.2:9200/for_reopening/_open
D, [2012-04-05T22:23:26.319998 #53261] DEBUG -- request: authorization: "Basic QWxhZGRpbjpvcGVuIHNlc2FtZQ=="
I, [2012-04-05T22:23:26.385440 #53261]  INFO -- Status: 200
D, [2012-04-05T22:23:26.385571 #53261] DEBUG -- response: content-type: "application/json; charset=UTF-8"
content-length: "31"
I, [2012-04-05T22:23:26.387789 #53261]  INFO -- : get http://172.20.10.2:9200/for_reopening/_status
D, [2012-04-05T22:23:26.387922 #53261] DEBUG -- request: authorization: "Basic QWxhZGRpbjpvcGVuIHNlc2FtZQ=="
I, [2012-04-05T22:23:26.395240 #53261]  INFO -- Status: 200
D, [2012-04-05T22:23:26.395415 #53261] DEBUG -- response: content-type: "application/json; charset=UTF-8"
content-length: "3285"
I, [2012-04-05T22:23:26.397822 #53261]  INFO -- : put http://172.20.10.2:9200/mappings
D, [2012-04-05T22:23:26.397970 #53261] DEBUG -- request: authorization: "Basic QWxhZGRpbjpvcGVuIHNlc2FtZQ=="
I, [2012-04-05T22:23:26.481411 #53261]  INFO -- Status: 200
D, [2012-04-05T22:23:26.481578 #53261] DEBUG -- response: content-type: "application/json; charset=UTF-8"
content-length: "31"
I, [2012-04-05T22:23:26.484133 #53261]  INFO -- : put http://172.20.10.2:9200/mappings/type1/_mapping
D, [2012-04-05T22:23:26.484280 #53261] DEBUG -- request: authorization: "Basic QWxhZGRpbjpvcGVuIHNlc2FtZQ=="
I, [2012-04-05T22:23:26.509898 #53261]  INFO -- Status: 200
D, [2012-04-05T22:23:26.510056 #53261] DEBUG -- response: content-type: "application/json; charset=UTF-8"
content-length: "31"
I, [2012-04-05T22:23:26.511986 #53261]  INFO -- : get http://172.20.10.2:9200/mappings/type1/_mapping
D, [2012-04-05T22:23:26.512070 #53261] DEBUG -- request: authorization: "Basic QWxhZGRpbjpvcGVuIHNlc2FtZQ=="
I, [2012-04-05T22:23:26.515271 #53261]  INFO -- Status: 200
D, [2012-04-05T22:23:26.515438 #53261] DEBUG -- response: content-type: "application/json; charset=UTF-8"
content-length: "104"
I, [2012-04-05T22:23:26.517719 #53261]  INFO -- : post http://172.20.10.2:9200/default/_refresh
D, [2012-04-05T22:23:26.517832 #53261] DEBUG -- request: 
I, [2012-04-05T22:23:26.519977 #53261]  INFO -- Status: 200
D, [2012-04-05T22:23:26.520115 #53261] DEBUG -- response: content-type: "application/json; charset=UTF-8"
content-length: "60"
I, [2012-04-05T22:23:26.521689 #53261]  INFO -- : post http://172.20.10.2:9200/default/_refresh
D, [2012-04-05T22:23:26.521759 #53261] DEBUG -- request: 
I, [2012-04-05T22:23:26.523574 #53261]  INFO -- Status: 200
D, [2012-04-05T22:23:26.523698 #53261] DEBUG -- response: content-type: "application/json; charset=UTF-8"
content-length: "60"
I, [2012-04-05T22:23:26.526098 #53261]  INFO -- : post http://172.20.10.2:9200/default/_search
D, [2012-04-05T22:23:26.526195 #53261] DEBUG -- request: 
I, [2012-04-05T22:23:26.554013 #53261]  INFO -- Status: 200
D, [2012-04-05T22:23:26.554149 #53261] DEBUG -- response: content-type: "application/json; charset=UTF-8"
content-length: "123"
I, [2012-04-05T22:23:26.556006 #53261]  INFO -- : post http://172.20.10.2:9200/default/_refresh
D, [2012-04-05T22:23:26.556141 #53261] DEBUG -- request: 
I, [2012-04-05T22:23:26.558094 #53261]  INFO -- Status: 200
D, [2012-04-05T22:23:26.558195 #53261] DEBUG -- response: content-type: "application/json; charset=UTF-8"
content-length: "60"
I, [2012-04-05T22:23:26.559864 #53261]  INFO -- : post http://172.20.10.2:9200/default/_count
D, [2012-04-05T22:23:26.559960 #53261] DEBUG -- request: 
I, [2012-04-05T22:23:26.565038 #53261]  INFO -- Status: 200
D, [2012-04-05T22:23:26.565174 #53261] DEBUG -- response: content-type: "application/json; charset=UTF-8"
content-length: "59"
I, [2012-04-05T22:23:26.566888 #53261]  INFO -- : post http://172.20.10.2:9200/default/_refresh
D, [2012-04-05T22:23:26.566962 #53261] DEBUG -- request: 
I, [2012-04-05T22:23:26.568810 #53261]  INFO -- Status: 200
D, [2012-04-05T22:23:26.568894 #53261] DEBUG -- response: content-type: "application/json; charset=UTF-8"
content-length: "60"
I, [2012-04-05T22:23:26.570193 #53261]  INFO -- : put http://172.20.10.2:9200/default/bar/200
D, [2012-04-05T22:23:26.570245 #53261] DEBUG -- request: 
I, [2012-04-05T22:23:26.575238 #53261]  INFO -- Status: 200
D, [2012-04-05T22:23:26.575382 #53261] DEBUG -- response: content-type: "application/json; charset=UTF-8"
content-length: "69"
I, [2012-04-05T22:23:26.578244 #53261]  INFO -- : get http://172.20.10.2:9200/default/bar/200/_mlt?types%5B0%5D=bar
D, [2012-04-05T22:23:26.578403 #53261] DEBUG -- request: 
I, [2012-04-05T22:23:26.608817 #53261]  INFO -- Status: 200
D, [2012-04-05T22:23:26.608950 #53261] DEBUG -- response: content-type: "application/json; charset=UTF-8"
content-length: "123"
I, [2012-04-05T22:23:26.611260 #53261]  INFO -- : post http://172.20.10.2:9200/default/_refresh
D, [2012-04-05T22:23:26.611383 #53261] DEBUG -- request: 
I, [2012-04-05T22:23:26.622262 #53261]  INFO -- Status: 200
D, [2012-04-05T22:23:26.622387 #53261] DEBUG -- response: content-type: "application/json; charset=UTF-8"
content-length: "60"
I, [2012-04-05T22:23:26.624068 #53261]  INFO -- : post http://172.20.10.2:9200/default/_search
D, [2012-04-05T22:23:26.624120 #53261] DEBUG -- request: 
I, [2012-04-05T22:23:26.627250 #53261]  INFO -- Status: 200
D, [2012-04-05T22:23:26.627411 #53261] DEBUG -- response: content-type: "application/json; charset=UTF-8"
content-length: "122"
I, [2012-04-05T22:29:50.350035 #53373]  INFO -- : delete http://172.20.10.2:9200/_all
D, [2012-04-05T22:29:50.350293 #53373] DEBUG -- request: 
I, [2012-04-05T22:29:51.152140 #53373]  INFO -- Status: 200
D, [2012-04-05T22:29:51.152319 #53373] DEBUG -- response: content-type: "application/json; charset=UTF-8"
content-length: "31"
I, [2012-04-05T22:29:51.194511 #53373]  INFO -- : put http://172.20.10.2:9200/_bulk?index=default
D, [2012-04-05T22:29:51.194628 #53373] DEBUG -- request: 
I, [2012-04-05T22:29:51.602274 #53373]  INFO -- Status: 200
D, [2012-04-05T22:29:51.602448 #53373] DEBUG -- response: content-type: "application/json; charset=UTF-8"
content-length: "41522"
I, [2012-04-05T22:29:51.608418 #53373]  INFO -- : put http://172.20.10.2:9200/for_deletion
D, [2012-04-05T22:29:51.608584 #53373] DEBUG -- request: 
I, [2012-04-05T22:29:51.754019 #53373]  INFO -- Status: 200
D, [2012-04-05T22:29:51.754178 #53373] DEBUG -- response: content-type: "application/json; charset=UTF-8"
content-length: "31"
I, [2012-04-05T22:29:51.755868 #53373]  INFO -- : delete http://172.20.10.2:9200/for_creation
D, [2012-04-05T22:29:51.755977 #53373] DEBUG -- request: 
I, [2012-04-05T22:29:51.760969 #53373]  INFO -- Status: 404
D, [2012-04-05T22:29:51.761138 #53373] DEBUG -- response: content-type: "application/json; charset=UTF-8"
content-length: "70"
I, [2012-04-05T22:29:51.763058 #53373]  INFO -- : delete http://172.20.10.2:9200/for_creation_with_settings_and_mappings
D, [2012-04-05T22:29:51.763186 #53373] DEBUG -- request: 
I, [2012-04-05T22:29:51.767780 #53373]  INFO -- Status: 404
D, [2012-04-05T22:29:51.767962 #53373] DEBUG -- response: content-type: "application/json; charset=UTF-8"
content-length: "97"
I, [2012-04-05T22:29:51.769708 #53373]  INFO -- : delete http://172.20.10.2:9200/abc
D, [2012-04-05T22:29:51.769830 #53373] DEBUG -- request: 
I, [2012-04-05T22:29:51.772755 #53373]  INFO -- Status: 404
D, [2012-04-05T22:29:51.772917 #53373] DEBUG -- response: content-type: "application/json; charset=UTF-8"
content-length: "61"
I, [2012-04-05T22:29:51.774477 #53373]  INFO -- : delete http://172.20.10.2:9200/def
D, [2012-04-05T22:29:51.774600 #53373] DEBUG -- request: 
I, [2012-04-05T22:29:51.781516 #53373]  INFO -- Status: 404
D, [2012-04-05T22:29:51.781697 #53373] DEBUG -- response: content-type: "application/json; charset=UTF-8"
content-length: "61"
I, [2012-04-05T22:29:51.783481 #53373]  INFO -- : post http://172.20.10.2:9200/for_closing/_open
D, [2012-04-05T22:29:51.783622 #53373] DEBUG -- request: 
I, [2012-04-05T22:29:51.788382 #53373]  INFO -- Status: 404
D, [2012-04-05T22:29:51.788550 #53373] DEBUG -- response: content-type: "application/json; charset=UTF-8"
content-length: "69"
I, [2012-04-05T22:29:51.790225 #53373]  INFO -- : delete http://172.20.10.2:9200/for_closing
D, [2012-04-05T22:29:51.790343 #53373] DEBUG -- request: 
I, [2012-04-05T22:29:51.793875 #53373]  INFO -- Status: 404
D, [2012-04-05T22:29:51.794039 #53373] DEBUG -- response: content-type: "application/json; charset=UTF-8"
content-length: "69"
I, [2012-04-05T22:29:51.795810 #53373]  INFO -- : delete http://172.20.10.2:9200/for_reopening
D, [2012-04-05T22:29:51.795940 #53373] DEBUG -- request: 
I, [2012-04-05T22:29:51.800280 #53373]  INFO -- Status: 404
D, [2012-04-05T22:29:51.800436 #53373] DEBUG -- response: content-type: "application/json; charset=UTF-8"
content-length: "71"
I, [2012-04-05T22:29:51.802126 #53373]  INFO -- : delete http://172.20.10.2:9200/mappings
D, [2012-04-05T22:29:51.802237 #53373] DEBUG -- request: 
I, [2012-04-05T22:29:51.804288 #53373]  INFO -- Status: 404
D, [2012-04-05T22:29:51.804436 #53373] DEBUG -- response: content-type: "application/json; charset=UTF-8"
content-length: "66"
I, [2012-04-05T22:29:51.817603 #53373]  INFO -- : get http://172.20.10.2:9200/_cluster/health/default
D, [2012-04-05T22:29:51.817757 #53373] DEBUG -- request: 
I, [2012-04-05T22:29:51.824730 #53373]  INFO -- Status: 200
D, [2012-04-05T22:29:51.824864 #53373] DEBUG -- response: content-type: "application/json; charset=UTF-8"
content-length: "225"
I, [2012-04-05T22:29:51.826557 #53373]  INFO -- : get http://172.20.10.2:9200/_cluster/state?indices%5B0%5D=default
D, [2012-04-05T22:29:51.826643 #53373] DEBUG -- request: 
I, [2012-04-05T22:29:51.832254 #53373]  INFO -- Status: 200
D, [2012-04-05T22:29:51.832476 #53373] DEBUG -- response: content-type: "application/json; charset=UTF-8"
content-length: "5361"
I, [2012-04-05T22:29:51.834762 #53373]  INFO -- : get http://172.20.10.2:9200/_cluster/state?filter_metadata&indices%5B0%5D=default
D, [2012-04-05T22:29:51.834891 #53373] DEBUG -- request: 
I, [2012-04-05T22:29:51.838584 #53373]  INFO -- Status: 200
D, [2012-04-05T22:29:51.838721 #53373] DEBUG -- response: content-type: "application/json; charset=UTF-8"
content-length: "4925"
I, [2012-04-05T22:29:51.840692 #53373]  INFO -- : get http://172.20.10.2:9200/_cluster/nodes/?index=default
D, [2012-04-05T22:29:51.840788 #53373] DEBUG -- request: 
I, [2012-04-05T22:29:51.844491 #53373]  INFO -- Status: 200
D, [2012-04-05T22:29:51.844651 #53373] DEBUG -- response: content-type: "application/json; charset=UTF-8"
content-length: "229"
I, [2012-04-05T22:29:51.847059 #53373]  INFO -- : get http://172.20.10.2:9200/_cluster/nodes/non_existant_node?index=default
D, [2012-04-05T22:29:51.847154 #53373] DEBUG -- request: 
I, [2012-04-05T22:29:52.259393 #53373]  INFO -- Status: 200
D, [2012-04-05T22:29:52.259524 #53373] DEBUG -- response: content-type: "application/json; charset=UTF-8"
content-length: "53"
I, [2012-04-05T22:29:52.260940 #53373]  INFO -- : get http://172.20.10.2:9200/_cluster/nodes/stats?index=default
D, [2012-04-05T22:29:52.260997 #53373] DEBUG -- request: 
I, [2012-04-05T22:29:52.268596 #53373]  INFO -- Status: 200
D, [2012-04-05T22:29:52.268725 #53373] DEBUG -- response: content-type: "application/json; charset=UTF-8"
content-length: "1292"
I, [2012-04-05T22:29:52.270470 #53373]  INFO -- : put http://172.20.10.2:9200/default/bar/600
D, [2012-04-05T22:29:52.270529 #53373] DEBUG -- request: 
I, [2012-04-05T22:29:52.276345 #53373]  INFO -- Status: 201
D, [2012-04-05T22:29:52.276469 #53373] DEBUG -- response: content-type: "application/json; charset=UTF-8"
content-length: "69"
I, [2012-04-05T22:29:52.277989 #53373]  INFO -- : put http://172.20.10.2:9200/default/bar/600
D, [2012-04-05T22:29:52.278042 #53373] DEBUG -- request: 
I, [2012-04-05T22:29:52.280110 #53373]  INFO -- Status: 200
D, [2012-04-05T22:29:52.280217 #53373] DEBUG -- response: content-type: "application/json; charset=UTF-8"
content-length: "69"
I, [2012-04-05T22:29:52.281518 #53373]  INFO -- : get http://172.20.10.2:9200/default/bar/600
D, [2012-04-05T22:29:52.281568 #53373] DEBUG -- request: 
I, [2012-04-05T22:29:52.286599 #53373]  INFO -- Status: 200
D, [2012-04-05T22:29:52.286781 #53373] DEBUG -- response: content-type: "application/json; charset=UTF-8"
content-length: "101"
I, [2012-04-05T22:29:52.288362 #53373]  INFO -- : put http://172.20.10.2:9200/default/bar/600
D, [2012-04-05T22:29:52.288421 #53373] DEBUG -- request: 
I, [2012-04-05T22:29:52.290546 #53373]  INFO -- Status: 200
D, [2012-04-05T22:29:52.290634 #53373] DEBUG -- response: content-type: "application/json; charset=UTF-8"
content-length: "69"
I, [2012-04-05T22:29:52.291816 #53373]  INFO -- : delete http://172.20.10.2:9200/default/bar/600
D, [2012-04-05T22:29:52.291866 #53373] DEBUG -- request: 
I, [2012-04-05T22:29:52.296207 #53373]  INFO -- Status: 200
D, [2012-04-05T22:29:52.296381 #53373] DEBUG -- response: content-type: "application/json; charset=UTF-8"
content-length: "82"
I, [2012-04-05T22:29:52.298420 #53373]  INFO -- : put http://172.20.10.2:9200/test
D, [2012-04-05T22:29:52.298528 #53373] DEBUG -- request: 
I, [2012-04-05T22:29:52.393970 #53373]  INFO -- Status: 200
D, [2012-04-05T22:29:52.394102 #53373] DEBUG -- response: content-type: "application/json; charset=UTF-8"
content-length: "31"
I, [2012-04-05T22:29:52.395791 #53373]  INFO -- : put http://172.20.10.2:9200/_percolator/test/kuku
D, [2012-04-05T22:29:52.395867 #53373] DEBUG -- request: 
I, [2012-04-05T22:29:52.489318 #53373]  INFO -- Status: 201
D, [2012-04-05T22:29:52.489447 #53373] DEBUG -- response: content-type: "application/json; charset=UTF-8"
content-length: "75"
I, [2012-04-05T22:29:52.491324 #53373]  INFO -- : post http://172.20.10.2:9200/default/_refresh
D, [2012-04-05T22:29:52.491402 #53373] DEBUG -- request: 
I, [2012-04-05T22:29:52.500025 #53373]  INFO -- Status: 200
D, [2012-04-05T22:29:52.500149 #53373] DEBUG -- response: content-type: "application/json; charset=UTF-8"
content-length: "60"
I, [2012-04-05T22:29:52.501579 #53373]  INFO -- : post http://172.20.10.2:9200/test/type1/_percolate
D, [2012-04-05T22:29:52.501636 #53373] DEBUG -- request: 
I, [2012-04-05T22:29:52.513141 #53373]  INFO -- Status: 200
D, [2012-04-05T22:29:52.513272 #53373] DEBUG -- response: content-type: "application/json; charset=UTF-8"
content-length: "30"
I, [2012-04-05T22:29:52.515615 #53373]  INFO -- : get http://172.20.10.2:9200/missing/foo/1
D, [2012-04-05T22:29:52.515674 #53373] DEBUG -- request: authorization: "Basic QWxhZGRpbjpvcGVuIHNlc2FtZQ=="
I, [2012-04-05T22:29:52.517227 #53373]  INFO -- Status: 404
D, [2012-04-05T22:29:52.517322 #53373] DEBUG -- response: content-type: "application/json; charset=UTF-8"
content-length: "65"
I, [2012-04-05T22:29:52.518963 #53373]  INFO -- : get http://172.20.10.2:9200/missing//
D, [2012-04-05T22:29:52.519033 #53373] DEBUG -- request: authorization: "Basic QWxhZGRpbjpvcGVuIHNlc2FtZQ=="
I, [2012-04-05T22:29:52.521601 #53373]  INFO -- Status: 400
D, [2012-04-05T22:29:52.521691 #53373] DEBUG -- response: content-type: "text/plain; charset=UTF-8"
content-length: "54"
I, [2012-04-05T22:29:52.523061 #53373]  INFO -- : put http://172.20.10.2:9200/existing
D, [2012-04-05T22:29:52.523115 #53373] DEBUG -- request: authorization: "Basic QWxhZGRpbjpvcGVuIHNlc2FtZQ=="
I, [2012-04-05T22:29:52.631892 #53373]  INFO -- Status: 200
D, [2012-04-05T22:29:52.632061 #53373] DEBUG -- response: content-type: "application/json; charset=UTF-8"
content-length: "31"
I, [2012-04-05T22:29:52.634269 #53373]  INFO -- : post http://172.20.10.2:9200/default/_refresh
D, [2012-04-05T22:29:52.634412 #53373] DEBUG -- request: authorization: "Basic QWxhZGRpbjpvcGVuIHNlc2FtZQ=="
I, [2012-04-05T22:29:52.639721 #53373]  INFO -- Status: 200
D, [2012-04-05T22:29:52.639895 #53373] DEBUG -- response: content-type: "application/json; charset=UTF-8"
content-length: "60"
I, [2012-04-05T22:29:52.642275 #53373]  INFO -- : get http://172.20.10.2:9200/existing/foo/81923123
D, [2012-04-05T22:29:52.642445 #53373] DEBUG -- request: authorization: "Basic QWxhZGRpbjpvcGVuIHNlc2FtZQ=="
I, [2012-04-05T22:29:52.646009 #53373]  INFO -- Status: 500
D, [2012-04-05T22:29:52.646182 #53373] DEBUG -- response: content-type: "application/json; charset=UTF-8"
content-length: "138"
I, [2012-04-05T22:29:52.649130 #53373]  INFO -- : delete http://172.20.10.2:9200/for_deletion
D, [2012-04-05T22:29:52.649308 #53373] DEBUG -- request: authorization: "Basic QWxhZGRpbjpvcGVuIHNlc2FtZQ=="
I, [2012-04-05T22:29:52.736871 #53373]  INFO -- Status: 200
D, [2012-04-05T22:29:52.737049 #53373] DEBUG -- response: content-type: "application/json; charset=UTF-8"
content-length: "31"
I, [2012-04-05T22:29:52.739246 #53373]  INFO -- : put http://172.20.10.2:9200/for_creation
D, [2012-04-05T22:29:52.739384 #53373] DEBUG -- request: authorization: "Basic QWxhZGRpbjpvcGVuIHNlc2FtZQ=="
I, [2012-04-05T22:29:52.855814 #53373]  INFO -- Status: 200
D, [2012-04-05T22:29:52.855989 #53373] DEBUG -- response: content-type: "application/json; charset=UTF-8"
content-length: "31"
I, [2012-04-05T22:29:52.858358 #53373]  INFO -- : put http://172.20.10.2:9200/for_creation_with_settings_and_mappings
D, [2012-04-05T22:29:52.858491 #53373] DEBUG -- request: authorization: "Basic QWxhZGRpbjpvcGVuIHNlc2FtZQ=="
I, [2012-04-05T22:29:52.916758 #53373]  INFO -- Status: 200
D, [2012-04-05T22:29:52.917039 #53373] DEBUG -- response: content-type: "application/json; charset=UTF-8"
content-length: "31"
I, [2012-04-05T22:29:52.920073 #53373]  INFO -- : get http://172.20.10.2:9200/for_creation_with_settings_and_mappings/_settings
D, [2012-04-05T22:29:52.920258 #53373] DEBUG -- request: authorization: "Basic QWxhZGRpbjpvcGVuIHNlc2FtZQ=="
I, [2012-04-05T22:29:52.926965 #53373]  INFO -- Status: 200
D, [2012-04-05T22:29:52.927098 #53373] DEBUG -- response: content-type: "application/json; charset=UTF-8"
content-length: "151"
I, [2012-04-05T22:29:52.928980 #53373]  INFO -- : put http://172.20.10.2:9200/_template/foo
D, [2012-04-05T22:29:52.929075 #53373] DEBUG -- request: authorization: "Basic QWxhZGRpbjpvcGVuIHNlc2FtZQ=="
I, [2012-04-05T22:29:52.936192 #53373]  INFO -- Status: 200
D, [2012-04-05T22:29:52.936325 #53373] DEBUG -- response: content-type: "application/json; charset=UTF-8"
content-length: "31"
I, [2012-04-05T22:29:52.937880 #53373]  INFO -- : put http://172.20.10.2:9200/_template/foo
D, [2012-04-05T22:29:52.937946 #53373] DEBUG -- request: authorization: "Basic QWxhZGRpbjpvcGVuIHNlc2FtZQ=="
I, [2012-04-05T22:29:52.941576 #53373]  INFO -- Status: 200
D, [2012-04-05T22:29:52.941753 #53373] DEBUG -- response: content-type: "application/json; charset=UTF-8"
content-length: "31"
I, [2012-04-05T22:29:52.943176 #53373]  INFO -- : get http://172.20.10.2:9200/_template/foo
D, [2012-04-05T22:29:52.943238 #53373] DEBUG -- request: authorization: "Basic QWxhZGRpbjpvcGVuIHNlc2FtZQ=="
I, [2012-04-05T22:29:52.946101 #53373]  INFO -- Status: 200
D, [2012-04-05T22:29:52.946201 #53373] DEBUG -- response: content-type: "application/json; charset=UTF-8"
content-length: "195"
I, [2012-04-05T22:29:52.947631 #53373]  INFO -- : put http://172.20.10.2:9200/_template/foo
D, [2012-04-05T22:29:52.947691 #53373] DEBUG -- request: authorization: "Basic QWxhZGRpbjpvcGVuIHNlc2FtZQ=="
I, [2012-04-05T22:29:52.950869 #53373]  INFO -- Status: 200
D, [2012-04-05T22:29:52.950964 #53373] DEBUG -- response: content-type: "application/json; charset=UTF-8"
content-length: "31"
I, [2012-04-05T22:29:52.952662 #53373]  INFO -- : delete http://172.20.10.2:9200/_template/foo
D, [2012-04-05T22:29:52.952794 #53373] DEBUG -- request: authorization: "Basic QWxhZGRpbjpvcGVuIHNlc2FtZQ=="
I, [2012-04-05T22:29:52.959053 #53373]  INFO -- Status: 200
D, [2012-04-05T22:29:52.959181 #53373] DEBUG -- response: content-type: "application/json; charset=UTF-8"
content-length: "31"
I, [2012-04-05T22:29:52.960666 #53373]  INFO -- : put http://172.20.10.2:9200/abc
D, [2012-04-05T22:29:52.960726 #53373] DEBUG -- request: authorization: "Basic QWxhZGRpbjpvcGVuIHNlc2FtZQ=="
I, [2012-04-05T22:29:53.045872 #53373]  INFO -- Status: 200
D, [2012-04-05T22:29:53.046038 #53373] DEBUG -- response: content-type: "application/json; charset=UTF-8"
content-length: "31"
I, [2012-04-05T22:29:53.047899 #53373]  INFO -- : put http://172.20.10.2:9200/def
D, [2012-04-05T22:29:53.048044 #53373] DEBUG -- request: authorization: "Basic QWxhZGRpbjpvcGVuIHNlc2FtZQ=="
I, [2012-04-05T22:29:53.149119 #53373]  INFO -- Status: 200
D, [2012-04-05T22:29:53.149277 #53373] DEBUG -- response: content-type: "application/json; charset=UTF-8"
content-length: "31"
I, [2012-04-05T22:29:53.150935 #53373]  INFO -- : post http://172.20.10.2:9200/_aliases
D, [2012-04-05T22:29:53.151066 #53373] DEBUG -- request: authorization: "Basic QWxhZGRpbjpvcGVuIHNlc2FtZQ=="
I, [2012-04-05T22:29:53.196684 #53373]  INFO -- Status: 200
D, [2012-04-05T22:29:53.196861 #53373] DEBUG -- response: content-type: "application/json; charset=UTF-8"
content-length: "31"
I, [2012-04-05T22:29:53.198818 #53373]  INFO -- : get http://172.20.10.2:9200/alias/_status
D, [2012-04-05T22:29:53.198937 #53373] DEBUG -- request: authorization: "Basic QWxhZGRpbjpvcGVuIHNlc2FtZQ=="
I, [2012-04-05T22:29:53.208442 #53373]  INFO -- Status: 200
D, [2012-04-05T22:29:53.208602 #53373] DEBUG -- response: content-type: "application/json; charset=UTF-8"
content-length: "7245"
I, [2012-04-05T22:29:53.246051 #53373]  INFO -- : post http://172.20.10.2:9200/default/_refresh
D, [2012-04-05T22:29:53.246197 #53373] DEBUG -- request: authorization: "Basic QWxhZGRpbjpvcGVuIHNlc2FtZQ=="
I, [2012-04-05T22:29:53.248725 #53373]  INFO -- Status: 200
D, [2012-04-05T22:29:53.248841 #53373] DEBUG -- response: content-type: "application/json; charset=UTF-8"
content-length: "60"
I, [2012-04-05T22:29:53.250594 #53373]  INFO -- : post http://172.20.10.2:9200/default/_gateway/snapshot
D, [2012-04-05T22:29:53.250680 #53373] DEBUG -- request: authorization: "Basic QWxhZGRpbjpvcGVuIHNlc2FtZQ=="
I, [2012-04-05T22:29:53.258532 #53373]  INFO -- Status: 200
D, [2012-04-05T22:29:53.258696 #53373] DEBUG -- response: content-type: "application/json; charset=UTF-8"
content-length: "59"
I, [2012-04-05T22:29:53.261166 #53373]  INFO -- : post http://172.20.10.2:9200/default/_cache/clear?filter
D, [2012-04-05T22:29:53.261312 #53373] DEBUG -- request: authorization: "Basic QWxhZGRpbjpvcGVuIHNlc2FtZQ=="
I, [2012-04-05T22:29:53.265735 #53373]  INFO -- Status: 200
D, [2012-04-05T22:29:53.265868 #53373] DEBUG -- response: content-type: "application/json; charset=UTF-8"
content-length: "60"
I, [2012-04-05T22:29:53.267627 #53373]  INFO -- : post http://172.20.10.2:9200/default/_flush
D, [2012-04-05T22:29:53.267712 #53373] DEBUG -- request: authorization: "Basic QWxhZGRpbjpvcGVuIHNlc2FtZQ=="
I, [2012-04-05T22:29:53.282585 #53373]  INFO -- Status: 200
D, [2012-04-05T22:29:53.282775 #53373] DEBUG -- response: content-type: "application/json; charset=UTF-8"
content-length: "60"
I, [2012-04-05T22:29:53.285301 #53373]  INFO -- : post http://172.20.10.2:9200/default/_refresh
D, [2012-04-05T22:29:53.285469 #53373] DEBUG -- request: authorization: "Basic QWxhZGRpbjpvcGVuIHNlc2FtZQ=="
I, [2012-04-05T22:29:53.289707 #53373]  INFO -- Status: 200
D, [2012-04-05T22:29:53.289846 #53373] DEBUG -- response: content-type: "application/json; charset=UTF-8"
content-length: "60"
I, [2012-04-05T22:29:53.291665 #53373]  INFO -- : put http://172.20.10.2:9200/for_closing
D, [2012-04-05T22:29:53.291810 #53373] DEBUG -- request: authorization: "Basic QWxhZGRpbjpvcGVuIHNlc2FtZQ=="
I, [2012-04-05T22:29:53.388290 #53373]  INFO -- Status: 200
D, [2012-04-05T22:29:53.388455 #53373] DEBUG -- response: content-type: "application/json; charset=UTF-8"
content-length: "31"
I, [2012-04-05T22:29:53.390601 #53373]  INFO -- : post http://172.20.10.2:9200/for_closing/_close
D, [2012-04-05T22:29:53.390735 #53373] DEBUG -- request: authorization: "Basic QWxhZGRpbjpvcGVuIHNlc2FtZQ=="
I, [2012-04-05T22:29:53.448909 #53373]  INFO -- Status: 200
D, [2012-04-05T22:29:53.449052 #53373] DEBUG -- response: content-type: "application/json; charset=UTF-8"
content-length: "31"
I, [2012-04-05T22:29:53.450973 #53373]  INFO -- : post http://172.20.10.2:9200/default/_refresh
D, [2012-04-05T22:29:53.451129 #53373] DEBUG -- request: authorization: "Basic QWxhZGRpbjpvcGVuIHNlc2FtZQ=="
I, [2012-04-05T22:29:53.453616 #53373]  INFO -- Status: 200
D, [2012-04-05T22:29:53.453781 #53373] DEBUG -- response: content-type: "application/json; charset=UTF-8"
content-length: "60"
I, [2012-04-05T22:29:53.455912 #53373]  INFO -- : get http://172.20.10.2:9200/for_closing/_status
D, [2012-04-05T22:29:53.456064 #53373] DEBUG -- request: authorization: "Basic QWxhZGRpbjpvcGVuIHNlc2FtZQ=="
I, [2012-04-05T22:29:53.458403 #53373]  INFO -- Status: 200
D, [2012-04-05T22:29:53.458563 #53373] DEBUG -- response: content-type: "application/json; charset=UTF-8"
content-length: "72"
I, [2012-04-05T22:29:53.460429 #53373]  INFO -- : put http://172.20.10.2:9200/for_reopening
D, [2012-04-05T22:29:53.460578 #53373] DEBUG -- request: authorization: "Basic QWxhZGRpbjpvcGVuIHNlc2FtZQ=="
I, [2012-04-05T22:29:53.550692 #53373]  INFO -- Status: 200
D, [2012-04-05T22:29:53.550848 #53373] DEBUG -- response: content-type: "application/json; charset=UTF-8"
content-length: "31"
I, [2012-04-05T22:29:53.552999 #53373]  INFO -- : post http://172.20.10.2:9200/for_reopening/_close
D, [2012-04-05T22:29:53.553137 #53373] DEBUG -- request: authorization: "Basic QWxhZGRpbjpvcGVuIHNlc2FtZQ=="
I, [2012-04-05T22:29:53.596774 #53373]  INFO -- Status: 200
D, [2012-04-05T22:29:53.596941 #53373] DEBUG -- response: content-type: "application/json; charset=UTF-8"
content-length: "31"
I, [2012-04-05T22:29:53.599073 #53373]  INFO -- : post http://172.20.10.2:9200/for_reopening/_open
D, [2012-04-05T22:29:53.599215 #53373] DEBUG -- request: authorization: "Basic QWxhZGRpbjpvcGVuIHNlc2FtZQ=="
I, [2012-04-05T22:29:53.700678 #53373]  INFO -- Status: 200
D, [2012-04-05T22:29:53.700842 #53373] DEBUG -- response: content-type: "application/json; charset=UTF-8"
content-length: "31"
I, [2012-04-05T22:29:53.703107 #53373]  INFO -- : get http://172.20.10.2:9200/for_reopening/_status
D, [2012-04-05T22:29:53.703234 #53373] DEBUG -- request: authorization: "Basic QWxhZGRpbjpvcGVuIHNlc2FtZQ=="
I, [2012-04-05T22:29:53.711286 #53373]  INFO -- Status: 200
D, [2012-04-05T22:29:53.711465 #53373] DEBUG -- response: content-type: "application/json; charset=UTF-8"
content-length: "3300"
I, [2012-04-05T22:29:53.715328 #53373]  INFO -- : put http://172.20.10.2:9200/mappings
D, [2012-04-05T22:29:53.715507 #53373] DEBUG -- request: authorization: "Basic QWxhZGRpbjpvcGVuIHNlc2FtZQ=="
I, [2012-04-05T22:29:53.797062 #53373]  INFO -- Status: 200
D, [2012-04-05T22:29:53.797226 #53373] DEBUG -- response: content-type: "application/json; charset=UTF-8"
content-length: "31"
I, [2012-04-05T22:29:53.799646 #53373]  INFO -- : put http://172.20.10.2:9200/mappings/type1/_mapping
D, [2012-04-05T22:29:53.799773 #53373] DEBUG -- request: authorization: "Basic QWxhZGRpbjpvcGVuIHNlc2FtZQ=="
I, [2012-04-05T22:29:53.838376 #53373]  INFO -- Status: 200
D, [2012-04-05T22:29:53.838499 #53373] DEBUG -- response: content-type: "application/json; charset=UTF-8"
content-length: "31"
I, [2012-04-05T22:29:53.840254 #53373]  INFO -- : get http://172.20.10.2:9200/mappings/type1/_mapping
D, [2012-04-05T22:29:53.840315 #53373] DEBUG -- request: authorization: "Basic QWxhZGRpbjpvcGVuIHNlc2FtZQ=="
I, [2012-04-05T22:29:53.843140 #53373]  INFO -- Status: 200
D, [2012-04-05T22:29:53.843248 #53373] DEBUG -- response: content-type: "application/json; charset=UTF-8"
content-length: "104"
I, [2012-04-05T22:29:53.844814 #53373]  INFO -- : post http://172.20.10.2:9200/default/_refresh
D, [2012-04-05T22:29:53.844871 #53373] DEBUG -- request: 
I, [2012-04-05T22:29:53.846381 #53373]  INFO -- Status: 200
D, [2012-04-05T22:29:53.846455 #53373] DEBUG -- response: content-type: "application/json; charset=UTF-8"
content-length: "60"
I, [2012-04-05T22:29:53.847853 #53373]  INFO -- : post http://172.20.10.2:9200/default/_refresh
D, [2012-04-05T22:29:53.847907 #53373] DEBUG -- request: 
I, [2012-04-05T22:29:53.849229 #53373]  INFO -- Status: 200
D, [2012-04-05T22:29:53.849295 #53373] DEBUG -- response: content-type: "application/json; charset=UTF-8"
content-length: "60"
I, [2012-04-05T22:29:53.850660 #53373]  INFO -- : post http://172.20.10.2:9200/default/_search
D, [2012-04-05T22:29:53.850711 #53373] DEBUG -- request: 
I, [2012-04-05T22:29:53.878956 #53373]  INFO -- Status: 200
D, [2012-04-05T22:29:53.879096 #53373] DEBUG -- response: content-type: "application/json; charset=UTF-8"
content-length: "123"
I, [2012-04-05T22:29:53.880876 #53373]  INFO -- : post http://172.20.10.2:9200/default/_refresh
D, [2012-04-05T22:29:53.880935 #53373] DEBUG -- request: 
I, [2012-04-05T22:29:53.882792 #53373]  INFO -- Status: 200
D, [2012-04-05T22:29:53.882872 #53373] DEBUG -- response: content-type: "application/json; charset=UTF-8"
content-length: "60"
I, [2012-04-05T22:29:53.884256 #53373]  INFO -- : post http://172.20.10.2:9200/default/_count
D, [2012-04-05T22:29:53.884305 #53373] DEBUG -- request: 
I, [2012-04-05T22:29:53.888132 #53373]  INFO -- Status: 200
D, [2012-04-05T22:29:53.888238 #53373] DEBUG -- response: content-type: "application/json; charset=UTF-8"
content-length: "59"
I, [2012-04-05T22:29:53.890466 #53373]  INFO -- : post http://172.20.10.2:9200/default/_refresh
D, [2012-04-05T22:29:53.890547 #53373] DEBUG -- request: 
I, [2012-04-05T22:29:53.892433 #53373]  INFO -- Status: 200
D, [2012-04-05T22:29:53.892508 #53373] DEBUG -- response: content-type: "application/json; charset=UTF-8"
content-length: "60"
I, [2012-04-05T22:29:53.893751 #53373]  INFO -- : put http://172.20.10.2:9200/default/bar/200
D, [2012-04-05T22:29:53.893803 #53373] DEBUG -- request: 
I, [2012-04-05T22:29:53.898507 #53373]  INFO -- Status: 200
D, [2012-04-05T22:29:53.898657 #53373] DEBUG -- response: content-type: "application/json; charset=UTF-8"
content-length: "69"
I, [2012-04-05T22:29:53.901317 #53373]  INFO -- : get http://172.20.10.2:9200/default/bar/200/_mlt?types%5B0%5D=bar
D, [2012-04-05T22:29:53.901432 #53373] DEBUG -- request: 
I, [2012-04-05T22:29:53.923496 #53373]  INFO -- Status: 200
D, [2012-04-05T22:29:53.923641 #53373] DEBUG -- response: content-type: "application/json; charset=UTF-8"
content-length: "123"
I, [2012-04-05T22:29:53.925360 #53373]  INFO -- : post http://172.20.10.2:9200/default/_refresh
D, [2012-04-05T22:29:53.925429 #53373] DEBUG -- request: 
I, [2012-04-05T22:29:53.935124 #53373]  INFO -- Status: 200
D, [2012-04-05T22:29:53.935251 #53373] DEBUG -- response: content-type: "application/json; charset=UTF-8"
content-length: "60"
I, [2012-04-05T22:29:53.936979 #53373]  INFO -- : post http://172.20.10.2:9200/default/_search
D, [2012-04-05T22:29:53.937031 #53373] DEBUG -- request: 
I, [2012-04-05T22:29:53.939904 #53373]  INFO -- Status: 200
D, [2012-04-05T22:29:53.940011 #53373] DEBUG -- response: content-type: "application/json; charset=UTF-8"
content-length: "122"
I, [2012-04-05T22:30:03.716769 #53388]  INFO -- : delete http://172.20.10.2:9200/_all
D, [2012-04-05T22:30:03.717015 #53388] DEBUG -- request: 
I, [2012-04-05T22:30:04.504801 #53388]  INFO -- Status: 200
D, [2012-04-05T22:30:04.504986 #53388] DEBUG -- response: content-type: "application/json; charset=UTF-8"
content-length: "31"
I, [2012-04-05T22:30:04.560219 #53388]  INFO -- : put http://172.20.10.2:9200/_bulk?index=default
D, [2012-04-05T22:30:04.560378 #53388] DEBUG -- request: 
I, [2012-04-05T22:30:04.943932 #53388]  INFO -- Status: 200
D, [2012-04-05T22:30:04.944084 #53388] DEBUG -- response: content-type: "application/json; charset=UTF-8"
content-length: "40914"
I, [2012-04-05T22:30:04.948153 #53388]  INFO -- : put http://172.20.10.2:9200/for_deletion
D, [2012-04-05T22:30:04.948324 #53388] DEBUG -- request: 
I, [2012-04-05T22:30:05.062914 #53388]  INFO -- Status: 200
D, [2012-04-05T22:30:05.063073 #53388] DEBUG -- response: content-type: "application/json; charset=UTF-8"
content-length: "31"
I, [2012-04-05T22:30:05.064710 #53388]  INFO -- : delete http://172.20.10.2:9200/for_creation
D, [2012-04-05T22:30:05.064830 #53388] DEBUG -- request: 
I, [2012-04-05T22:30:05.068852 #53388]  INFO -- Status: 404
D, [2012-04-05T22:30:05.069010 #53388] DEBUG -- response: content-type: "application/json; charset=UTF-8"
content-length: "70"
I, [2012-04-05T22:30:05.070762 #53388]  INFO -- : delete http://172.20.10.2:9200/for_creation_with_settings_and_mappings
D, [2012-04-05T22:30:05.070880 #53388] DEBUG -- request: 
I, [2012-04-05T22:30:05.073338 #53388]  INFO -- Status: 404
D, [2012-04-05T22:30:05.073488 #53388] DEBUG -- response: content-type: "application/json; charset=UTF-8"
content-length: "97"
I, [2012-04-05T22:30:05.074960 #53388]  INFO -- : delete http://172.20.10.2:9200/abc
D, [2012-04-05T22:30:05.075054 #53388] DEBUG -- request: 
I, [2012-04-05T22:30:05.077387 #53388]  INFO -- Status: 404
D, [2012-04-05T22:30:05.077533 #53388] DEBUG -- response: content-type: "application/json; charset=UTF-8"
content-length: "61"
I, [2012-04-05T22:30:05.079005 #53388]  INFO -- : delete http://172.20.10.2:9200/def
D, [2012-04-05T22:30:05.079111 #53388] DEBUG -- request: 
I, [2012-04-05T22:30:05.083661 #53388]  INFO -- Status: 404
D, [2012-04-05T22:30:05.083854 #53388] DEBUG -- response: content-type: "application/json; charset=UTF-8"
content-length: "61"
I, [2012-04-05T22:30:05.085172 #53388]  INFO -- : post http://172.20.10.2:9200/for_closing/_open
D, [2012-04-05T22:30:05.085237 #53388] DEBUG -- request: 
I, [2012-04-05T22:30:05.088396 #53388]  INFO -- Status: 404
D, [2012-04-05T22:30:05.088541 #53388] DEBUG -- response: content-type: "application/json; charset=UTF-8"
content-length: "69"
I, [2012-04-05T22:30:05.089900 #53388]  INFO -- : delete http://172.20.10.2:9200/for_closing
D, [2012-04-05T22:30:05.089988 #53388] DEBUG -- request: 
I, [2012-04-05T22:30:05.092105 #53388]  INFO -- Status: 404
D, [2012-04-05T22:30:05.092212 #53388] DEBUG -- response: content-type: "application/json; charset=UTF-8"
content-length: "69"
I, [2012-04-05T22:30:05.093366 #53388]  INFO -- : delete http://172.20.10.2:9200/for_reopening
D, [2012-04-05T22:30:05.093454 #53388] DEBUG -- request: 
I, [2012-04-05T22:30:05.094953 #53388]  INFO -- Status: 404
D, [2012-04-05T22:30:05.095059 #53388] DEBUG -- response: content-type: "application/json; charset=UTF-8"
content-length: "71"
I, [2012-04-05T22:30:05.096288 #53388]  INFO -- : delete http://172.20.10.2:9200/mappings
D, [2012-04-05T22:30:05.096371 #53388] DEBUG -- request: 
I, [2012-04-05T22:30:05.098524 #53388]  INFO -- Status: 404
D, [2012-04-05T22:30:05.098641 #53388] DEBUG -- response: content-type: "application/json; charset=UTF-8"
content-length: "66"
I, [2012-04-05T22:30:05.108210 #53388]  INFO -- : get http://172.20.10.2:9200/_cluster/health/default
D, [2012-04-05T22:30:05.108302 #53388] DEBUG -- request: 
I, [2012-04-05T22:30:05.113473 #53388]  INFO -- Status: 200
D, [2012-04-05T22:30:05.113591 #53388] DEBUG -- response: content-type: "application/json; charset=UTF-8"
content-length: "225"
I, [2012-04-05T22:30:05.115078 #53388]  INFO -- : get http://172.20.10.2:9200/_cluster/state?indices%5B0%5D=default
D, [2012-04-05T22:30:05.115136 #53388] DEBUG -- request: 
I, [2012-04-05T22:30:05.119802 #53388]  INFO -- Status: 200
D, [2012-04-05T22:30:05.119919 #53388] DEBUG -- response: content-type: "application/json; charset=UTF-8"
content-length: "5349"
I, [2012-04-05T22:30:05.121693 #53388]  INFO -- : get http://172.20.10.2:9200/_cluster/state?filter_metadata&indices%5B0%5D=default
D, [2012-04-05T22:30:05.121748 #53388] DEBUG -- request: 
I, [2012-04-05T22:30:05.124164 #53388]  INFO -- Status: 200
D, [2012-04-05T22:30:05.124287 #53388] DEBUG -- response: content-type: "application/json; charset=UTF-8"
content-length: "4938"
I, [2012-04-05T22:30:05.126173 #53388]  INFO -- : get http://172.20.10.2:9200/_cluster/nodes/?index=default
D, [2012-04-05T22:30:05.126230 #53388] DEBUG -- request: 
I, [2012-04-05T22:30:05.129315 #53388]  INFO -- Status: 200
D, [2012-04-05T22:30:05.129404 #53388] DEBUG -- response: content-type: "application/json; charset=UTF-8"
content-length: "242"
I, [2012-04-05T22:30:05.131021 #53388]  INFO -- : get http://172.20.10.2:9200/_cluster/nodes/non_existant_node?index=default
D, [2012-04-05T22:30:05.131076 #53388] DEBUG -- request: 
I, [2012-04-05T22:30:05.135574 #53388]  INFO -- Status: 200
D, [2012-04-05T22:30:05.135739 #53388] DEBUG -- response: content-type: "application/json; charset=UTF-8"
content-length: "53"
I, [2012-04-05T22:30:05.137421 #53388]  INFO -- : get http://172.20.10.2:9200/_cluster/nodes/stats?index=default
D, [2012-04-05T22:30:05.137502 #53388] DEBUG -- request: 
I, [2012-04-05T22:30:05.152068 #53388]  INFO -- Status: 200
D, [2012-04-05T22:30:05.152197 #53388] DEBUG -- response: content-type: "application/json; charset=UTF-8"
content-length: "1299"
I, [2012-04-05T22:30:05.153863 #53388]  INFO -- : put http://172.20.10.2:9200/default/bar/600
D, [2012-04-05T22:30:05.153918 #53388] DEBUG -- request: 
I, [2012-04-05T22:30:05.161930 #53388]  INFO -- Status: 201
D, [2012-04-05T22:30:05.162069 #53388] DEBUG -- response: content-type: "application/json; charset=UTF-8"
content-length: "69"
I, [2012-04-05T22:30:05.164343 #53388]  INFO -- : put http://172.20.10.2:9200/default/bar/600
D, [2012-04-05T22:30:05.164475 #53388] DEBUG -- request: 
I, [2012-04-05T22:30:05.167857 #53388]  INFO -- Status: 200
D, [2012-04-05T22:30:05.167990 #53388] DEBUG -- response: content-type: "application/json; charset=UTF-8"
content-length: "69"
I, [2012-04-05T22:30:05.169588 #53388]  INFO -- : get http://172.20.10.2:9200/default/bar/600
D, [2012-04-05T22:30:05.169678 #53388] DEBUG -- request: 
I, [2012-04-05T22:30:05.175942 #53388]  INFO -- Status: 200
D, [2012-04-05T22:30:05.176110 #53388] DEBUG -- response: content-type: "application/json; charset=UTF-8"
content-length: "101"
I, [2012-04-05T22:30:05.177850 #53388]  INFO -- : put http://172.20.10.2:9200/default/bar/600
D, [2012-04-05T22:30:05.177918 #53388] DEBUG -- request: 
I, [2012-04-05T22:30:05.180443 #53388]  INFO -- Status: 200
D, [2012-04-05T22:30:05.180580 #53388] DEBUG -- response: content-type: "application/json; charset=UTF-8"
content-length: "69"
I, [2012-04-05T22:30:05.182581 #53388]  INFO -- : delete http://172.20.10.2:9200/default/bar/600
D, [2012-04-05T22:30:05.182699 #53388] DEBUG -- request: 
I, [2012-04-05T22:30:05.186704 #53388]  INFO -- Status: 200
D, [2012-04-05T22:30:05.186924 #53388] DEBUG -- response: content-type: "application/json; charset=UTF-8"
content-length: "82"
I, [2012-04-05T22:30:05.188593 #53388]  INFO -- : put http://172.20.10.2:9200/test
D, [2012-04-05T22:30:05.188694 #53388] DEBUG -- request: 
I, [2012-04-05T22:30:05.288973 #53388]  INFO -- Status: 200
D, [2012-04-05T22:30:05.289134 #53388] DEBUG -- response: content-type: "application/json; charset=UTF-8"
content-length: "31"
I, [2012-04-05T22:30:05.291071 #53388]  INFO -- : put http://172.20.10.2:9200/_percolator/test/kuku
D, [2012-04-05T22:30:05.291187 #53388] DEBUG -- request: 
I, [2012-04-05T22:30:05.370960 #53388]  INFO -- Status: 201
D, [2012-04-05T22:30:05.371125 #53388] DEBUG -- response: content-type: "application/json; charset=UTF-8"
content-length: "75"
I, [2012-04-05T22:30:05.373174 #53388]  INFO -- : post http://172.20.10.2:9200/default/_refresh
D, [2012-04-05T22:30:05.373241 #53388] DEBUG -- request: 
I, [2012-04-05T22:30:05.404761 #53388]  INFO -- Status: 200
D, [2012-04-05T22:30:05.404927 #53388] DEBUG -- response: content-type: "application/json; charset=UTF-8"
content-length: "60"
I, [2012-04-05T22:30:05.406683 #53388]  INFO -- : post http://172.20.10.2:9200/test/type1/_percolate
D, [2012-04-05T22:30:05.406771 #53388] DEBUG -- request: 
I, [2012-04-05T22:30:05.419712 #53388]  INFO -- Status: 200
D, [2012-04-05T22:30:05.419873 #53388] DEBUG -- response: content-type: "application/json; charset=UTF-8"
content-length: "30"
I, [2012-04-05T22:30:05.423310 #53388]  INFO -- : get http://172.20.10.2:9200/missing/foo/1
D, [2012-04-05T22:30:05.423416 #53388] DEBUG -- request: authorization: "Basic QWxhZGRpbjpvcGVuIHNlc2FtZQ=="
I, [2012-04-05T22:30:05.425243 #53388]  INFO -- Status: 404
D, [2012-04-05T22:30:05.425382 #53388] DEBUG -- response: content-type: "application/json; charset=UTF-8"
content-length: "65"
I, [2012-04-05T22:30:05.427846 #53388]  INFO -- : get http://172.20.10.2:9200/missing//
D, [2012-04-05T22:30:05.427961 #53388] DEBUG -- request: authorization: "Basic QWxhZGRpbjpvcGVuIHNlc2FtZQ=="
I, [2012-04-05T22:30:05.430902 #53388]  INFO -- Status: 400
D, [2012-04-05T22:30:05.431057 #53388] DEBUG -- response: content-type: "text/plain; charset=UTF-8"
content-length: "54"
I, [2012-04-05T22:30:05.433101 #53388]  INFO -- : put http://172.20.10.2:9200/existing
D, [2012-04-05T22:30:05.433221 #53388] DEBUG -- request: authorization: "Basic QWxhZGRpbjpvcGVuIHNlc2FtZQ=="
I, [2012-04-05T22:30:05.536806 #53388]  INFO -- Status: 200
D, [2012-04-05T22:30:05.536997 #53388] DEBUG -- response: content-type: "application/json; charset=UTF-8"
content-length: "31"
I, [2012-04-05T22:30:05.539298 #53388]  INFO -- : post http://172.20.10.2:9200/default/_refresh
D, [2012-04-05T22:30:05.539455 #53388] DEBUG -- request: authorization: "Basic QWxhZGRpbjpvcGVuIHNlc2FtZQ=="
I, [2012-04-05T22:30:05.543554 #53388]  INFO -- Status: 200
D, [2012-04-05T22:30:05.543716 #53388] DEBUG -- response: content-type: "application/json; charset=UTF-8"
content-length: "60"
I, [2012-04-05T22:30:05.546024 #53388]  INFO -- : get http://172.20.10.2:9200/existing/foo/81923123
D, [2012-04-05T22:30:05.546176 #53388] DEBUG -- request: authorization: "Basic QWxhZGRpbjpvcGVuIHNlc2FtZQ=="
I, [2012-04-05T22:30:05.549265 #53388]  INFO -- Status: 404
D, [2012-04-05T22:30:05.549425 #53388] DEBUG -- response: content-type: "application/json; charset=UTF-8"
content-length: "67"
I, [2012-04-05T22:30:05.552277 #53388]  INFO -- : delete http://172.20.10.2:9200/for_deletion
D, [2012-04-05T22:30:05.552430 #53388] DEBUG -- request: authorization: "Basic QWxhZGRpbjpvcGVuIHNlc2FtZQ=="
I, [2012-04-05T22:30:05.613577 #53388]  INFO -- Status: 200
D, [2012-04-05T22:30:05.613710 #53388] DEBUG -- response: content-type: "application/json; charset=UTF-8"
content-length: "31"
I, [2012-04-05T22:30:05.615311 #53388]  INFO -- : put http://172.20.10.2:9200/for_creation
D, [2012-04-05T22:30:05.615413 #53388] DEBUG -- request: authorization: "Basic QWxhZGRpbjpvcGVuIHNlc2FtZQ=="
I, [2012-04-05T22:30:05.730637 #53388]  INFO -- Status: 200
D, [2012-04-05T22:30:05.730808 #53388] DEBUG -- response: content-type: "application/json; charset=UTF-8"
content-length: "31"
I, [2012-04-05T22:30:05.733229 #53388]  INFO -- : put http://172.20.10.2:9200/for_creation_with_settings_and_mappings
D, [2012-04-05T22:30:05.733389 #53388] DEBUG -- request: authorization: "Basic QWxhZGRpbjpvcGVuIHNlc2FtZQ=="
I, [2012-04-05T22:30:05.810421 #53388]  INFO -- Status: 200
D, [2012-04-05T22:30:05.810569 #53388] DEBUG -- response: content-type: "application/json; charset=UTF-8"
content-length: "31"
I, [2012-04-05T22:30:05.812891 #53388]  INFO -- : get http://172.20.10.2:9200/for_creation_with_settings_and_mappings/_settings
D, [2012-04-05T22:30:05.812997 #53388] DEBUG -- request: authorization: "Basic QWxhZGRpbjpvcGVuIHNlc2FtZQ=="
I, [2012-04-05T22:30:05.818325 #53388]  INFO -- Status: 200
D, [2012-04-05T22:30:05.818488 #53388] DEBUG -- response: content-type: "application/json; charset=UTF-8"
content-length: "151"
I, [2012-04-05T22:30:05.820500 #53388]  INFO -- : put http://172.20.10.2:9200/_template/foo
D, [2012-04-05T22:30:05.820606 #53388] DEBUG -- request: authorization: "Basic QWxhZGRpbjpvcGVuIHNlc2FtZQ=="
I, [2012-04-05T22:30:05.829291 #53388]  INFO -- Status: 200
D, [2012-04-05T22:30:05.829438 #53388] DEBUG -- response: content-type: "application/json; charset=UTF-8"
content-length: "31"
I, [2012-04-05T22:30:05.831360 #53388]  INFO -- : put http://172.20.10.2:9200/_template/foo
D, [2012-04-05T22:30:05.831447 #53388] DEBUG -- request: authorization: "Basic QWxhZGRpbjpvcGVuIHNlc2FtZQ=="
I, [2012-04-05T22:30:05.835061 #53388]  INFO -- Status: 200
D, [2012-04-05T22:30:05.835183 #53388] DEBUG -- response: content-type: "application/json; charset=UTF-8"
content-length: "31"
I, [2012-04-05T22:30:05.836538 #53388]  INFO -- : get http://172.20.10.2:9200/_template/foo
D, [2012-04-05T22:30:05.836596 #53388] DEBUG -- request: authorization: "Basic QWxhZGRpbjpvcGVuIHNlc2FtZQ=="
I, [2012-04-05T22:30:05.839563 #53388]  INFO -- Status: 200
D, [2012-04-05T22:30:05.839667 #53388] DEBUG -- response: content-type: "application/json; charset=UTF-8"
content-length: "195"
I, [2012-04-05T22:30:05.841157 #53388]  INFO -- : put http://172.20.10.2:9200/_template/foo
D, [2012-04-05T22:30:05.841216 #53388] DEBUG -- request: authorization: "Basic QWxhZGRpbjpvcGVuIHNlc2FtZQ=="
I, [2012-04-05T22:30:05.844744 #53388]  INFO -- Status: 200
D, [2012-04-05T22:30:05.844960 #53388] DEBUG -- response: content-type: "application/json; charset=UTF-8"
content-length: "31"
I, [2012-04-05T22:30:05.846885 #53388]  INFO -- : delete http://172.20.10.2:9200/_template/foo
D, [2012-04-05T22:30:05.847046 #53388] DEBUG -- request: authorization: "Basic QWxhZGRpbjpvcGVuIHNlc2FtZQ=="
I, [2012-04-05T22:30:05.856895 #53388]  INFO -- Status: 200
D, [2012-04-05T22:30:05.857067 #53388] DEBUG -- response: content-type: "application/json; charset=UTF-8"
content-length: "31"
I, [2012-04-05T22:30:05.859191 #53388]  INFO -- : put http://172.20.10.2:9200/abc
D, [2012-04-05T22:30:05.859346 #53388] DEBUG -- request: authorization: "Basic QWxhZGRpbjpvcGVuIHNlc2FtZQ=="
I, [2012-04-05T22:30:05.968074 #53388]  INFO -- Status: 200
D, [2012-04-05T22:30:05.968247 #53388] DEBUG -- response: content-type: "application/json; charset=UTF-8"
content-length: "31"
I, [2012-04-05T22:30:05.970172 #53388]  INFO -- : put http://172.20.10.2:9200/def
D, [2012-04-05T22:30:05.970317 #53388] DEBUG -- request: authorization: "Basic QWxhZGRpbjpvcGVuIHNlc2FtZQ=="
I, [2012-04-05T22:30:06.097254 #53388]  INFO -- Status: 200
D, [2012-04-05T22:30:06.097413 #53388] DEBUG -- response: content-type: "application/json; charset=UTF-8"
content-length: "31"
I, [2012-04-05T22:30:06.099075 #53388]  INFO -- : post http://172.20.10.2:9200/_aliases
D, [2012-04-05T22:30:06.099181 #53388] DEBUG -- request: authorization: "Basic QWxhZGRpbjpvcGVuIHNlc2FtZQ=="
I, [2012-04-05T22:30:06.146275 #53388]  INFO -- Status: 200
D, [2012-04-05T22:30:06.146424 #53388] DEBUG -- response: content-type: "application/json; charset=UTF-8"
content-length: "31"
I, [2012-04-05T22:30:06.148299 #53388]  INFO -- : get http://172.20.10.2:9200/alias/_status
D, [2012-04-05T22:30:06.148437 #53388] DEBUG -- request: authorization: "Basic QWxhZGRpbjpvcGVuIHNlc2FtZQ=="
I, [2012-04-05T22:30:06.158464 #53388]  INFO -- Status: 200
D, [2012-04-05T22:30:06.158626 #53388] DEBUG -- response: content-type: "application/json; charset=UTF-8"
content-length: "7245"
I, [2012-04-05T22:30:06.203962 #53388]  INFO -- : post http://172.20.10.2:9200/default/_refresh
D, [2012-04-05T22:30:06.204121 #53388] DEBUG -- request: authorization: "Basic QWxhZGRpbjpvcGVuIHNlc2FtZQ=="
I, [2012-04-05T22:30:06.206831 #53388]  INFO -- Status: 200
D, [2012-04-05T22:30:06.206997 #53388] DEBUG -- response: content-type: "application/json; charset=UTF-8"
content-length: "60"
I, [2012-04-05T22:30:06.209230 #53388]  INFO -- : post http://172.20.10.2:9200/default/_gateway/snapshot
D, [2012-04-05T22:30:06.209396 #53388] DEBUG -- request: authorization: "Basic QWxhZGRpbjpvcGVuIHNlc2FtZQ=="
I, [2012-04-05T22:30:06.217307 #53388]  INFO -- Status: 200
D, [2012-04-05T22:30:06.217481 #53388] DEBUG -- response: content-type: "application/json; charset=UTF-8"
content-length: "59"
I, [2012-04-05T22:30:06.219937 #53388]  INFO -- : post http://172.20.10.2:9200/default/_cache/clear?filter
D, [2012-04-05T22:30:06.220090 #53388] DEBUG -- request: authorization: "Basic QWxhZGRpbjpvcGVuIHNlc2FtZQ=="
I, [2012-04-05T22:30:06.224205 #53388]  INFO -- Status: 200
D, [2012-04-05T22:30:06.224346 #53388] DEBUG -- response: content-type: "application/json; charset=UTF-8"
content-length: "60"
I, [2012-04-05T22:30:06.226148 #53388]  INFO -- : post http://172.20.10.2:9200/default/_flush
D, [2012-04-05T22:30:06.226265 #53388] DEBUG -- request: authorization: "Basic QWxhZGRpbjpvcGVuIHNlc2FtZQ=="
I, [2012-04-05T22:30:06.236384 #53388]  INFO -- Status: 200
D, [2012-04-05T22:30:06.236616 #53388] DEBUG -- response: content-type: "application/json; charset=UTF-8"
content-length: "60"
I, [2012-04-05T22:30:06.239177 #53388]  INFO -- : post http://172.20.10.2:9200/default/_refresh
D, [2012-04-05T22:30:06.239343 #53388] DEBUG -- request: authorization: "Basic QWxhZGRpbjpvcGVuIHNlc2FtZQ=="
I, [2012-04-05T22:30:06.243709 #53388]  INFO -- Status: 200
D, [2012-04-05T22:30:06.243891 #53388] DEBUG -- response: content-type: "application/json; charset=UTF-8"
content-length: "60"
I, [2012-04-05T22:30:06.245803 #53388]  INFO -- : put http://172.20.10.2:9200/for_closing
D, [2012-04-05T22:30:06.245921 #53388] DEBUG -- request: authorization: "Basic QWxhZGRpbjpvcGVuIHNlc2FtZQ=="
I, [2012-04-05T22:30:06.344474 #53388]  INFO -- Status: 200
D, [2012-04-05T22:30:06.344645 #53388] DEBUG -- response: content-type: "application/json; charset=UTF-8"
content-length: "31"
I, [2012-04-05T22:30:06.346866 #53388]  INFO -- : post http://172.20.10.2:9200/for_closing/_close
D, [2012-04-05T22:30:06.347003 #53388] DEBUG -- request: authorization: "Basic QWxhZGRpbjpvcGVuIHNlc2FtZQ=="
I, [2012-04-05T22:30:06.402695 #53388]  INFO -- Status: 200
D, [2012-04-05T22:30:06.402858 #53388] DEBUG -- response: content-type: "application/json; charset=UTF-8"
content-length: "31"
I, [2012-04-05T22:30:06.405034 #53388]  INFO -- : post http://172.20.10.2:9200/default/_refresh
D, [2012-04-05T22:30:06.405189 #53388] DEBUG -- request: authorization: "Basic QWxhZGRpbjpvcGVuIHNlc2FtZQ=="
I, [2012-04-05T22:30:06.407483 #53388]  INFO -- Status: 200
D, [2012-04-05T22:30:06.407610 #53388] DEBUG -- response: content-type: "application/json; charset=UTF-8"
content-length: "60"
I, [2012-04-05T22:30:06.409357 #53388]  INFO -- : get http://172.20.10.2:9200/for_closing/_status
D, [2012-04-05T22:30:06.409474 #53388] DEBUG -- request: authorization: "Basic QWxhZGRpbjpvcGVuIHNlc2FtZQ=="
I, [2012-04-05T22:30:06.411885 #53388]  INFO -- Status: 200
D, [2012-04-05T22:30:06.412022 #53388] DEBUG -- response: content-type: "application/json; charset=UTF-8"
content-length: "72"
I, [2012-04-05T22:30:06.413754 #53388]  INFO -- : put http://172.20.10.2:9200/for_reopening
D, [2012-04-05T22:30:06.413874 #53388] DEBUG -- request: authorization: "Basic QWxhZGRpbjpvcGVuIHNlc2FtZQ=="
I, [2012-04-05T22:30:06.512660 #53388]  INFO -- Status: 200
D, [2012-04-05T22:30:06.512815 #53388] DEBUG -- response: content-type: "application/json; charset=UTF-8"
content-length: "31"
I, [2012-04-05T22:30:06.515229 #53388]  INFO -- : post http://172.20.10.2:9200/for_reopening/_close
D, [2012-04-05T22:30:06.515387 #53388] DEBUG -- request: authorization: "Basic QWxhZGRpbjpvcGVuIHNlc2FtZQ=="
I, [2012-04-05T22:30:06.564877 #53388]  INFO -- Status: 200
D, [2012-04-05T22:30:06.565060 #53388] DEBUG -- response: content-type: "application/json; charset=UTF-8"
content-length: "31"
I, [2012-04-05T22:30:06.567319 #53388]  INFO -- : post http://172.20.10.2:9200/for_reopening/_open
D, [2012-04-05T22:30:06.567460 #53388] DEBUG -- request: authorization: "Basic QWxhZGRpbjpvcGVuIHNlc2FtZQ=="
I, [2012-04-05T22:30:06.671943 #53388]  INFO -- Status: 200
D, [2012-04-05T22:30:06.672113 #53388] DEBUG -- response: content-type: "application/json; charset=UTF-8"
content-length: "31"
I, [2012-04-05T22:30:06.675305 #53388]  INFO -- : get http://172.20.10.2:9200/for_reopening/_status
D, [2012-04-05T22:30:06.675467 #53388] DEBUG -- request: authorization: "Basic QWxhZGRpbjpvcGVuIHNlc2FtZQ=="
I, [2012-04-05T22:30:06.688965 #53388]  INFO -- Status: 200
D, [2012-04-05T22:30:06.689145 #53388] DEBUG -- response: content-type: "application/json; charset=UTF-8"
content-length: "3285"
I, [2012-04-05T22:30:06.691408 #53388]  INFO -- : put http://172.20.10.2:9200/mappings
D, [2012-04-05T22:30:06.691562 #53388] DEBUG -- request: authorization: "Basic QWxhZGRpbjpvcGVuIHNlc2FtZQ=="
I, [2012-04-05T22:30:06.788496 #53388]  INFO -- Status: 200
D, [2012-04-05T22:30:06.788656 #53388] DEBUG -- response: content-type: "application/json; charset=UTF-8"
content-length: "31"
I, [2012-04-05T22:30:06.791019 #53388]  INFO -- : put http://172.20.10.2:9200/mappings/type1/_mapping
D, [2012-04-05T22:30:06.791169 #53388] DEBUG -- request: authorization: "Basic QWxhZGRpbjpvcGVuIHNlc2FtZQ=="
I, [2012-04-05T22:30:06.824052 #53388]  INFO -- Status: 200
D, [2012-04-05T22:30:06.824183 #53388] DEBUG -- response: content-type: "application/json; charset=UTF-8"
content-length: "31"
I, [2012-04-05T22:30:06.826081 #53388]  INFO -- : get http://172.20.10.2:9200/mappings/type1/_mapping
D, [2012-04-05T22:30:06.826177 #53388] DEBUG -- request: authorization: "Basic QWxhZGRpbjpvcGVuIHNlc2FtZQ=="
I, [2012-04-05T22:30:06.829642 #53388]  INFO -- Status: 200
D, [2012-04-05T22:30:06.829804 #53388] DEBUG -- response: content-type: "application/json; charset=UTF-8"
content-length: "104"
I, [2012-04-05T22:30:06.832301 #53388]  INFO -- : post http://172.20.10.2:9200/default/_refresh
D, [2012-04-05T22:30:06.832425 #53388] DEBUG -- request: 
I, [2012-04-05T22:30:06.834394 #53388]  INFO -- Status: 200
D, [2012-04-05T22:30:06.834501 #53388] DEBUG -- response: content-type: "application/json; charset=UTF-8"
content-length: "60"
I, [2012-04-05T22:30:06.836155 #53388]  INFO -- : post http://172.20.10.2:9200/default/_refresh
D, [2012-04-05T22:30:06.836231 #53388] DEBUG -- request: 
I, [2012-04-05T22:30:06.838075 #53388]  INFO -- Status: 200
D, [2012-04-05T22:30:06.838181 #53388] DEBUG -- response: content-type: "application/json; charset=UTF-8"
content-length: "60"
I, [2012-04-05T22:30:06.840324 #53388]  INFO -- : post http://172.20.10.2:9200/default/_search
D, [2012-04-05T22:30:06.840409 #53388] DEBUG -- request: 
I, [2012-04-05T22:30:06.875509 #53388]  INFO -- Status: 200
D, [2012-04-05T22:30:06.875646 #53388] DEBUG -- response: content-type: "application/json; charset=UTF-8"
content-length: "123"
I, [2012-04-05T22:30:06.877511 #53388]  INFO -- : post http://172.20.10.2:9200/default/_refresh
D, [2012-04-05T22:30:06.877629 #53388] DEBUG -- request: 
I, [2012-04-05T22:30:06.880089 #53388]  INFO -- Status: 200
D, [2012-04-05T22:30:06.880247 #53388] DEBUG -- response: content-type: "application/json; charset=UTF-8"
content-length: "60"
I, [2012-04-05T22:30:06.882489 #53388]  INFO -- : post http://172.20.10.2:9200/default/_count
D, [2012-04-05T22:30:06.882570 #53388] DEBUG -- request: 
I, [2012-04-05T22:30:06.887525 #53388]  INFO -- Status: 200
D, [2012-04-05T22:30:06.887704 #53388] DEBUG -- response: content-type: "application/json; charset=UTF-8"
content-length: "59"
I, [2012-04-05T22:30:06.890044 #53388]  INFO -- : post http://172.20.10.2:9200/default/_refresh
D, [2012-04-05T22:30:06.890151 #53388] DEBUG -- request: 
I, [2012-04-05T22:30:06.892135 #53388]  INFO -- Status: 200
D, [2012-04-05T22:30:06.892253 #53388] DEBUG -- response: content-type: "application/json; charset=UTF-8"
content-length: "60"
I, [2012-04-05T22:30:06.894212 #53388]  INFO -- : put http://172.20.10.2:9200/default/bar/200
D, [2012-04-05T22:30:06.894295 #53388] DEBUG -- request: 
I, [2012-04-05T22:30:06.897895 #53388]  INFO -- Status: 201
D, [2012-04-05T22:30:06.898056 #53388] DEBUG -- response: content-type: "application/json; charset=UTF-8"
content-length: "69"
I, [2012-04-05T22:30:06.900775 #53388]  INFO -- : get http://172.20.10.2:9200/default/bar/200/_mlt?types%5B0%5D=bar
D, [2012-04-05T22:30:06.900906 #53388] DEBUG -- request: 
I, [2012-04-05T22:30:06.927565 #53388]  INFO -- Status: 200
D, [2012-04-05T22:30:06.927714 #53388] DEBUG -- response: content-type: "application/json; charset=UTF-8"
content-length: "123"
I, [2012-04-05T22:30:06.930155 #53388]  INFO -- : post http://172.20.10.2:9200/default/_refresh
D, [2012-04-05T22:30:06.930282 #53388] DEBUG -- request: 
I, [2012-04-05T22:30:06.936867 #53388]  INFO -- Status: 200
D, [2012-04-05T22:30:06.937001 #53388] DEBUG -- response: content-type: "application/json; charset=UTF-8"
content-length: "60"
I, [2012-04-05T22:30:06.938765 #53388]  INFO -- : post http://172.20.10.2:9200/default/_search
D, [2012-04-05T22:30:06.938842 #53388] DEBUG -- request: 
I, [2012-04-05T22:30:06.943417 #53388]  INFO -- Status: 200
D, [2012-04-05T22:30:06.943588 #53388] DEBUG -- response: content-type: "application/json; charset=UTF-8"
content-length: "122"
I, [2012-04-05T22:30:32.794182 #53437]  INFO -- : delete http://172.20.10.2:9200/_all
D, [2012-04-05T22:30:32.794408 #53437] DEBUG -- request: 
I, [2012-04-05T22:30:33.495274 #53437]  INFO -- Status: 200
D, [2012-04-05T22:30:33.495406 #53437] DEBUG -- response: content-type: "application/json; charset=UTF-8"
content-length: "31"
I, [2012-04-05T22:30:33.538121 #53437]  INFO -- : put http://172.20.10.2:9200/_bulk?index=default
D, [2012-04-05T22:30:33.538235 #53437] DEBUG -- request: 
I, [2012-04-05T22:30:33.906985 #53437]  INFO -- Status: 200
D, [2012-04-05T22:30:33.907160 #53437] DEBUG -- response: content-type: "application/json; charset=UTF-8"
content-length: "40914"
I, [2012-04-05T22:30:33.912557 #53437]  INFO -- : put http://172.20.10.2:9200/for_deletion
D, [2012-04-05T22:30:33.912703 #53437] DEBUG -- request: 
I, [2012-04-05T22:30:34.051414 #53437]  INFO -- Status: 200
D, [2012-04-05T22:30:34.051536 #53437] DEBUG -- response: content-type: "application/json; charset=UTF-8"
content-length: "31"
I, [2012-04-05T22:30:34.053037 #53437]  INFO -- : delete http://172.20.10.2:9200/for_creation
D, [2012-04-05T22:30:34.053141 #53437] DEBUG -- request: 
I, [2012-04-05T22:30:34.062157 #53437]  INFO -- Status: 404
D, [2012-04-05T22:30:34.062292 #53437] DEBUG -- response: content-type: "application/json; charset=UTF-8"
content-length: "70"
I, [2012-04-05T22:30:34.064134 #53437]  INFO -- : delete http://172.20.10.2:9200/for_creation_with_settings_and_mappings
D, [2012-04-05T22:30:34.064249 #53437] DEBUG -- request: 
I, [2012-04-05T22:30:34.067432 #53437]  INFO -- Status: 404
D, [2012-04-05T22:30:34.067562 #53437] DEBUG -- response: content-type: "application/json; charset=UTF-8"
content-length: "97"
I, [2012-04-05T22:30:34.068946 #53437]  INFO -- : delete http://172.20.10.2:9200/abc
D, [2012-04-05T22:30:34.069037 #53437] DEBUG -- request: 
I, [2012-04-05T22:30:34.074764 #53437]  INFO -- Status: 404
D, [2012-04-05T22:30:34.074953 #53437] DEBUG -- response: content-type: "application/json; charset=UTF-8"
content-length: "61"
I, [2012-04-05T22:30:34.076568 #53437]  INFO -- : delete http://172.20.10.2:9200/def
D, [2012-04-05T22:30:34.076671 #53437] DEBUG -- request: 
I, [2012-04-05T22:30:34.080420 #53437]  INFO -- Status: 404
D, [2012-04-05T22:30:34.080580 #53437] DEBUG -- response: content-type: "application/json; charset=UTF-8"
content-length: "61"
I, [2012-04-05T22:30:34.082284 #53437]  INFO -- : post http://172.20.10.2:9200/for_closing/_open
D, [2012-04-05T22:30:34.082388 #53437] DEBUG -- request: 
I, [2012-04-05T22:30:34.087151 #53437]  INFO -- Status: 404
D, [2012-04-05T22:30:34.087320 #53437] DEBUG -- response: content-type: "application/json; charset=UTF-8"
content-length: "69"
I, [2012-04-05T22:30:34.089043 #53437]  INFO -- : delete http://172.20.10.2:9200/for_closing
D, [2012-04-05T22:30:34.089171 #53437] DEBUG -- request: 
I, [2012-04-05T22:30:34.092547 #53437]  INFO -- Status: 404
D, [2012-04-05T22:30:34.092704 #53437] DEBUG -- response: content-type: "application/json; charset=UTF-8"
content-length: "69"
I, [2012-04-05T22:30:34.094469 #53437]  INFO -- : delete http://172.20.10.2:9200/for_reopening
D, [2012-04-05T22:30:34.094644 #53437] DEBUG -- request: 
I, [2012-04-05T22:30:34.098086 #53437]  INFO -- Status: 404
D, [2012-04-05T22:30:34.098245 #53437] DEBUG -- response: content-type: "application/json; charset=UTF-8"
content-length: "71"
I, [2012-04-05T22:30:34.099941 #53437]  INFO -- : delete http://172.20.10.2:9200/mappings
D, [2012-04-05T22:30:34.100068 #53437] DEBUG -- request: 
I, [2012-04-05T22:30:34.107445 #53437]  INFO -- Status: 404
D, [2012-04-05T22:30:34.107620 #53437] DEBUG -- response: content-type: "application/json; charset=UTF-8"
content-length: "66"
I, [2012-04-05T22:30:34.120442 #53437]  INFO -- : get http://172.20.10.2:9200/_cluster/health/default
D, [2012-04-05T22:30:34.120568 #53437] DEBUG -- request: 
I, [2012-04-05T22:30:34.126967 #53437]  INFO -- Status: 200
D, [2012-04-05T22:30:34.127104 #53437] DEBUG -- response: content-type: "application/json; charset=UTF-8"
content-length: "225"
I, [2012-04-05T22:30:34.128720 #53437]  INFO -- : get http://172.20.10.2:9200/_cluster/state?indices%5B0%5D=default
D, [2012-04-05T22:30:34.128807 #53437] DEBUG -- request: 
I, [2012-04-05T22:30:34.135569 #53437]  INFO -- Status: 200
D, [2012-04-05T22:30:34.135736 #53437] DEBUG -- response: content-type: "application/json; charset=UTF-8"
content-length: "5349"
I, [2012-04-05T22:30:34.137976 #53437]  INFO -- : get http://172.20.10.2:9200/_cluster/state?filter_metadata&indices%5B0%5D=default
D, [2012-04-05T22:30:34.138101 #53437] DEBUG -- request: 
I, [2012-04-05T22:30:34.141520 #53437]  INFO -- Status: 200
D, [2012-04-05T22:30:34.141662 #53437] DEBUG -- response: content-type: "application/json; charset=UTF-8"
content-length: "4938"
I, [2012-04-05T22:30:34.143804 #53437]  INFO -- : get http://172.20.10.2:9200/_cluster/nodes/?index=default
D, [2012-04-05T22:30:34.143912 #53437] DEBUG -- request: 
I, [2012-04-05T22:30:34.147570 #53437]  INFO -- Status: 200
D, [2012-04-05T22:30:34.147730 #53437] DEBUG -- response: content-type: "application/json; charset=UTF-8"
content-length: "242"
I, [2012-04-05T22:30:34.150509 #53437]  INFO -- : get http://172.20.10.2:9200/_cluster/nodes/non_existant_node?index=default
D, [2012-04-05T22:30:34.150678 #53437] DEBUG -- request: 
I, [2012-04-05T22:30:34.159155 #53437]  INFO -- Status: 200
D, [2012-04-05T22:30:34.159365 #53437] DEBUG -- response: content-type: "application/json; charset=UTF-8"
content-length: "53"
I, [2012-04-05T22:30:34.161222 #53437]  INFO -- : get http://172.20.10.2:9200/_cluster/nodes/stats?index=default
D, [2012-04-05T22:30:34.161325 #53437] DEBUG -- request: 
I, [2012-04-05T22:30:34.169793 #53437]  INFO -- Status: 200
D, [2012-04-05T22:30:34.169954 #53437] DEBUG -- response: content-type: "application/json; charset=UTF-8"
content-length: "1299"
I, [2012-04-05T22:30:34.172103 #53437]  INFO -- : put http://172.20.10.2:9200/default/bar/600
D, [2012-04-05T22:30:34.172219 #53437] DEBUG -- request: 
I, [2012-04-05T22:30:34.182761 #53437]  INFO -- Status: 201
D, [2012-04-05T22:30:34.182972 #53437] DEBUG -- response: content-type: "application/json; charset=UTF-8"
content-length: "69"
I, [2012-04-05T22:30:34.185355 #53437]  INFO -- : put http://172.20.10.2:9200/default/bar/600
D, [2012-04-05T22:30:34.185495 #53437] DEBUG -- request: 
I, [2012-04-05T22:30:34.189120 #53437]  INFO -- Status: 200
D, [2012-04-05T22:30:34.189282 #53437] DEBUG -- response: content-type: "application/json; charset=UTF-8"
content-length: "69"
I, [2012-04-05T22:30:34.191280 #53437]  INFO -- : get http://172.20.10.2:9200/default/bar/600
D, [2012-04-05T22:30:34.191402 #53437] DEBUG -- request: 
I, [2012-04-05T22:30:34.203153 #53437]  INFO -- Status: 200
D, [2012-04-05T22:30:34.203326 #53437] DEBUG -- response: content-type: "application/json; charset=UTF-8"
content-length: "101"
I, [2012-04-05T22:30:34.205626 #53437]  INFO -- : put http://172.20.10.2:9200/default/bar/600
D, [2012-04-05T22:30:34.205761 #53437] DEBUG -- request: 
I, [2012-04-05T22:30:34.209030 #53437]  INFO -- Status: 200
D, [2012-04-05T22:30:34.209204 #53437] DEBUG -- response: content-type: "application/json; charset=UTF-8"
content-length: "69"
I, [2012-04-05T22:30:34.211229 #53437]  INFO -- : delete http://172.20.10.2:9200/default/bar/600
D, [2012-04-05T22:30:34.211353 #53437] DEBUG -- request: 
I, [2012-04-05T22:30:34.217291 #53437]  INFO -- Status: 200
D, [2012-04-05T22:30:34.217472 #53437] DEBUG -- response: content-type: "application/json; charset=UTF-8"
content-length: "82"
I, [2012-04-05T22:30:34.219431 #53437]  INFO -- : put http://172.20.10.2:9200/test
D, [2012-04-05T22:30:34.219557 #53437] DEBUG -- request: 
I, [2012-04-05T22:30:34.323101 #53437]  INFO -- Status: 200
D, [2012-04-05T22:30:34.323233 #53437] DEBUG -- response: content-type: "application/json; charset=UTF-8"
content-length: "31"
I, [2012-04-05T22:30:34.324944 #53437]  INFO -- : put http://172.20.10.2:9200/_percolator/test/kuku
D, [2012-04-05T22:30:34.325034 #53437] DEBUG -- request: 
I, [2012-04-05T22:30:34.415571 #53437]  INFO -- Status: 201
D, [2012-04-05T22:30:34.415739 #53437] DEBUG -- response: content-type: "application/json; charset=UTF-8"
content-length: "75"
I, [2012-04-05T22:30:34.417706 #53437]  INFO -- : post http://172.20.10.2:9200/default/_refresh
D, [2012-04-05T22:30:34.417774 #53437] DEBUG -- request: 
I, [2012-04-05T22:30:34.438316 #53437]  INFO -- Status: 200
D, [2012-04-05T22:30:34.438440 #53437] DEBUG -- response: content-type: "application/json; charset=UTF-8"
content-length: "60"
I, [2012-04-05T22:30:34.439885 #53437]  INFO -- : post http://172.20.10.2:9200/test/type1/_percolate
D, [2012-04-05T22:30:34.439944 #53437] DEBUG -- request: 
I, [2012-04-05T22:30:34.451097 #53437]  INFO -- Status: 200
D, [2012-04-05T22:30:34.451228 #53437] DEBUG -- response: content-type: "application/json; charset=UTF-8"
content-length: "30"
I, [2012-04-05T22:30:34.453576 #53437]  INFO -- : get http://172.20.10.2:9200/missing/foo/1
D, [2012-04-05T22:30:34.453635 #53437] DEBUG -- request: authorization: "Basic QWxhZGRpbjpvcGVuIHNlc2FtZQ=="
I, [2012-04-05T22:30:34.455239 #53437]  INFO -- Status: 404
D, [2012-04-05T22:30:34.455325 #53437] DEBUG -- response: content-type: "application/json; charset=UTF-8"
content-length: "65"
I, [2012-04-05T22:30:34.457126 #53437]  INFO -- : get http://172.20.10.2:9200/missing//
D, [2012-04-05T22:30:34.457206 #53437] DEBUG -- request: authorization: "Basic QWxhZGRpbjpvcGVuIHNlc2FtZQ=="
I, [2012-04-05T22:30:34.459960 #53437]  INFO -- Status: 400
D, [2012-04-05T22:30:34.460061 #53437] DEBUG -- response: content-type: "text/plain; charset=UTF-8"
content-length: "54"
I, [2012-04-05T22:30:34.461481 #53437]  INFO -- : put http://172.20.10.2:9200/existing
D, [2012-04-05T22:30:34.461539 #53437] DEBUG -- request: authorization: "Basic QWxhZGRpbjpvcGVuIHNlc2FtZQ=="
I, [2012-04-05T22:30:34.567031 #53437]  INFO -- Status: 200
D, [2012-04-05T22:30:34.567195 #53437] DEBUG -- response: content-type: "application/json; charset=UTF-8"
content-length: "31"
I, [2012-04-05T22:30:34.569398 #53437]  INFO -- : post http://172.20.10.2:9200/default/_refresh
D, [2012-04-05T22:30:34.569557 #53437] DEBUG -- request: authorization: "Basic QWxhZGRpbjpvcGVuIHNlc2FtZQ=="
I, [2012-04-05T22:30:34.571520 #53437]  INFO -- Status: 200
D, [2012-04-05T22:30:34.571652 #53437] DEBUG -- response: content-type: "application/json; charset=UTF-8"
content-length: "60"
I, [2012-04-05T22:30:34.573386 #53437]  INFO -- : get http://172.20.10.2:9200/existing/foo/81923123
D, [2012-04-05T22:30:34.573470 #53437] DEBUG -- request: authorization: "Basic QWxhZGRpbjpvcGVuIHNlc2FtZQ=="
I, [2012-04-05T22:30:34.575573 #53437]  INFO -- Status: 404
D, [2012-04-05T22:30:34.575701 #53437] DEBUG -- response: content-type: "application/json; charset=UTF-8"
content-length: "67"
I, [2012-04-05T22:30:34.577909 #53437]  INFO -- : delete http://172.20.10.2:9200/for_deletion
D, [2012-04-05T22:30:34.578005 #53437] DEBUG -- request: authorization: "Basic QWxhZGRpbjpvcGVuIHNlc2FtZQ=="
I, [2012-04-05T22:30:34.637463 #53437]  INFO -- Status: 200
D, [2012-04-05T22:30:34.637619 #53437] DEBUG -- response: content-type: "application/json; charset=UTF-8"
content-length: "31"
I, [2012-04-05T22:30:34.639324 #53437]  INFO -- : put http://172.20.10.2:9200/for_creation
D, [2012-04-05T22:30:34.639425 #53437] DEBUG -- request: authorization: "Basic QWxhZGRpbjpvcGVuIHNlc2FtZQ=="
I, [2012-04-05T22:30:34.758104 #53437]  INFO -- Status: 200
D, [2012-04-05T22:30:34.758269 #53437] DEBUG -- response: content-type: "application/json; charset=UTF-8"
content-length: "31"
I, [2012-04-05T22:30:34.760469 #53437]  INFO -- : put http://172.20.10.2:9200/for_creation_with_settings_and_mappings
D, [2012-04-05T22:30:34.760614 #53437] DEBUG -- request: authorization: "Basic QWxhZGRpbjpvcGVuIHNlc2FtZQ=="
I, [2012-04-05T22:30:34.846051 #53437]  INFO -- Status: 200
D, [2012-04-05T22:30:34.846221 #53437] DEBUG -- response: content-type: "application/json; charset=UTF-8"
content-length: "31"
I, [2012-04-05T22:30:34.848678 #53437]  INFO -- : get http://172.20.10.2:9200/for_creation_with_settings_and_mappings/_settings
D, [2012-04-05T22:30:34.848817 #53437] DEBUG -- request: authorization: "Basic QWxhZGRpbjpvcGVuIHNlc2FtZQ=="
I, [2012-04-05T22:30:34.852821 #53437]  INFO -- Status: 200
D, [2012-04-05T22:30:34.852981 #53437] DEBUG -- response: content-type: "application/json; charset=UTF-8"
content-length: "151"
I, [2012-04-05T22:30:34.854827 #53437]  INFO -- : put http://172.20.10.2:9200/_template/foo
D, [2012-04-05T22:30:34.854933 #53437] DEBUG -- request: authorization: "Basic QWxhZGRpbjpvcGVuIHNlc2FtZQ=="
I, [2012-04-05T22:30:34.865203 #53437]  INFO -- Status: 200
D, [2012-04-05T22:30:34.865337 #53437] DEBUG -- response: content-type: "application/json; charset=UTF-8"
content-length: "31"
I, [2012-04-05T22:30:34.867311 #53437]  INFO -- : put http://172.20.10.2:9200/_template/foo
D, [2012-04-05T22:30:34.867422 #53437] DEBUG -- request: authorization: "Basic QWxhZGRpbjpvcGVuIHNlc2FtZQ=="
I, [2012-04-05T22:30:34.872122 #53437]  INFO -- Status: 200
D, [2012-04-05T22:30:34.872305 #53437] DEBUG -- response: content-type: "application/json; charset=UTF-8"
content-length: "31"
I, [2012-04-05T22:30:34.874127 #53437]  INFO -- : get http://172.20.10.2:9200/_template/foo
D, [2012-04-05T22:30:34.874243 #53437] DEBUG -- request: authorization: "Basic QWxhZGRpbjpvcGVuIHNlc2FtZQ=="
I, [2012-04-05T22:30:34.878196 #53437]  INFO -- Status: 200
D, [2012-04-05T22:30:34.878363 #53437] DEBUG -- response: content-type: "application/json; charset=UTF-8"
content-length: "195"
I, [2012-04-05T22:30:34.880506 #53437]  INFO -- : put http://172.20.10.2:9200/_template/foo
D, [2012-04-05T22:30:34.880704 #53437] DEBUG -- request: authorization: "Basic QWxhZGRpbjpvcGVuIHNlc2FtZQ=="
I, [2012-04-05T22:30:34.888930 #53437]  INFO -- Status: 200
D, [2012-04-05T22:30:34.889090 #53437] DEBUG -- response: content-type: "application/json; charset=UTF-8"
content-length: "31"
I, [2012-04-05T22:30:34.890774 #53437]  INFO -- : delete http://172.20.10.2:9200/_template/foo
D, [2012-04-05T22:30:34.890864 #53437] DEBUG -- request: authorization: "Basic QWxhZGRpbjpvcGVuIHNlc2FtZQ=="
I, [2012-04-05T22:30:34.899311 #53437]  INFO -- Status: 200
D, [2012-04-05T22:30:34.899523 #53437] DEBUG -- response: content-type: "application/json; charset=UTF-8"
content-length: "31"
I, [2012-04-05T22:30:34.901078 #53437]  INFO -- : put http://172.20.10.2:9200/abc
D, [2012-04-05T22:30:34.901158 #53437] DEBUG -- request: authorization: "Basic QWxhZGRpbjpvcGVuIHNlc2FtZQ=="
I, [2012-04-05T22:30:35.002215 #53437]  INFO -- Status: 200
D, [2012-04-05T22:30:35.002375 #53437] DEBUG -- response: content-type: "application/json; charset=UTF-8"
content-length: "31"
I, [2012-04-05T22:30:35.004384 #53437]  INFO -- : put http://172.20.10.2:9200/def
D, [2012-04-05T22:30:35.004533 #53437] DEBUG -- request: authorization: "Basic QWxhZGRpbjpvcGVuIHNlc2FtZQ=="
I, [2012-04-05T22:30:35.137163 #53437]  INFO -- Status: 200
D, [2012-04-05T22:30:35.137328 #53437] DEBUG -- response: content-type: "application/json; charset=UTF-8"
content-length: "31"
I, [2012-04-05T22:30:35.139050 #53437]  INFO -- : post http://172.20.10.2:9200/_aliases
D, [2012-04-05T22:30:35.139169 #53437] DEBUG -- request: authorization: "Basic QWxhZGRpbjpvcGVuIHNlc2FtZQ=="
I, [2012-04-05T22:30:35.194672 #53437]  INFO -- Status: 200
D, [2012-04-05T22:30:35.194833 #53437] DEBUG -- response: content-type: "application/json; charset=UTF-8"
content-length: "31"
I, [2012-04-05T22:30:35.196540 #53437]  INFO -- : get http://172.20.10.2:9200/alias/_status
D, [2012-04-05T22:30:35.196642 #53437] DEBUG -- request: authorization: "Basic QWxhZGRpbjpvcGVuIHNlc2FtZQ=="
I, [2012-04-05T22:30:35.205678 #53437]  INFO -- Status: 200
D, [2012-04-05T22:30:35.205818 #53437] DEBUG -- response: content-type: "application/json; charset=UTF-8"
content-length: "7245"
I, [2012-04-05T22:30:35.248216 #53437]  INFO -- : post http://172.20.10.2:9200/default/_refresh
D, [2012-04-05T22:30:35.248368 #53437] DEBUG -- request: authorization: "Basic QWxhZGRpbjpvcGVuIHNlc2FtZQ=="
I, [2012-04-05T22:30:35.250927 #53437]  INFO -- Status: 200
D, [2012-04-05T22:30:35.251094 #53437] DEBUG -- response: content-type: "application/json; charset=UTF-8"
content-length: "60"
I, [2012-04-05T22:30:35.253487 #53437]  INFO -- : post http://172.20.10.2:9200/default/_gateway/snapshot
D, [2012-04-05T22:30:35.253629 #53437] DEBUG -- request: authorization: "Basic QWxhZGRpbjpvcGVuIHNlc2FtZQ=="
I, [2012-04-05T22:30:35.261450 #53437]  INFO -- Status: 200
D, [2012-04-05T22:30:35.261619 #53437] DEBUG -- response: content-type: "application/json; charset=UTF-8"
content-length: "59"
I, [2012-04-05T22:30:35.263622 #53437]  INFO -- : post http://172.20.10.2:9200/default/_cache/clear?filter
D, [2012-04-05T22:30:35.263719 #53437] DEBUG -- request: authorization: "Basic QWxhZGRpbjpvcGVuIHNlc2FtZQ=="
I, [2012-04-05T22:30:35.267474 #53437]  INFO -- Status: 200
D, [2012-04-05T22:30:35.267633 #53437] DEBUG -- response: content-type: "application/json; charset=UTF-8"
content-length: "60"
I, [2012-04-05T22:30:35.269850 #53437]  INFO -- : post http://172.20.10.2:9200/default/_flush
D, [2012-04-05T22:30:35.269975 #53437] DEBUG -- request: authorization: "Basic QWxhZGRpbjpvcGVuIHNlc2FtZQ=="
I, [2012-04-05T22:30:35.282072 #53437]  INFO -- Status: 200
D, [2012-04-05T22:30:35.282281 #53437] DEBUG -- response: content-type: "application/json; charset=UTF-8"
content-length: "60"
I, [2012-04-05T22:30:35.285032 #53437]  INFO -- : post http://172.20.10.2:9200/default/_refresh
D, [2012-04-05T22:30:35.285154 #53437] DEBUG -- request: authorization: "Basic QWxhZGRpbjpvcGVuIHNlc2FtZQ=="
I, [2012-04-05T22:30:35.287479 #53437]  INFO -- Status: 200
D, [2012-04-05T22:30:35.287609 #53437] DEBUG -- response: content-type: "application/json; charset=UTF-8"
content-length: "60"
I, [2012-04-05T22:30:35.289014 #53437]  INFO -- : put http://172.20.10.2:9200/for_closing
D, [2012-04-05T22:30:35.289074 #53437] DEBUG -- request: authorization: "Basic QWxhZGRpbjpvcGVuIHNlc2FtZQ=="
I, [2012-04-05T22:30:35.365179 #53437]  INFO -- Status: 200
D, [2012-04-05T22:30:35.365340 #53437] DEBUG -- response: content-type: "application/json; charset=UTF-8"
content-length: "31"
I, [2012-04-05T22:30:35.367569 #53437]  INFO -- : post http://172.20.10.2:9200/for_closing/_close
D, [2012-04-05T22:30:35.367745 #53437] DEBUG -- request: authorization: "Basic QWxhZGRpbjpvcGVuIHNlc2FtZQ=="
I, [2012-04-05T22:30:35.417574 #53437]  INFO -- Status: 200
D, [2012-04-05T22:30:35.417709 #53437] DEBUG -- response: content-type: "application/json; charset=UTF-8"
content-length: "31"
I, [2012-04-05T22:30:35.419349 #53437]  INFO -- : post http://172.20.10.2:9200/default/_refresh
D, [2012-04-05T22:30:35.419439 #53437] DEBUG -- request: authorization: "Basic QWxhZGRpbjpvcGVuIHNlc2FtZQ=="
I, [2012-04-05T22:30:35.421351 #53437]  INFO -- Status: 200
D, [2012-04-05T22:30:35.421449 #53437] DEBUG -- response: content-type: "application/json; charset=UTF-8"
content-length: "60"
I, [2012-04-05T22:30:35.423020 #53437]  INFO -- : get http://172.20.10.2:9200/for_closing/_status
D, [2012-04-05T22:30:35.423098 #53437] DEBUG -- request: authorization: "Basic QWxhZGRpbjpvcGVuIHNlc2FtZQ=="
I, [2012-04-05T22:30:35.425012 #53437]  INFO -- Status: 200
D, [2012-04-05T22:30:35.425118 #53437] DEBUG -- response: content-type: "application/json; charset=UTF-8"
content-length: "72"
I, [2012-04-05T22:30:35.427394 #53437]  INFO -- : put http://172.20.10.2:9200/for_reopening
D, [2012-04-05T22:30:35.427487 #53437] DEBUG -- request: authorization: "Basic QWxhZGRpbjpvcGVuIHNlc2FtZQ=="
I, [2012-04-05T22:30:35.512046 #53437]  INFO -- Status: 200
D, [2012-04-05T22:30:35.512210 #53437] DEBUG -- response: content-type: "application/json; charset=UTF-8"
content-length: "31"
I, [2012-04-05T22:30:35.514402 #53437]  INFO -- : post http://172.20.10.2:9200/for_reopening/_close
D, [2012-04-05T22:30:35.514535 #53437] DEBUG -- request: authorization: "Basic QWxhZGRpbjpvcGVuIHNlc2FtZQ=="
I, [2012-04-05T22:30:35.552869 #53437]  INFO -- Status: 200
D, [2012-04-05T22:30:35.553005 #53437] DEBUG -- response: content-type: "application/json; charset=UTF-8"
content-length: "31"
I, [2012-04-05T22:30:35.554512 #53437]  INFO -- : post http://172.20.10.2:9200/for_reopening/_open
D, [2012-04-05T22:30:35.554579 #53437] DEBUG -- request: authorization: "Basic QWxhZGRpbjpvcGVuIHNlc2FtZQ=="
I, [2012-04-05T22:30:35.620563 #53437]  INFO -- Status: 200
D, [2012-04-05T22:30:35.620695 #53437] DEBUG -- response: content-type: "application/json; charset=UTF-8"
content-length: "31"
I, [2012-04-05T22:30:35.623023 #53437]  INFO -- : get http://172.20.10.2:9200/for_reopening/_status
D, [2012-04-05T22:30:35.623161 #53437] DEBUG -- request: authorization: "Basic QWxhZGRpbjpvcGVuIHNlc2FtZQ=="
I, [2012-04-05T22:30:35.630826 #53437]  INFO -- Status: 200
D, [2012-04-05T22:30:35.630960 #53437] DEBUG -- response: content-type: "application/json; charset=UTF-8"
content-length: "3285"
I, [2012-04-05T22:30:35.632652 #53437]  INFO -- : put http://172.20.10.2:9200/mappings
D, [2012-04-05T22:30:35.632741 #53437] DEBUG -- request: authorization: "Basic QWxhZGRpbjpvcGVuIHNlc2FtZQ=="
I, [2012-04-05T22:30:35.713315 #53437]  INFO -- Status: 200
D, [2012-04-05T22:30:35.713458 #53437] DEBUG -- response: content-type: "application/json; charset=UTF-8"
content-length: "31"
I, [2012-04-05T22:30:35.716112 #53437]  INFO -- : put http://172.20.10.2:9200/mappings/type1/_mapping
D, [2012-04-05T22:30:35.716261 #53437] DEBUG -- request: authorization: "Basic QWxhZGRpbjpvcGVuIHNlc2FtZQ=="
I, [2012-04-05T22:30:35.748021 #53437]  INFO -- Status: 200
D, [2012-04-05T22:30:35.748149 #53437] DEBUG -- response: content-type: "application/json; charset=UTF-8"
content-length: "31"
I, [2012-04-05T22:30:35.749946 #53437]  INFO -- : get http://172.20.10.2:9200/mappings/type1/_mapping
D, [2012-04-05T22:30:35.750031 #53437] DEBUG -- request: authorization: "Basic QWxhZGRpbjpvcGVuIHNlc2FtZQ=="
I, [2012-04-05T22:30:35.753444 #53437]  INFO -- Status: 200
D, [2012-04-05T22:30:35.753603 #53437] DEBUG -- response: content-type: "application/json; charset=UTF-8"
content-length: "104"
I, [2012-04-05T22:30:35.755751 #53437]  INFO -- : post http://172.20.10.2:9200/default/_refresh
D, [2012-04-05T22:30:35.755848 #53437] DEBUG -- request: 
I, [2012-04-05T22:30:35.757616 #53437]  INFO -- Status: 200
D, [2012-04-05T22:30:35.757741 #53437] DEBUG -- response: content-type: "application/json; charset=UTF-8"
content-length: "60"
I, [2012-04-05T22:30:35.759591 #53437]  INFO -- : post http://172.20.10.2:9200/default/_refresh
D, [2012-04-05T22:30:35.759666 #53437] DEBUG -- request: 
I, [2012-04-05T22:30:35.761044 #53437]  INFO -- Status: 200
D, [2012-04-05T22:30:35.761128 #53437] DEBUG -- response: content-type: "application/json; charset=UTF-8"
content-length: "60"
I, [2012-04-05T22:30:35.762903 #53437]  INFO -- : post http://172.20.10.2:9200/default/_search
D, [2012-04-05T22:30:35.762960 #53437] DEBUG -- request: 
I, [2012-04-05T22:30:35.790367 #53437]  INFO -- Status: 200
D, [2012-04-05T22:30:35.790545 #53437] DEBUG -- response: content-type: "application/json; charset=UTF-8"
content-length: "123"
I, [2012-04-05T22:30:35.792841 #53437]  INFO -- : post http://172.20.10.2:9200/default/_refresh
D, [2012-04-05T22:30:35.792941 #53437] DEBUG -- request: 
I, [2012-04-05T22:30:35.795477 #53437]  INFO -- Status: 200
D, [2012-04-05T22:30:35.795604 #53437] DEBUG -- response: content-type: "application/json; charset=UTF-8"
content-length: "60"
I, [2012-04-05T22:30:35.797331 #53437]  INFO -- : post http://172.20.10.2:9200/default/_count
D, [2012-04-05T22:30:35.797393 #53437] DEBUG -- request: 
I, [2012-04-05T22:30:35.802102 #53437]  INFO -- Status: 200
D, [2012-04-05T22:30:35.802240 #53437] DEBUG -- response: content-type: "application/json; charset=UTF-8"
content-length: "59"
I, [2012-04-05T22:30:35.804021 #53437]  INFO -- : post http://172.20.10.2:9200/default/_refresh
D, [2012-04-05T22:30:35.804106 #53437] DEBUG -- request: 
I, [2012-04-05T22:30:35.806102 #53437]  INFO -- Status: 200
D, [2012-04-05T22:30:35.806222 #53437] DEBUG -- response: content-type: "application/json; charset=UTF-8"
content-length: "60"
I, [2012-04-05T22:30:35.808070 #53437]  INFO -- : put http://172.20.10.2:9200/default/bar/200
D, [2012-04-05T22:30:35.808161 #53437] DEBUG -- request: 
I, [2012-04-05T22:30:35.811631 #53437]  INFO -- Status: 201
D, [2012-04-05T22:30:35.811766 #53437] DEBUG -- response: content-type: "application/json; charset=UTF-8"
content-length: "69"
I, [2012-04-05T22:30:35.813877 #53437]  INFO -- : get http://172.20.10.2:9200/default/bar/200/_mlt?types%5B0%5D=bar
D, [2012-04-05T22:30:35.813994 #53437] DEBUG -- request: 
I, [2012-04-05T22:30:35.842114 #53437]  INFO -- Status: 200
D, [2012-04-05T22:30:35.842246 #53437] DEBUG -- response: content-type: "application/json; charset=UTF-8"
content-length: "123"
I, [2012-04-05T22:30:35.843989 #53437]  INFO -- : post http://172.20.10.2:9200/default/_refresh
D, [2012-04-05T22:30:35.844061 #53437] DEBUG -- request: 
I, [2012-04-05T22:30:35.849578 #53437]  INFO -- Status: 200
D, [2012-04-05T22:30:35.849702 #53437] DEBUG -- response: content-type: "application/json; charset=UTF-8"
content-length: "60"
I, [2012-04-05T22:30:35.851350 #53437]  INFO -- : post http://172.20.10.2:9200/default/_search
D, [2012-04-05T22:30:35.851401 #53437] DEBUG -- request: 
I, [2012-04-05T22:30:35.854461 #53437]  INFO -- Status: 200
D, [2012-04-05T22:30:35.854565 #53437] DEBUG -- response: content-type: "application/json; charset=UTF-8"
content-length: "122"
